Archive member included to satisfy reference by file (symbol)

C:/Users/Andres/Documents/GitHub/Shank2.0/Programacion/CCS/tivac_EK-TM4C123GXL_l3g-arduino-master/Debug\libtivac_EK-TM4C123GXL_l3g-arduino-master.a(L3G.o)
                              ./shank.o (L3G::L3G())
C:/Users/Andres/Documents/GitHub/Shank2.0/Programacion/CCS/tivac_EK-TM4C123GXL_Wire/Debug\libtivac_EK-TM4C123GXL_Wire.a(Wire.o)
                              C:/Users/Andres/Documents/GitHub/Shank2.0/Programacion/CCS/tivac_EK-TM4C123GXL_l3g-arduino-master/Debug\libtivac_EK-TM4C123GXL_l3g-arduino-master.a(L3G.o) (TwoWire::available())
C:/Users/Andres/Documents/GitHub/Shank2.0/Programacion/CCS/tivac_EK-TM4C123GXL_core/Debug\libtivac_EK-TM4C123GXL_core.a(startup_gcc.o)
                              (ResetISR)
C:/Users/Andres/Documents/GitHub/Shank2.0/Programacion/CCS/tivac_EK-TM4C123GXL_core/Debug\libtivac_EK-TM4C123GXL_core.a(WInterrupts.o)
                              C:/Users/Andres/Documents/GitHub/Shank2.0/Programacion/CCS/tivac_EK-TM4C123GXL_core/Debug\libtivac_EK-TM4C123GXL_core.a(startup_gcc.o) (GPIOAIntHandler)
C:/Users/Andres/Documents/GitHub/Shank2.0/Programacion/CCS/tivac_EK-TM4C123GXL_core/Debug\libtivac_EK-TM4C123GXL_core.a(wiring.o)
                              ./shank.o (millis)
C:/Users/Andres/Documents/GitHub/Shank2.0/Programacion/CCS/tivac_EK-TM4C123GXL_core/Debug\libtivac_EK-TM4C123GXL_core.a(wiring_analog.o)
                              ./shank.o (analogReadResolution)
C:/Users/Andres/Documents/GitHub/Shank2.0/Programacion/CCS/tivac_EK-TM4C123GXL_core/Debug\libtivac_EK-TM4C123GXL_core.a(wiring_digital.o)
                              ./shank.o (pinMode)
C:/Users/Andres/Documents/GitHub/Shank2.0/Programacion/CCS/tivac_EK-TM4C123GXL_core/Debug\libtivac_EK-TM4C123GXL_core.a(HardwareSerial.o)
                              ./shank.o (HardwareSerial::available())
C:/Users/Andres/Documents/GitHub/Shank2.0/Programacion/CCS/tivac_EK-TM4C123GXL_core/Debug\libtivac_EK-TM4C123GXL_core.a(main.o)
                              C:/Users/Andres/Documents/GitHub/Shank2.0/Programacion/CCS/tivac_EK-TM4C123GXL_core/Debug\libtivac_EK-TM4C123GXL_core.a(startup_gcc.o) (_init)
C:/Users/Andres/Documents/GitHub/Shank2.0/Programacion/CCS/tivac_EK-TM4C123GXL_core/Debug\libtivac_EK-TM4C123GXL_core.a(Print.o)
                              C:/Users/Andres/Documents/GitHub/Shank2.0/Programacion/CCS/tivac_EK-TM4C123GXL_core/Debug\libtivac_EK-TM4C123GXL_core.a(HardwareSerial.o) (Print::write(unsigned char const*, unsigned int))
C:/Users/Andres/Documents/GitHub/Shank2.0/Programacion/CCS/tivac_EK-TM4C123GXL_core/Debug\libtivac_EK-TM4C123GXL_core.a(new.o)
                              C:/Users/Andres/Documents/GitHub/Shank2.0/Programacion/CCS/tivac_EK-TM4C123GXL_core/Debug\libtivac_EK-TM4C123GXL_core.a(Print.o) (__cxa_pure_virtual)
C:/Users/Andres/AppData/Local/Energia15/packages/energia/hardware/tivac/1.0.3/system/driverlib\libdriverlib.a(eeprom.o)
                              C:/Users/Andres/Documents/GitHub/Shank2.0/Programacion/CCS/tivac_EK-TM4C123GXL_core/Debug\libtivac_EK-TM4C123GXL_core.a(main.o) (EEPROMMassErase)
C:/Users/Andres/AppData/Local/Energia15/packages/energia/hardware/tivac/1.0.3/system/driverlib\libdriverlib.a(gpio.o)
                              C:/Users/Andres/Documents/GitHub/Shank2.0/Programacion/CCS/tivac_EK-TM4C123GXL_core/Debug\libtivac_EK-TM4C123GXL_core.a(wiring_digital.o) (GPIOPadConfigSet)
C:/Users/Andres/AppData/Local/Energia15/packages/energia/hardware/tivac/1.0.3/system/driverlib\libdriverlib.a(i2c.o)
                              C:/Users/Andres/Documents/GitHub/Shank2.0/Programacion/CCS/tivac_EK-TM4C123GXL_Wire/Debug\libtivac_EK-TM4C123GXL_Wire.a(Wire.o) (I2CSlaveEnable)
C:/Users/Andres/AppData/Local/Energia15/packages/energia/hardware/tivac/1.0.3/system/driverlib\libdriverlib.a(interrupt.o)
                              C:/Users/Andres/AppData/Local/Energia15/packages/energia/hardware/tivac/1.0.3/system/driverlib\libdriverlib.a(gpio.o) (IntRegister)
C:/Users/Andres/AppData/Local/Energia15/packages/energia/hardware/tivac/1.0.3/system/driverlib\libdriverlib.a(pwm.o)
                              ./shank.o (PWMGenConfigure)
C:/Users/Andres/AppData/Local/Energia15/packages/energia/hardware/tivac/1.0.3/system/driverlib\libdriverlib.a(sysctl.o)
                              ./shank.o (SysCtlPeripheralReady)
C:/Users/Andres/AppData/Local/Energia15/packages/energia/hardware/tivac/1.0.3/system/driverlib\libdriverlib.a(cpu.o)
                              C:/Users/Andres/AppData/Local/Energia15/packages/energia/hardware/tivac/1.0.3/system/driverlib\libdriverlib.a(interrupt.o) (CPUcpsid)
c:/users/andres/appdata/local/energia15/packages/energia/tools/arm-none-eabi-gcc/6.3.1-20170620/bin/../lib/gcc/arm-none-eabi/6.3.1/../../../../arm-none-eabi/lib/thumb/v7e-m/fpv4-sp/hard\libm.a(lib_a-wf_sqrt.o)
[...]
Memory Configuration

Name             Origin             Length             Attributes
flash            0x00000000         0x00040000         xr
ram              0x20000000         0x00008000         xrw
*default*        0x00000000         0xffffffff

Linker script and memory map

LOAD ./shank.o
START GROUP

.text           0x00000000     0x336c
                0x00000000                . = ALIGN (0x4)
                0x00000000                _text = .
 *(.isr_vector)
 .isr_vector    0x00000000      0x26c C:/Users/Andres/Documents/GitHub/Shank2.0/Programacion/CCS/tivac_EK-TM4C123GXL_core/Debug\libtivac_EK-TM4C123GXL_core.a(startup_gcc.o)
                0x00000000                g_pfnVectors
 *(.text .text* .gnu.linkonce.t.*)
 .text._Z8encSumaAv
                0x0000026c       0x10 ./shank.o
                0x0000026c                encSumaA()
 .text._Z10ledsConfigv
                0x0000027c       0x44 ./shank.o
                0x0000027c                ledsConfig()
 .text._Z10gyroConfigv
                0x000002c0       0xe8 ./shank.o
                0x000002c0                gyroConfig()
 .text._Z14encodersConfigv
                0x000003a8       0x1c ./shank.o
                0x000003a8                encodersConfig()
 .text._Z5mediri
                0x000003c4       0x84 ./shank.o
                0x000003c4                medir(int)
 .text._Z12selectorDatoi
                0x00000448       0x50 ./shank.o
                0x00000448                selectorDato(int)
 .text._Z8leergyrov
                0x00000498      0x108 ./shank.o
                0x00000498                leergyro()
 .text._Z11motorConfigv
                0x000005a0       0xc8 ./shank.o
                0x000005a0                motorConfig()
 .text.setup    0x00000668       0x80 ./shank.o
                0x00000668                setup
 .text.startup._GLOBAL__sub_I_mmxticks
                0x000006e8        0xc ./shank.o
 .text._Z12enviarSerialii
                0x000006f4       0x48 ./shank.o
                0x000006f4                enviarSerial(int, int)
 .text.loop     0x0000073c       0x64 ./shank.o
                0x0000073c                loop
 .text._ZN3L3GC2Ev
                0x000007a0        0xc C:/Users/Andres/Documents/GitHub/Shank2.0/Programacion/CCS/tivac_EK-TM4C123GXL_l3g-arduino-master/Debug\libtivac_EK-TM4C123GXL_l3g-arduino-master.a(L3G.o)
                0x000007a0                L3G::L3G()
                0x000007a0                L3G::L3G()
 .text._ZN3L3G8writeRegEhh
                0x000007ac       0x30 C:/Users/Andres/Documents/GitHub/Shank2.0/Programacion/CCS/tivac_EK-TM4C123GXL_l3g-arduino-master/Debug\libtivac_EK-TM4C123GXL_l3g-arduino-master.a(L3G.o)
                0x000007ac                L3G::writeReg(unsigned char, unsigned char)
 .text._ZN3L3G13enableDefaultEv
                0x000007dc       0x2a C:/Users/Andres/Documents/GitHub/Shank2.0/Programacion/CCS/tivac_EK-TM4C123GXL_l3g-arduino-master/Debug\libtivac_EK-TM4C123GXL_l3g-arduino-master.a(L3G.o)
                0x000007dc                L3G::enableDefault()
 *fill*         0x00000806        0x2 
 .text._ZN3L3G4readEv
                0x00000808       0xa0 C:/Users/Andres/Documents/GitHub/Shank2.0/Programacion/CCS/tivac_EK-TM4C123GXL_l3g-arduino-master/Debug\libtivac_EK-TM4C123GXL_l3g-arduino-master.a(L3G.o)
                0x00000808                L3G::read()
 .text._ZN3L3G7testRegEhNS_7regAddrE
                0x000008a8       0x44 C:/Users/Andres/Documents/GitHub/Shank2.0/Programacion/CCS/tivac_EK-TM4C123GXL_l3g-arduino-master/Debug\libtivac_EK-TM4C123GXL_l3g-arduino-master.a(L3G.o)
                0x000008a8                L3G::testReg(unsigned char, L3G::regAddr)
 .text._ZN3L3G4initENS_10deviceTypeENS_8sa0StateE
                0x000008ec       0xd0 C:/Users/Andres/Documents/GitHub/Shank2.0/Programacion/CCS/tivac_EK-TM4C123GXL_l3g-arduino-master/Debug\libtivac_EK-TM4C123GXL_l3g-arduino-master.a(L3G.o)
                0x000008ec                L3G::init(L3G::deviceType, L3G::sa0State)
 .text._ZN5Print17availableForWriteEv
                0x000009bc        0x4 C:/Users/Andres/Documents/GitHub/Shank2.0/Programacion/CCS/tivac_EK-TM4C123GXL_Wire/Debug\libtivac_EK-TM4C123GXL_Wire.a(Wire.o)
                0x000009bc                Print::availableForWrite()
 .text._ZN7TwoWire5writeEPKhj
                0x000009c0       0x20 C:/Users/Andres/Documents/GitHub/Shank2.0/Programacion/CCS/tivac_EK-TM4C123GXL_Wire/Debug\libtivac_EK-TM4C123GXL_Wire.a(Wire.o)
                0x000009c0                TwoWire::write(unsigned char const*, unsigned int)
 .text._ZN7TwoWire9availableEv
                0x000009e0       0x20 C:/Users/Andres/Documents/GitHub/Shank2.0/Programacion/CCS/tivac_EK-TM4C123GXL_Wire/Debug\libtivac_EK-TM4C123GXL_Wire.a(Wire.o)
                0x000009e0                TwoWire::available()
 .text._ZN7TwoWire4readEv
                0x00000a00       0x3c C:/Users/Andres/Documents/GitHub/Shank2.0/Programacion/CCS/tivac_EK-TM4C123GXL_Wire/Debug\libtivac_EK-TM4C123GXL_Wire.a(Wire.o)
                0x00000a00                TwoWire::read()
 .text._ZN7TwoWire4peekEv
                0x00000a3c       0x24 C:/Users/Andres/Documents/GitHub/Shank2.0/Programacion/CCS/tivac_EK-TM4C123GXL_Wire/Debug\libtivac_EK-TM4C123GXL_Wire.a(Wire.o)
                0x00000a3c                TwoWire::peek()
 .text._ZN7TwoWire5flushEv
                0x00000a60       0x1c C:/Users/Andres/Documents/GitHub/Shank2.0/Programacion/CCS/tivac_EK-TM4C123GXL_Wire/Debug\libtivac_EK-TM4C123GXL_Wire.a(Wire.o)
                0x00000a60                TwoWire::flush()
 .text._ZN7TwoWire5writeEh
                0x00000a7c       0x80 C:/Users/Andres/Documents/GitHub/Shank2.0/Programacion/CCS/tivac_EK-TM4C123GXL_Wire/Debug\libtivac_EK-TM4C123GXL_Wire.a(Wire.o)
                0x00000a7c                TwoWire::write(unsigned char)
 .text._Z8getErrorh
                0x00000afc       0x18 C:/Users/Andres/Documents/GitHub/Shank2.0/Programacion/CCS/tivac_EK-TM4C123GXL_Wire/Debug\libtivac_EK-TM4C123GXL_Wire.a(Wire.o)
                0x00000afc                getError(unsigned char)
 .text._ZN7TwoWire9getRxDataEm
                0x00000b14       0xb4 C:/Users/Andres/Documents/GitHub/Shank2.0/Programacion/CCS/tivac_EK-TM4C123GXL_Wire/Debug\libtivac_EK-TM4C123GXL_Wire.a(Wire.o)
                0x00000b14                TwoWire::getRxData(unsigned long)
 .text._ZN7TwoWire10sendTxDataEmh
                0x00000bc8       0x7c C:/Users/Andres/Documents/GitHub/Shank2.0/Programacion/CCS/tivac_EK-TM4C123GXL_Wire/Debug\libtivac_EK-TM4C123GXL_Wire.a(Wire.o)
                0x00000bc8                TwoWire::sendTxData(unsigned long, unsigned char)
 .text._ZN7TwoWire9forceStopEv
                0x00000c44       0xe4 C:/Users/Andres/Documents/GitHub/Shank2.0/Programacion/CCS/tivac_EK-TM4C123GXL_Wire/Debug\libtivac_EK-TM4C123GXL_Wire.a(Wire.o)
                0x00000c44                TwoWire::forceStop()
 .text._ZN7TwoWire5beginEv
                0x00000d28      0x1ac C:/Users/Andres/Documents/GitHub/Shank2.0/Programacion/CCS/tivac_EK-TM4C123GXL_Wire/Debug\libtivac_EK-TM4C123GXL_Wire.a(Wire.o)
                0x00000d28                TwoWire::begin()
 .text._ZN7TwoWire5beginEh
                0x00000ed4       0xfc C:/Users/Andres/Documents/GitHub/Shank2.0/Programacion/CCS/tivac_EK-TM4C123GXL_Wire/Debug\libtivac_EK-TM4C123GXL_Wire.a(Wire.o)
                0x00000ed4                TwoWire::begin(unsigned char)
 .text._ZN7TwoWire11requestFromEhhh
                0x00000fd0       0xe0 C:/Users/Andres/Documents/GitHub/Shank2.0/Programacion/CCS/tivac_EK-TM4C123GXL_Wire/Debug\libtivac_EK-TM4C123GXL_Wire.a(Wire.o)
                0x00000fd0                TwoWire::requestFrom(unsigned char, unsigned char, unsigned char)
 .text._ZN7TwoWire11requestFromEhh
                0x000010b0        0x6 C:/Users/Andres/Documents/GitHub/Shank2.0/Programacion/CCS/tivac_EK-TM4C123GXL_Wire/Debug\libtivac_EK-TM4C123GXL_Wire.a(Wire.o)
                0x000010b0                TwoWire::requestFrom(unsigned char, unsigned char)
 *fill*         0x000010b6        0x2 
 .text._ZN7TwoWire17beginTransmissionEh
                0x000010b8       0x14 C:/Users/Andres/Documents/GitHub/Shank2.0/Programacion/CCS/tivac_EK-TM4C123GXL_Wire/Debug\libtivac_EK-TM4C123GXL_Wire.a(Wire.o)
                0x000010b8                TwoWire::beginTransmission(unsigned char)
 .text._ZN7TwoWire15endTransmissionEh
                0x000010cc      0x130 C:/Users/Andres/Documents/GitHub/Shank2.0/Programacion/CCS/tivac_EK-TM4C123GXL_Wire/Debug\libtivac_EK-TM4C123GXL_Wire.a(Wire.o)
                0x000010cc                TwoWire::endTransmission(unsigned char)
 .text._ZN7TwoWire15endTransmissionEv
                0x000011fc        0x6 C:/Users/Andres/Documents/GitHub/Shank2.0/Programacion/CCS/tivac_EK-TM4C123GXL_Wire/Debug\libtivac_EK-TM4C123GXL_Wire.a(Wire.o)
                0x000011fc                TwoWire::endTransmission()
 *fill*         0x00001202        0x2 
 .text._ZN7TwoWire13I2CIntHandlerEv
                0x00001204      0x158 C:/Users/Andres/Documents/GitHub/Shank2.0/Programacion/CCS/tivac_EK-TM4C123GXL_Wire/Debug\libtivac_EK-TM4C123GXL_Wire.a(Wire.o)
                0x00001204                TwoWire::I2CIntHandler()
 .text.I2CIntHandler
                0x0000135c        0xc C:/Users/Andres/Documents/GitHub/Shank2.0/Programacion/CCS/tivac_EK-TM4C123GXL_Wire/Debug\libtivac_EK-TM4C123GXL_Wire.a(Wire.o)
                0x0000135c                I2CIntHandler
 .text._ZN7TwoWire9setModuleEm
                0x00001368       0x1c C:/Users/Andres/Documents/GitHub/Shank2.0/Programacion/CCS/tivac_EK-TM4C123GXL_Wire/Debug\libtivac_EK-TM4C123GXL_Wire.a(Wire.o)
                0x00001368                TwoWire::setModule(unsigned long)
 .text.startup._GLOBAL__sub_I__ZN7TwoWire8rxBufferE
                0x00001384       0x1c C:/Users/Andres/Documents/GitHub/Shank2.0/Programacion/CCS/tivac_EK-TM4C123GXL_Wire/Debug\libtivac_EK-TM4C123GXL_Wire.a(Wire.o)
 .text.NmiSR    0x000013a0        0x2 C:/Users/Andres/Documents/GitHub/Shank2.0/Programacion/CCS/tivac_EK-TM4C123GXL_core/Debug\libtivac_EK-TM4C123GXL_core.a(startup_gcc.o)
 .text.FaultISR
                0x000013a2        0x2 C:/Users/Andres/Documents/GitHub/Shank2.0/Programacion/CCS/tivac_EK-TM4C123GXL_core/Debug\libtivac_EK-TM4C123GXL_core.a(startup_gcc.o)
 .text.IntDefaultHandler
                0x000013a4        0x2 C:/Users/Andres/Documents/GitHub/Shank2.0/Programacion/CCS/tivac_EK-TM4C123GXL_core/Debug\libtivac_EK-TM4C123GXL_core.a(startup_gcc.o)
 *fill*         0x000013a6        0x2 
 .text.ResetISR
                0x000013a8       0x98 C:/Users/Andres/Documents/GitHub/Shank2.0/Programacion/CCS/tivac_EK-TM4C123GXL_core/Debug\libtivac_EK-TM4C123GXL_core.a(startup_gcc.o)
                0x000013a8                ResetISR
 .text.ToneIntHandler
                0x00001440        0x2 C:/Users/Andres/Documents/GitHub/Shank2.0/Programacion/CCS/tivac_EK-TM4C123GXL_core/Debug\libtivac_EK-TM4C123GXL_core.a(startup_gcc.o)
                0x00001440                ToneIntHandler
 *fill*         0x00001442        0x2 
 .text._sbrk    0x00001444       0x28 C:/Users/Andres/Documents/GitHub/Shank2.0/Programacion/CCS/tivac_EK-TM4C123GXL_core/Debug\libtivac_EK-TM4C123GXL_core.a(startup_gcc.o)
                0x00001444                _sbrk
 .text.GPIOXIntHandler
                0x0000146c       0x30 C:/Users/Andres/Documents/GitHub/Shank2.0/Programacion/CCS/tivac_EK-TM4C123GXL_core/Debug\libtivac_EK-TM4C123GXL_core.a(WInterrupts.o)
                0x0000146c                GPIOXIntHandler
 .text.GPIOAIntHandler
                0x0000149c       0x10 C:/Users/Andres/Documents/GitHub/Shank2.0/Programacion/CCS/tivac_EK-TM4C123GXL_core/Debug\libtivac_EK-TM4C123GXL_core.a(WInterrupts.o)
                0x0000149c                GPIOAIntHandler
 .text.GPIOBIntHandler
                0x000014ac       0x10 C:/Users/Andres/Documents/GitHub/Shank2.0/Programacion/CCS/tivac_EK-TM4C123GXL_core/Debug\libtivac_EK-TM4C123GXL_core.a(WInterrupts.o)
                0x000014ac                GPIOBIntHandler
 .text.GPIOCIntHandler
                0x000014bc       0x10 C:/Users/Andres/Documents/GitHub/Shank2.0/Programacion/CCS/tivac_EK-TM4C123GXL_core/Debug\libtivac_EK-TM4C123GXL_core.a(WInterrupts.o)
                0x000014bc                GPIOCIntHandler
 .text.GPIODIntHandler
                0x000014cc       0x10 C:/Users/Andres/Documents/GitHub/Shank2.0/Programacion/CCS/tivac_EK-TM4C123GXL_core/Debug\libtivac_EK-TM4C123GXL_core.a(WInterrupts.o)
                0x000014cc                GPIODIntHandler
 .text.GPIOEIntHandler
                0x000014dc       0x10 C:/Users/Andres/Documents/GitHub/Shank2.0/Programacion/CCS/tivac_EK-TM4C123GXL_core/Debug\libtivac_EK-TM4C123GXL_core.a(WInterrupts.o)
                0x000014dc                GPIOEIntHandler
 .text.GPIOFIntHandler
                0x000014ec       0x10 C:/Users/Andres/Documents/GitHub/Shank2.0/Programacion/CCS/tivac_EK-TM4C123GXL_core/Debug\libtivac_EK-TM4C123GXL_core.a(WInterrupts.o)
                0x000014ec                GPIOFIntHandler
 .text.GPIOGIntHandler
                0x000014fc       0x10 C:/Users/Andres/Documents/GitHub/Shank2.0/Programacion/CCS/tivac_EK-TM4C123GXL_core/Debug\libtivac_EK-TM4C123GXL_core.a(WInterrupts.o)
                0x000014fc                GPIOGIntHandler
 .text.GPIOHIntHandler
                0x0000150c       0x10 C:/Users/Andres/Documents/GitHub/Shank2.0/Programacion/CCS/tivac_EK-TM4C123GXL_core/Debug\libtivac_EK-TM4C123GXL_core.a(WInterrupts.o)
                0x0000150c                GPIOHIntHandler
 .text.GPIOJIntHandler
                0x0000151c       0x10 C:/Users/Andres/Documents/GitHub/Shank2.0/Programacion/CCS/tivac_EK-TM4C123GXL_core/Debug\libtivac_EK-TM4C123GXL_core.a(WInterrupts.o)
                0x0000151c                GPIOJIntHandler
 .text.GPIOKIntHandler
                0x0000152c       0x10 C:/Users/Andres/Documents/GitHub/Shank2.0/Programacion/CCS/tivac_EK-TM4C123GXL_core/Debug\libtivac_EK-TM4C123GXL_core.a(WInterrupts.o)
                0x0000152c                GPIOKIntHandler
 .text.GPIOLIntHandler
                0x0000153c       0x10 C:/Users/Andres/Documents/GitHub/Shank2.0/Programacion/CCS/tivac_EK-TM4C123GXL_core/Debug\libtivac_EK-TM4C123GXL_core.a(WInterrupts.o)
                0x0000153c                GPIOLIntHandler
 .text.GPIOMIntHandler
                0x0000154c       0x10 C:/Users/Andres/Documents/GitHub/Shank2.0/Programacion/CCS/tivac_EK-TM4C123GXL_core/Debug\libtivac_EK-TM4C123GXL_core.a(WInterrupts.o)
                0x0000154c                GPIOMIntHandler
 .text.GPIONIntHandler
                0x0000155c       0x10 C:/Users/Andres/Documents/GitHub/Shank2.0/Programacion/CCS/tivac_EK-TM4C123GXL_core/Debug\libtivac_EK-TM4C123GXL_core.a(WInterrupts.o)
                0x0000155c                GPIONIntHandler
 .text.GPIOPIntHandler
                0x0000156c       0x10 C:/Users/Andres/Documents/GitHub/Shank2.0/Programacion/CCS/tivac_EK-TM4C123GXL_core/Debug\libtivac_EK-TM4C123GXL_core.a(WInterrupts.o)
                0x0000156c                GPIOPIntHandler
 .text.GPIOQIntHandler
                0x0000157c       0x10 C:/Users/Andres/Documents/GitHub/Shank2.0/Programacion/CCS/tivac_EK-TM4C123GXL_core/Debug\libtivac_EK-TM4C123GXL_core.a(WInterrupts.o)
                0x0000157c                GPIOQIntHandler
 .text.attachInterrupt
                0x0000158c      0x298 C:/Users/Andres/Documents/GitHub/Shank2.0/Programacion/CCS/tivac_EK-TM4C123GXL_core/Debug\libtivac_EK-TM4C123GXL_core.a(WInterrupts.o)
                0x0000158c                attachInterrupt
 .text.timerInit
                0x00001824       0x58 C:/Users/Andres/Documents/GitHub/Shank2.0/Programacion/CCS/tivac_EK-TM4C123GXL_core/Debug\libtivac_EK-TM4C123GXL_core.a(wiring.o)
                0x00001824                timerInit
 .text.millis   0x0000187c        0xc C:/Users/Andres/Documents/GitHub/Shank2.0/Programacion/CCS/tivac_EK-TM4C123GXL_core/Debug\libtivac_EK-TM4C123GXL_core.a(wiring.o)
                0x0000187c                millis
 .text.delay    0x00001888       0x18 C:/Users/Andres/Documents/GitHub/Shank2.0/Programacion/CCS/tivac_EK-TM4C123GXL_core/Debug\libtivac_EK-TM4C123GXL_core.a(wiring.o)
                0x00001888                delay
 .text.delayMicroseconds
                0x000018a0       0x50 C:/Users/Andres/Documents/GitHub/Shank2.0/Programacion/CCS/tivac_EK-TM4C123GXL_core/Debug\libtivac_EK-TM4C123GXL_core.a(wiring.o)
                0x000018a0                delayMicroseconds
 .text.SysTickIntHandler
                0x000018f0       0x28 C:/Users/Andres/Documents/GitHub/Shank2.0/Programacion/CCS/tivac_EK-TM4C123GXL_core/Debug\libtivac_EK-TM4C123GXL_core.a(wiring.o)
                0x000018f0                SysTickIntHandler
 .text.analogReadResolution
                0x00001918        0xc C:/Users/Andres/Documents/GitHub/Shank2.0/Programacion/CCS/tivac_EK-TM4C123GXL_core/Debug\libtivac_EK-TM4C123GXL_core.a(wiring_analog.o)
                0x00001918                analogReadResolution
 .text.analogRead
                0x00001924       0xe4 C:/Users/Andres/Documents/GitHub/Shank2.0/Programacion/CCS/tivac_EK-TM4C123GXL_core/Debug\libtivac_EK-TM4C123GXL_core.a(wiring_analog.o)
                0x00001924                analogRead
 .text.pinMode  0x00001a08       0xa8 C:/Users/Andres/Documents/GitHub/Shank2.0/Programacion/CCS/tivac_EK-TM4C123GXL_core/Debug\libtivac_EK-TM4C123GXL_core.a(wiring_digital.o)
                0x00001a08                pinMode
 .text.digitalRead
                0x00001ab0       0x38 C:/Users/Andres/Documents/GitHub/Shank2.0/Programacion/CCS/tivac_EK-TM4C123GXL_core/Debug\libtivac_EK-TM4C123GXL_core.a(wiring_digital.o)
                0x00001ab0                digitalRead
 .text.digitalWrite
                0x00001ae8       0x3c C:/Users/Andres/Documents/GitHub/Shank2.0/Programacion/CCS/tivac_EK-TM4C123GXL_core/Debug\libtivac_EK-TM4C123GXL_core.a(wiring_digital.o)
                0x00001ae8                digitalWrite
 .text._ZN14HardwareSerial9availableEv
                0x00001b24       0x12 C:/Users/Andres/Documents/GitHub/Shank2.0/Programacion/CCS/tivac_EK-TM4C123GXL_core/Debug\libtivac_EK-TM4C123GXL_core.a(HardwareSerial.o)
                0x00001b24                HardwareSerial::available()
 .text._ZN14HardwareSerial4peekEv
                0x00001b36       0x12 C:/Users/Andres/Documents/GitHub/Shank2.0/Programacion/CCS/tivac_EK-TM4C123GXL_core/Debug\libtivac_EK-TM4C123GXL_core.a(HardwareSerial.o)
                0x00001b36                HardwareSerial::peek()
 .text._ZN14HardwareSerial4readEv
                0x00001b48       0x26 C:/Users/Andres/Documents/GitHub/Shank2.0/Programacion/CCS/tivac_EK-TM4C123GXL_core/Debug\libtivac_EK-TM4C123GXL_core.a(HardwareSerial.o)
                0x00001b48                HardwareSerial::read()
 *fill*         0x00001b6e        0x2 
 .text._ZN14HardwareSerial5flushEv
                0x00001b70       0x2c C:/Users/Andres/Documents/GitHub/Shank2.0/Programacion/CCS/tivac_EK-TM4C123GXL_core/Debug\libtivac_EK-TM4C123GXL_core.a(HardwareSerial.o)
                0x00001b70                HardwareSerial::flush()
 .text._ZN14HardwareSerialC2Ev
                0x00001b9c       0x30 C:/Users/Andres/Documents/GitHub/Shank2.0/Programacion/CCS/tivac_EK-TM4C123GXL_core/Debug\libtivac_EK-TM4C123GXL_core.a(HardwareSerial.o)
                0x00001b9c                HardwareSerial::HardwareSerial()
                0x00001b9c                HardwareSerial::HardwareSerial()
 .text._ZN14HardwareSerialC2Em
                0x00001bcc       0x30 C:/Users/Andres/Documents/GitHub/Shank2.0/Programacion/CCS/tivac_EK-TM4C123GXL_core/Debug\libtivac_EK-TM4C123GXL_core.a(HardwareSerial.o)
                0x00001bcc                HardwareSerial::HardwareSerial(unsigned long)
                0x00001bcc                HardwareSerial::HardwareSerial(unsigned long)
 .text._ZN14HardwareSerial8flushAllEv
                0x00001bfc       0x34 C:/Users/Andres/Documents/GitHub/Shank2.0/Programacion/CCS/tivac_EK-TM4C123GXL_core/Debug\libtivac_EK-TM4C123GXL_core.a(HardwareSerial.o)
                0x00001bfc                HardwareSerial::flushAll()
 .text._ZN14HardwareSerial13primeTransmitEm
                0x00001c30       0x80 C:/Users/Andres/Documents/GitHub/Shank2.0/Programacion/CCS/tivac_EK-TM4C123GXL_core/Debug\libtivac_EK-TM4C123GXL_core.a(HardwareSerial.o)
                0x00001c30                HardwareSerial::primeTransmit(unsigned long)
 .text._ZN14HardwareSerial5writeEh
                0x00001cb0       0x5c C:/Users/Andres/Documents/GitHub/Shank2.0/Programacion/CCS/tivac_EK-TM4C123GXL_core/Debug\libtivac_EK-TM4C123GXL_core.a(HardwareSerial.o)
                0x00001cb0                HardwareSerial::write(unsigned char)
 .text._ZN14HardwareSerial5beginEm
                0x00001d0c      0x110 C:/Users/Andres/Documents/GitHub/Shank2.0/Programacion/CCS/tivac_EK-TM4C123GXL_core/Debug\libtivac_EK-TM4C123GXL_core.a(HardwareSerial.o)
                0x00001d0c                HardwareSerial::begin(unsigned long)
 .text._ZN14HardwareSerial14UARTIntHandlerEv
                0x00001e1c       0xcc C:/Users/Andres/Documents/GitHub/Shank2.0/Programacion/CCS/tivac_EK-TM4C123GXL_core/Debug\libtivac_EK-TM4C123GXL_core.a(HardwareSerial.o)
                0x00001e1c                HardwareSerial::UARTIntHandler()
 .text.UARTIntHandler
                0x00001ee8        0xc C:/Users/Andres/Documents/GitHub/Shank2.0/Programacion/CCS/tivac_EK-TM4C123GXL_core/Debug\libtivac_EK-TM4C123GXL_core.a(HardwareSerial.o)
                0x00001ee8                UARTIntHandler
 .text.UARTIntHandler1
                0x00001ef4        0xc C:/Users/Andres/Documents/GitHub/Shank2.0/Programacion/CCS/tivac_EK-TM4C123GXL_core/Debug\libtivac_EK-TM4C123GXL_core.a(HardwareSerial.o)
                0x00001ef4                UARTIntHandler1
 .text.UARTIntHandler2
                0x00001f00        0xc C:/Users/Andres/Documents/GitHub/Shank2.0/Programacion/CCS/tivac_EK-TM4C123GXL_core/Debug\libtivac_EK-TM4C123GXL_core.a(HardwareSerial.o)
                0x00001f00                UARTIntHandler2
 .text.UARTIntHandler3
                0x00001f0c        0xc C:/Users/Andres/Documents/GitHub/Shank2.0/Programacion/CCS/tivac_EK-TM4C123GXL_core/Debug\libtivac_EK-TM4C123GXL_core.a(HardwareSerial.o)
                0x00001f0c                UARTIntHandler3
 .text.UARTIntHandler4
                0x00001f18        0xc C:/Users/Andres/Documents/GitHub/Shank2.0/Programacion/CCS/tivac_EK-TM4C123GXL_core/Debug\libtivac_EK-TM4C123GXL_core.a(HardwareSerial.o)
                0x00001f18                UARTIntHandler4
 .text.UARTIntHandler5
                0x00001f24        0xc C:/Users/Andres/Documents/GitHub/Shank2.0/Programacion/CCS/tivac_EK-TM4C123GXL_core/Debug\libtivac_EK-TM4C123GXL_core.a(HardwareSerial.o)
                0x00001f24                UARTIntHandler5
 .text.UARTIntHandler6
                0x00001f30        0xc C:/Users/Andres/Documents/GitHub/Shank2.0/Programacion/CCS/tivac_EK-TM4C123GXL_core/Debug\libtivac_EK-TM4C123GXL_core.a(HardwareSerial.o)
                0x00001f30                UARTIntHandler6
 .text.UARTIntHandler7
                0x00001f3c        0xc C:/Users/Andres/Documents/GitHub/Shank2.0/Programacion/CCS/tivac_EK-TM4C123GXL_core/Debug\libtivac_EK-TM4C123GXL_core.a(HardwareSerial.o)
                0x00001f3c                UARTIntHandler7
 .text._Z11serialEventv
                0x00001f48        0x2 C:/Users/Andres/Documents/GitHub/Shank2.0/Programacion/CCS/tivac_EK-TM4C123GXL_core/Debug\libtivac_EK-TM4C123GXL_core.a(HardwareSerial.o)
                0x00001f48                serialEvent()
 .text._Z12serialEvent1v
                0x00001f4a        0x2 C:/Users/Andres/Documents/GitHub/Shank2.0/Programacion/CCS/tivac_EK-TM4C123GXL_core/Debug\libtivac_EK-TM4C123GXL_core.a(HardwareSerial.o)
                0x00001f4a                serialEvent1()
 .text._Z12serialEvent2v
                0x00001f4c        0x2 C:/Users/Andres/Documents/GitHub/Shank2.0/Programacion/CCS/tivac_EK-TM4C123GXL_core/Debug\libtivac_EK-TM4C123GXL_core.a(HardwareSerial.o)
                0x00001f4c                serialEvent2()
 .text._Z12serialEvent3v
                0x00001f4e        0x2 C:/Users/Andres/Documents/GitHub/Shank2.0/Programacion/CCS/tivac_EK-TM4C123GXL_core/Debug\libtivac_EK-TM4C123GXL_core.a(HardwareSerial.o)
                0x00001f4e                serialEvent3()
 .text._Z12serialEvent4v
                0x00001f50        0x2 C:/Users/Andres/Documents/GitHub/Shank2.0/Programacion/CCS/tivac_EK-TM4C123GXL_core/Debug\libtivac_EK-TM4C123GXL_core.a(HardwareSerial.o)
                0x00001f50                serialEvent4()
 .text._Z12serialEvent5v
                0x00001f52        0x2 C:/Users/Andres/Documents/GitHub/Shank2.0/Programacion/CCS/tivac_EK-TM4C123GXL_core/Debug\libtivac_EK-TM4C123GXL_core.a(HardwareSerial.o)
                0x00001f52                serialEvent5()
 .text._Z12serialEvent6v
                0x00001f54        0x2 C:/Users/Andres/Documents/GitHub/Shank2.0/Programacion/CCS/tivac_EK-TM4C123GXL_core/Debug\libtivac_EK-TM4C123GXL_core.a(HardwareSerial.o)
                0x00001f54                serialEvent6()
 .text._Z12serialEvent7v
                0x00001f56        0x2 C:/Users/Andres/Documents/GitHub/Shank2.0/Programacion/CCS/tivac_EK-TM4C123GXL_core/Debug\libtivac_EK-TM4C123GXL_core.a(HardwareSerial.o)
                0x00001f56                serialEvent7()
 .text._Z14serialEventRunv
                0x00001f58       0x84 C:/Users/Andres/Documents/GitHub/Shank2.0/Programacion/CCS/tivac_EK-TM4C123GXL_core/Debug\libtivac_EK-TM4C123GXL_core.a(HardwareSerial.o)
                0x00001f58                serialEventRun()
 .text.startup._GLOBAL__sub_I__ZN14HardwareSerialC2Ev
                0x00001fdc       0x64 C:/Users/Andres/Documents/GitHub/Shank2.0/Programacion/CCS/tivac_EK-TM4C123GXL_core/Debug\libtivac_EK-TM4C123GXL_core.a(HardwareSerial.o)
 .text._init    0x00002040      0x140 C:/Users/Andres/Documents/GitHub/Shank2.0/Programacion/CCS/tivac_EK-TM4C123GXL_core/Debug\libtivac_EK-TM4C123GXL_core.a(main.o)
                0x00002040                _init
 .text.startup.main
                0x00002180       0x1c C:/Users/Andres/Documents/GitHub/Shank2.0/Programacion/CCS/tivac_EK-TM4C123GXL_core/Debug\libtivac_EK-TM4C123GXL_core.a(main.o)
                0x00002180                main
 .text._ZN5Print5writeEPKhj
                0x0000219c       0x2c C:/Users/Andres/Documents/GitHub/Shank2.0/Programacion/CCS/tivac_EK-TM4C123GXL_core/Debug\libtivac_EK-TM4C123GXL_core.a(Print.o)
                0x0000219c                Print::write(unsigned char const*, unsigned int)
 .text._EEPROMWaitForDone
                0x000021c8       0x10 C:/Users/Andres/AppData/Local/Energia15/packages/energia/hardware/tivac/1.0.3/system/driverlib\libdriverlib.a(eeprom.o)
 .text._EEPROMSectorMaskClear
                0x000021d8       0x34 C:/Users/Andres/AppData/Local/Energia15/packages/energia/hardware/tivac/1.0.3/system/driverlib\libdriverlib.a(eeprom.o)
 .text.EEPROMMassErase
                0x0000220c       0x58 C:/Users/Andres/AppData/Local/Energia15/packages/energia/hardware/tivac/1.0.3/system/driverlib\libdriverlib.a(eeprom.o)
                0x0000220c                EEPROMMassErase
 .text.GPIODirModeSet
                0x00002264       0x2e C:/Users/Andres/AppData/Local/Energia15/packages/energia/hardware/tivac/1.0.3/system/driverlib\libdriverlib.a(gpio.o)
                0x00002264                GPIODirModeSet
 .text.GPIOPadConfigSet
                0x00002292      0x130 C:/Users/Andres/AppData/Local/Energia15/packages/energia/hardware/tivac/1.0.3/system/driverlib\libdriverlib.a(gpio.o)
                0x00002292                GPIOPadConfigSet
 .text.GPIOIntEnable
                0x000023c2        0xc C:/Users/Andres/AppData/Local/Energia15/packages/energia/hardware/tivac/1.0.3/system/driverlib\libdriverlib.a(gpio.o)
                0x000023c2                GPIOIntEnable
 .text.GPIOIntStatus
                0x000023ce        0xe C:/Users/Andres/AppData/Local/Energia15/packages/energia/hardware/tivac/1.0.3/system/driverlib\libdriverlib.a(gpio.o)
                0x000023ce                GPIOIntStatus
 .text.GPIOIntClear
                0x000023dc        0x6 C:/Users/Andres/AppData/Local/Energia15/packages/energia/hardware/tivac/1.0.3/system/driverlib\libdriverlib.a(gpio.o)
                0x000023dc                GPIOIntClear
 .text.GPIOPinTypePWM
                0x000023e2       0x1c C:/Users/Andres/AppData/Local/Energia15/packages/energia/hardware/tivac/1.0.3/system/driverlib\libdriverlib.a(gpio.o)
                0x000023e2                GPIOPinTypePWM
 *fill*         0x000023fe        0x2 
 .text.GPIOPinConfigure
                0x00002400       0x4c C:/Users/Andres/AppData/Local/Energia15/packages/energia/hardware/tivac/1.0.3/system/driverlib\libdriverlib.a(gpio.o)
                0x00002400                GPIOPinConfigure
 .text.I2CSlaveEnable
                0x0000244c       0x10 C:/Users/Andres/AppData/Local/Energia15/packages/energia/hardware/tivac/1.0.3/system/driverlib\libdriverlib.a(i2c.o)
                0x0000244c                I2CSlaveEnable
 .text.I2CSlaveInit
                0x0000245c       0x10 C:/Users/Andres/AppData/Local/Energia15/packages/energia/hardware/tivac/1.0.3/system/driverlib\libdriverlib.a(i2c.o)
                0x0000245c                I2CSlaveInit
 .text.I2CSlaveIntEnableEx
                0x0000246c        0xc C:/Users/Andres/AppData/Local/Energia15/packages/energia/hardware/tivac/1.0.3/system/driverlib\libdriverlib.a(i2c.o)
                0x0000246c                I2CSlaveIntEnableEx
 .text.I2CSlaveStatus
                0x00002478        0x6 C:/Users/Andres/AppData/Local/Energia15/packages/energia/hardware/tivac/1.0.3/system/driverlib\libdriverlib.a(i2c.o)
                0x00002478                I2CSlaveStatus
 .text.I2CSlaveDataPut
                0x0000247e        0x6 C:/Users/Andres/AppData/Local/Energia15/packages/energia/hardware/tivac/1.0.3/system/driverlib\libdriverlib.a(i2c.o)
                0x0000247e                I2CSlaveDataPut
 .text.I2CSlaveDataGet
                0x00002484        0x6 C:/Users/Andres/AppData/Local/Energia15/packages/energia/hardware/tivac/1.0.3/system/driverlib\libdriverlib.a(i2c.o)
                0x00002484                I2CSlaveDataGet
 *fill*         0x0000248a        0x2 
 .text.PWMGenConfigure
                0x0000248c       0x30 C:/Users/Andres/AppData/Local/Energia15/packages/energia/hardware/tivac/1.0.3/system/driverlib\libdriverlib.a(pwm.o)
                0x0000248c                PWMGenConfigure
 .text.PWMGenPeriodSet
                0x000024bc       0x12 C:/Users/Andres/AppData/Local/Energia15/packages/energia/hardware/tivac/1.0.3/system/driverlib\libdriverlib.a(pwm.o)
                0x000024bc                PWMGenPeriodSet
 .text.SysCtlPeripheralReady
                0x000024ce       0x26 C:/Users/Andres/AppData/Local/Energia15/packages/energia/hardware/tivac/1.0.3/system/driverlib\libdriverlib.a(sysctl.o)
                0x000024ce                SysCtlPeripheralReady
 .text.SysCtlPeripheralReset
                0x000024f4       0x3a C:/Users/Andres/AppData/Local/Energia15/packages/energia/hardware/tivac/1.0.3/system/driverlib\libdriverlib.a(sysctl.o)
                0x000024f4                SysCtlPeripheralReset
 .text.SysCtlPeripheralEnable
                0x0000252e       0x22 C:/Users/Andres/AppData/Local/Energia15/packages/energia/hardware/tivac/1.0.3/system/driverlib\libdriverlib.a(sysctl.o)
                0x0000252e                SysCtlPeripheralEnable
 .text.SysCtlLDODeepSleepSet
                0x00002550        0xc C:/Users/Andres/AppData/Local/Energia15/packages/energia/hardware/tivac/1.0.3/system/driverlib\libdriverlib.a(sysctl.o)
                0x00002550                SysCtlLDODeepSleepSet
 .text.SysCtlDeepSleepPowerSet
                0x0000255c        0xc C:/Users/Andres/AppData/Local/Energia15/packages/energia/hardware/tivac/1.0.3/system/driverlib\libdriverlib.a(sysctl.o)
                0x0000255c                SysCtlDeepSleepPowerSet
 .text.SysCtlDelay
                0x00002568        0x8 C:/Users/Andres/AppData/Local/Energia15/packages/energia/hardware/tivac/1.0.3/system/driverlib\libdriverlib.a(sysctl.o)
                0x00002568                SysCtlDelay
 .text.SysCtlPWMClockSet
                0x00002570       0x14 C:/Users/Andres/AppData/Local/Energia15/packages/energia/hardware/tivac/1.0.3/system/driverlib\libdriverlib.a(sysctl.o)
                0x00002570                SysCtlPWMClockSet
 .text.malloc   0x00002584       0x10 c:/users/andres/appdata/local/energia15/packages/energia/tools/arm-none-eabi-gcc/6.3.1-20170620/bin/../lib/gcc/arm-none-eabi/6.3.1/../../../../arm-none-eabi/lib/thumb/v7e-m/fpv4-sp/hard\libc_nano.a(lib_a-malloc.o)
                0x00002584                malloc
 .text.free     0x00002594       0x10 c:/users/andres/appdata/local/energia15/packages/energia/tools/arm-none-eabi-gcc/6.3.1-20170620/bin/../lib/gcc/arm-none-eabi/6.3.1/../../../../arm-none-eabi/lib/thumb/v7e-m/fpv4-sp/hard\libc_nano.a(lib_a-malloc.o)
                0x00002594                free
 .text._free_r  0x000025a4       0x9c c:/users/andres/appdata/local/energia15/packages/energia/tools/arm-none-eabi-gcc/6.3.1-20170620/bin/../lib/gcc/arm-none-eabi/6.3.1/../../../../arm-none-eabi/lib/thumb/v7e-m/fpv4-sp/hard\libc_nano.a(lib_a-nano-freer.o)
                0x000025a4                _free_r
 .text._malloc_r
                0x00002640       0xbc c:/users/andres/appdata/local/energia15/packages/energia/tools/arm-none-eabi-gcc/6.3.1-20170620/bin/../lib/gcc/arm-none-eabi/6.3.1/../../../../arm-none-eabi/lib/thumb/v7e-m/fpv4-sp/hard\libc_nano.a(lib_a-nano-mallocr.o)
                0x00002640                _malloc_r
 .text._sbrk_r  0x000026fc       0x20 c:/users/andres/appdata/local/energia15/packages/energia/tools/arm-none-eabi-gcc/6.3.1-20170620/bin/../lib/gcc/arm-none-eabi/6.3.1/../../../../arm-none-eabi/lib/thumb/v7e-m/fpv4-sp/hard\libc_nano.a(lib_a-sbrkr.o)
                0x000026fc                _sbrk_r
 .text.__malloc_lock
                0x0000271c        0x2 c:/users/andres/appdata/local/energia15/packages/energia/tools/arm-none-eabi-gcc/6.3.1-20170620/bin/../lib/gcc/arm-none-eabi/6.3.1/../../../../arm-none-eabi/lib/thumb/v7e-m/fpv4-sp/hard\libc_nano.a(lib_a-mlock.o)
                0x0000271c                __malloc_lock
 .text.__malloc_unlock
                0x0000271e        0x2 c:/users/andres/appdata/local/energia15/packages/energia/tools/arm-none-eabi-gcc/6.3.1-20170620/bin/../lib/gcc/arm-none-eabi/6.3.1/../../../../arm-none-eabi/lib/thumb/v7e-m/fpv4-sp/hard\libc_nano.a(lib_a-mlock.o)
                0x0000271e                __malloc_unlock
 .text          0x00002720      0x370 c:/users/andres/appdata/local/energia15/packages/energia/tools/arm-none-eabi-gcc/6.3.1-20170620/bin/../lib/gcc/arm-none-eabi/6.3.1/thumb/v7e-m/fpv4-sp/hard\libgcc.a(_arm_addsubdf3.o)
                0x00002720                __aeabi_drsub
                0x00002728                __aeabi_dsub
                0x00002728                __subdf3
                0x0000272c                __aeabi_dadd
                0x0000272c                __adddf3
                0x000029a4                __floatunsidf
                0x000029a4                __aeabi_ui2d
                0x000029c4                __floatsidf
                0x000029c4                __aeabi_i2d
                0x000029e8                __aeabi_f2d
                0x000029e8                __extendsfdf2
                0x00002a24                __floatundidf
                0x00002a24                __aeabi_ul2d
                0x00002a34                __floatdidf
                0x00002a34                __aeabi_l2d
 .text          0x00002a90      0x424 c:/users/andres/appdata/local/energia15/packages/energia/tools/arm-none-eabi-gcc/6.3.1-20170620/bin/../lib/gcc/arm-none-eabi/6.3.1/thumb/v7e-m/fpv4-sp/hard\libgcc.a(_arm_muldivdf3.o)
                0x00002a90                __aeabi_dmul
                0x00002a90                __muldf3
                0x00002ce4                __divdf3
                0x00002ce4                __aeabi_ddiv
 .text          0x00002eb4      0x110 c:/users/andres/appdata/local/energia15/packages/energia/tools/arm-none-eabi-gcc/6.3.1-20170620/bin/../lib/gcc/arm-none-eabi/6.3.1/thumb/v7e-m/fpv4-sp/hard\libgcc.a(_arm_cmpdf2.o)
                0x00002eb4                __gtdf2
                0x00002eb4                __gedf2
                0x00002ebc                __ltdf2
                0x00002ebc                __ledf2
                0x00002ec4                __nedf2
                0x00002ec4                __eqdf2
                0x00002ec4                __cmpdf2
                0x00002f40                __aeabi_cdrcmple
                0x00002f50                __aeabi_cdcmpeq
                0x00002f50                __aeabi_cdcmple
                0x00002f60                __aeabi_dcmpeq
                0x00002f74                __aeabi_dcmplt
                0x00002f88                __aeabi_dcmple
                0x00002f9c                __aeabi_dcmpge
                0x00002fb0                __aeabi_dcmpgt
 .text          0x00002fc4       0x50 c:/users/andres/appdata/local/energia15/packages/energia/tools/arm-none-eabi-gcc/6.3.1-20170620/bin/../lib/gcc/arm-none-eabi/6.3.1/thumb/v7e-m/fpv4-sp/hard\libgcc.a(_arm_fixdfsi.o)
                0x00002fc4                __aeabi_d2iz
                0x00002fc4                __fixdfsi
 *(.glue_7t)
 .glue_7t       0x00003014        0x0 linker stubs
 *(.glue_7)
 .glue_7        0x00003014        0x0 linker stubs
 *(.rodata .rodata* .gnu.linkonce.r.*)
 .rodata._ZL10g_uli2cInt
                0x00003014       0x10 C:/Users/Andres/Documents/GitHub/Shank2.0/Programacion/CCS/tivac_EK-TM4C123GXL_Wire/Debug\libtivac_EK-TM4C123GXL_Wire.a(Wire.o)
 .rodata._ZL11g_uli2cBase
                0x00003024       0x10 C:/Users/Andres/Documents/GitHub/Shank2.0/Programacion/CCS/tivac_EK-TM4C123GXL_Wire/Debug\libtivac_EK-TM4C123GXL_Wire.a(Wire.o)
 .rodata._ZL13g_uli2cConfig
                0x00003034       0x20 C:/Users/Andres/Documents/GitHub/Shank2.0/Programacion/CCS/tivac_EK-TM4C123GXL_Wire/Debug\libtivac_EK-TM4C123GXL_Wire.a(Wire.o)
 .rodata._ZL13g_uli2cPeriph
                0x00003054       0x10 C:/Users/Andres/Documents/GitHub/Shank2.0/Programacion/CCS/tivac_EK-TM4C123GXL_Wire/Debug\libtivac_EK-TM4C123GXL_Wire.a(Wire.o)
 .rodata._ZL14g_uli2cSCLPins
                0x00003064       0x10 C:/Users/Andres/Documents/GitHub/Shank2.0/Programacion/CCS/tivac_EK-TM4C123GXL_Wire/Debug\libtivac_EK-TM4C123GXL_Wire.a(Wire.o)
 .rodata._ZL14g_uli2cSDAPins
                0x00003074       0x10 C:/Users/Andres/Documents/GitHub/Shank2.0/Programacion/CCS/tivac_EK-TM4C123GXL_Wire/Debug\libtivac_EK-TM4C123GXL_Wire.a(Wire.o)
 .rodata._ZL16g_uli2cSlaveBase
                0x00003084       0x10 C:/Users/Andres/Documents/GitHub/Shank2.0/Programacion/CCS/tivac_EK-TM4C123GXL_Wire/Debug\libtivac_EK-TM4C123GXL_Wire.a(Wire.o)
 .rodata._ZTV7TwoWire
                0x00003094       0x24 C:/Users/Andres/Documents/GitHub/Shank2.0/Programacion/CCS/tivac_EK-TM4C123GXL_Wire/Debug\libtivac_EK-TM4C123GXL_Wire.a(Wire.o)
                0x00003094                vtable for TwoWire
 .rodata.digital_pin_to_analog_in
                0x000030b8       0xa4 C:/Users/Andres/Documents/GitHub/Shank2.0/Programacion/CCS/tivac_EK-TM4C123GXL_core/Debug\libtivac_EK-TM4C123GXL_core.a(wiring_digital.o)
                0x000030b8                digital_pin_to_analog_in
 .rodata.digital_pin_to_bit_mask
                0x0000315c       0x29 C:/Users/Andres/Documents/GitHub/Shank2.0/Programacion/CCS/tivac_EK-TM4C123GXL_core/Debug\libtivac_EK-TM4C123GXL_core.a(wiring_digital.o)
                0x0000315c                digital_pin_to_bit_mask
 .rodata.digital_pin_to_port
                0x00003185       0x29 C:/Users/Andres/Documents/GitHub/Shank2.0/Programacion/CCS/tivac_EK-TM4C123GXL_core/Debug\libtivac_EK-TM4C123GXL_core.a(wiring_digital.o)
                0x00003185                digital_pin_to_port
 *fill*         0x000031ae        0x2 
 .rodata.port_to_base
                0x000031b0       0x1c C:/Users/Andres/Documents/GitHub/Shank2.0/Programacion/CCS/tivac_EK-TM4C123GXL_core/Debug\libtivac_EK-TM4C123GXL_core.a(wiring_digital.o)
                0x000031b0                port_to_base
 .rodata._ZL11g_ulUARTInt
                0x000031cc       0x20 C:/Users/Andres/Documents/GitHub/Shank2.0/Programacion/CCS/tivac_EK-TM4C123GXL_core/Debug\libtivac_EK-TM4C123GXL_core.a(HardwareSerial.o)
 .rodata._ZL12g_ulUARTBase
                0x000031ec       0x20 C:/Users/Andres/Documents/GitHub/Shank2.0/Programacion/CCS/tivac_EK-TM4C123GXL_core/Debug\libtivac_EK-TM4C123GXL_core.a(HardwareSerial.o)
 .rodata._ZL12g_ulUARTPins
                0x0000320c       0x20 C:/Users/Andres/Documents/GitHub/Shank2.0/Programacion/CCS/tivac_EK-TM4C123GXL_core/Debug\libtivac_EK-TM4C123GXL_core.a(HardwareSerial.o)
 .rodata._ZL12g_ulUARTPort
                0x0000322c       0x20 C:/Users/Andres/Documents/GitHub/Shank2.0/Programacion/CCS/tivac_EK-TM4C123GXL_core/Debug\libtivac_EK-TM4C123GXL_core.a(HardwareSerial.o)
 .rodata._ZL14g_ulUARTConfig
                0x0000324c       0x40 C:/Users/Andres/Documents/GitHub/Shank2.0/Programacion/CCS/tivac_EK-TM4C123GXL_core/Debug\libtivac_EK-TM4C123GXL_core.a(HardwareSerial.o)
 .rodata._ZL14g_ulUARTPeriph
                0x0000328c       0x20 C:/Users/Andres/Documents/GitHub/Shank2.0/Programacion/CCS/tivac_EK-TM4C123GXL_core/Debug\libtivac_EK-TM4C123GXL_core.a(HardwareSerial.o)
 .rodata._ZTV14HardwareSerial
                0x000032ac       0x24 C:/Users/Andres/Documents/GitHub/Shank2.0/Programacion/CCS/tivac_EK-TM4C123GXL_core/Debug\libtivac_EK-TM4C123GXL_core.a(HardwareSerial.o)
                0x000032ac                vtable for HardwareSerial
 .rodata.g_pui32GPIOBaseAddrs
                0x000032d0       0x90 C:/Users/Andres/AppData/Local/Energia15/packages/energia/hardware/tivac/1.0.3/system/driverlib\libdriverlib.a(gpio.o)
 *(.ARM.extab* .gnu.linkonce.armextab.*)
                0x00003360                . = ALIGN (0x4)
 *(.init)
                0x00003360                . = ALIGN (0x4)
                0x00003360                __preinit_array_start = .
 *(SORT(.preinit_array*))
 *(.preinit_array)
                0x00003360                __preinit_array_end = .
                0x00003360                . = ALIGN (0x4)
                0x00003360                __init_array_start = .
 *(SORT(.init_array.*))
 *(.init_array)
 .init_array    0x00003360        0x4 ./shank.o
 .init_array    0x00003364        0x4 C:/Users/Andres/Documents/GitHub/Shank2.0/Programacion/CCS/tivac_EK-TM4C123GXL_Wire/Debug\libtivac_EK-TM4C123GXL_Wire.a(Wire.o)
 .init_array    0x00003368        0x4 C:/Users/Andres/Documents/GitHub/Shank2.0/Programacion/CCS/tivac_EK-TM4C123GXL_core/Debug\libtivac_EK-TM4C123GXL_core.a(HardwareSerial.o)
                0x0000336c                __init_array_end = .
                0x0000336c                . = ALIGN (0x4)
 *(.fini)
                0x0000336c                . = ALIGN (0x4)
                0x0000336c                __fini_array_start = .
 *(.fini_array)
 *(SORT(.fini_array.*))
                0x0000336c                __fini_array_end = .
                0x0000336c                . = ALIGN (0x4)
                0x0000336c                _etext = .

.vfp11_veneer   0x0000336c        0x0
 .vfp11_veneer  0x0000336c        0x0 linker stubs

.v4_bx          0x0000336c        0x0
 .v4_bx         0x0000336c        0x0 linker stubs

.iplt           0x0000336c        0x0
 .iplt          0x0000336c        0x0 ./shank.o

.rel.dyn        0x0000336c        0x0
 .rel.iplt      0x0000336c        0x0 ./shank.o

.data           0x20000000       0xa8 load address 0x0000336c
                0x20000000                . = ALIGN (0x4)
                0x20000000                _data = .
 *(vtable)
 *(.data .data* .gnu.linkonce.d.*)
 .data.LED1     0x20000000        0x4 ./shank.o
                0x20000000                LED1
 .data.LED2     0x20000004        0x4 ./shank.o
                0x20000004                LED2
 .data.SW1      0x20000008        0x4 ./shank.o
                0x20000008                SW1
 .data.SW2      0x2000000c        0x4 ./shank.o
                0x2000000c                SW2
 .data.emisor1  0x20000010        0x4 ./shank.o
                0x20000010                emisor1
 .data.emisor3  0x20000014        0x4 ./shank.o
                0x20000014                emisor3
 .data.emisor4  0x20000018        0x4 ./shank.o
                0x20000018                emisor4
 .data.emisor6  0x2000001c        0x4 ./shank.o
                0x2000001c                emisor6
 .data.receptor1
                0x20000020        0x4 ./shank.o
                0x20000020                receptor1
 .data.receptor3
                0x20000024        0x4 ./shank.o
                0x20000024                receptor3
 .data.receptor4
                0x20000028        0x4 ./shank.o
                0x20000028                receptor4
 .data.receptor6
                0x2000002c        0x4 ./shank.o
                0x2000002c                receptor6
 .data.sampleNum
                0x20000030        0x4 ./shank.o
                0x20000030                sampleNum
 .data.sampleTime
                0x20000034        0x4 ./shank.o
                0x20000034                sampleTime
 .data.selector
                0x20000038        0x4 ./shank.o
                0x20000038                selector
 .data._ZN7TwoWire9i2cModuleE
                0x2000003c        0x1 C:/Users/Andres/Documents/GitHub/Shank2.0/Programacion/CCS/tivac_EK-TM4C123GXL_Wire/Debug\libtivac_EK-TM4C123GXL_Wire.a(Wire.o)
                0x2000003c                TwoWire::i2cModule
 *fill*         0x2000003d        0x3 
 .data._readResolution
                0x20000040        0x4 C:/Users/Andres/Documents/GitHub/Shank2.0/Programacion/CCS/tivac_EK-TM4C123GXL_core/Debug\libtivac_EK-TM4C123GXL_core.a(wiring_analog.o)
 .data._impure_ptr
                0x20000044        0x4 c:/users/andres/appdata/local/energia15/packages/energia/tools/arm-none-eabi-gcc/6.3.1-20170620/bin/../lib/gcc/arm-none-eabi/6.3.1/../../../../arm-none-eabi/lib/thumb/v7e-m/fpv4-sp/hard\libc_nano.a(lib_a-impure.o)
                0x20000044                _impure_ptr
 .data.impure_data
                0x20000048       0x60 c:/users/andres/appdata/local/energia15/packages/energia/tools/arm-none-eabi-gcc/6.3.1-20170620/bin/../lib/gcc/arm-none-eabi/6.3.1/../../../../arm-none-eabi/lib/thumb/v7e-m/fpv4-sp/hard\libc_nano.a(lib_a-impure.o)
                0x200000a8                _edata = .

.igot.plt       0x200000a8        0x0 load address 0x00003414
 .igot.plt      0x200000a8        0x0 ./shank.o

.bss            0x200000a8      0x4b8 load address 0x00003418
                0x200000a8                . = ALIGN (0x4)
                0x200000a8                _bss = .
 *(.bss .bss*)
 .bss.angle     0x200000a8        0x8 ./shank.o
                0x200000a8                angle
 .bss.dc_offset
                0x200000b0        0x4 ./shank.o
                0x200000b0                dc_offset
 .bss.gyro      0x200000b4       0x14 ./shank.o
                0x200000b4                gyro
 .bss.noise     0x200000c8        0x8 ./shank.o
                0x200000c8                noise
 .bss.prev_rate
                0x200000d0        0x4 ./shank.o
                0x200000d0                prev_rate
 .bss.rate      0x200000d4        0x4 ./shank.o
                0x200000d4                rate
 .bss.ticksEncA
                0x200000d8        0x4 ./shank.o
                0x200000d8                ticksEncA
 .bss.ticksEncB
                0x200000dc        0x4 ./shank.o
                0x200000dc                ticksEncB
 .bss.time      0x200000e0        0x4 ./shank.o
                0x200000e0                time
 .bss.Wire      0x200000e4       0x10 C:/Users/Andres/Documents/GitHub/Shank2.0/Programacion/CCS/tivac_EK-TM4C123GXL_Wire/Debug\libtivac_EK-TM4C123GXL_Wire.a(Wire.o)
                0x200000e4                Wire
 .bss._ZN7TwoWire11rxReadIndexE
                0x200000f4        0x1 C:/Users/Andres/Documents/GitHub/Shank2.0/Programacion/CCS/tivac_EK-TM4C123GXL_Wire/Debug\libtivac_EK-TM4C123GXL_Wire.a(Wire.o)
                0x200000f4                TwoWire::rxReadIndex
 .bss._ZN7TwoWire11txReadIndexE
                0x200000f5        0x1 C:/Users/Andres/Documents/GitHub/Shank2.0/Programacion/CCS/tivac_EK-TM4C123GXL_Wire/Debug\libtivac_EK-TM4C123GXL_Wire.a(Wire.o)
                0x200000f5                TwoWire::txReadIndex
 .bss._ZN7TwoWire12currentStateE
                0x200000f6        0x1 C:/Users/Andres/Documents/GitHub/Shank2.0/Programacion/CCS/tivac_EK-TM4C123GXL_Wire/Debug\libtivac_EK-TM4C123GXL_Wire.a(Wire.o)
                0x200000f6                TwoWire::currentState
 .bss._ZN7TwoWire12rxWriteIndexE
                0x200000f7        0x1 C:/Users/Andres/Documents/GitHub/Shank2.0/Programacion/CCS/tivac_EK-TM4C123GXL_Wire/Debug\libtivac_EK-TM4C123GXL_Wire.a(Wire.o)
                0x200000f7                TwoWire::rxWriteIndex
 .bss._ZN7TwoWire12slaveAddressE
                0x200000f8        0x1 C:/Users/Andres/Documents/GitHub/Shank2.0/Programacion/CCS/tivac_EK-TM4C123GXL_Wire/Debug\libtivac_EK-TM4C123GXL_Wire.a(Wire.o)
                0x200000f8                TwoWire::slaveAddress
 .bss._ZN7TwoWire12transmittingE
                0x200000f9        0x1 C:/Users/Andres/Documents/GitHub/Shank2.0/Programacion/CCS/tivac_EK-TM4C123GXL_Wire/Debug\libtivac_EK-TM4C123GXL_Wire.a(Wire.o)
                0x200000f9                TwoWire::transmitting
 .bss._ZN7TwoWire12txWriteIndexE
                0x200000fa        0x1 C:/Users/Andres/Documents/GitHub/Shank2.0/Programacion/CCS/tivac_EK-TM4C123GXL_Wire/Debug\libtivac_EK-TM4C123GXL_Wire.a(Wire.o)
                0x200000fa                TwoWire::txWriteIndex
 *fill*         0x200000fb        0x1 
 .bss._ZN7TwoWire14user_onReceiveE
                0x200000fc        0x4 C:/Users/Andres/Documents/GitHub/Shank2.0/Programacion/CCS/tivac_EK-TM4C123GXL_Wire/Debug\libtivac_EK-TM4C123GXL_Wire.a(Wire.o)
                0x200000fc                TwoWire::user_onReceive
 .bss._ZN7TwoWire14user_onRequestE
                0x20000100        0x4 C:/Users/Andres/Documents/GitHub/Shank2.0/Programacion/CCS/tivac_EK-TM4C123GXL_Wire/Debug\libtivac_EK-TM4C123GXL_Wire.a(Wire.o)
                0x20000100                TwoWire::user_onRequest
 .bss._ZN7TwoWire8rxBufferE
                0x20000104       0x40 C:/Users/Andres/Documents/GitHub/Shank2.0/Programacion/CCS/tivac_EK-TM4C123GXL_Wire/Debug\libtivac_EK-TM4C123GXL_Wire.a(Wire.o)
                0x20000104                TwoWire::rxBuffer
 .bss._ZN7TwoWire8txBufferE
                0x20000144       0x40 C:/Users/Andres/Documents/GitHub/Shank2.0/Programacion/CCS/tivac_EK-TM4C123GXL_Wire/Debug\libtivac_EK-TM4C123GXL_Wire.a(Wire.o)
                0x20000144                TwoWire::txBuffer
 .bss._ZN7TwoWire9txAddressE
                0x20000184        0x1 C:/Users/Andres/Documents/GitHub/Shank2.0/Programacion/CCS/tivac_EK-TM4C123GXL_Wire/Debug\libtivac_EK-TM4C123GXL_Wire.a(Wire.o)
                0x20000184                TwoWire::txAddress
 *fill*         0x20000185        0x3 
 .bss.heap_end.7693
                0x20000188        0x4 C:/Users/Andres/Documents/GitHub/Shank2.0/Programacion/CCS/tivac_EK-TM4C123GXL_core/Debug\libtivac_EK-TM4C123GXL_core.a(startup_gcc.o)
 .bss.cbFuncsA  0x2000018c       0x20 C:/Users/Andres/Documents/GitHub/Shank2.0/Programacion/CCS/tivac_EK-TM4C123GXL_core/Debug\libtivac_EK-TM4C123GXL_core.a(WInterrupts.o)
 .bss.cbFuncsB  0x200001ac       0x20 C:/Users/Andres/Documents/GitHub/Shank2.0/Programacion/CCS/tivac_EK-TM4C123GXL_core/Debug\libtivac_EK-TM4C123GXL_core.a(WInterrupts.o)
 .bss.cbFuncsC  0x200001cc       0x20 C:/Users/Andres/Documents/GitHub/Shank2.0/Programacion/CCS/tivac_EK-TM4C123GXL_core/Debug\libtivac_EK-TM4C123GXL_core.a(WInterrupts.o)
 .bss.cbFuncsD  0x200001ec       0x20 C:/Users/Andres/Documents/GitHub/Shank2.0/Programacion/CCS/tivac_EK-TM4C123GXL_core/Debug\libtivac_EK-TM4C123GXL_core.a(WInterrupts.o)
 .bss.cbFuncsE  0x2000020c       0x20 C:/Users/Andres/Documents/GitHub/Shank2.0/Programacion/CCS/tivac_EK-TM4C123GXL_core/Debug\libtivac_EK-TM4C123GXL_core.a(WInterrupts.o)
 .bss.cbFuncsF  0x2000022c       0x20 C:/Users/Andres/Documents/GitHub/Shank2.0/Programacion/CCS/tivac_EK-TM4C123GXL_core/Debug\libtivac_EK-TM4C123GXL_core.a(WInterrupts.o)
 .bss.cbFuncsG  0x2000024c       0x20 C:/Users/Andres/Documents/GitHub/Shank2.0/Programacion/CCS/tivac_EK-TM4C123GXL_core/Debug\libtivac_EK-TM4C123GXL_core.a(WInterrupts.o)
 .bss.cbFuncsH  0x2000026c       0x20 C:/Users/Andres/Documents/GitHub/Shank2.0/Programacion/CCS/tivac_EK-TM4C123GXL_core/Debug\libtivac_EK-TM4C123GXL_core.a(WInterrupts.o)
 .bss.cbFuncsJ  0x2000028c       0x20 C:/Users/Andres/Documents/GitHub/Shank2.0/Programacion/CCS/tivac_EK-TM4C123GXL_core/Debug\libtivac_EK-TM4C123GXL_core.a(WInterrupts.o)
 .bss.cbFuncsK  0x200002ac       0x20 C:/Users/Andres/Documents/GitHub/Shank2.0/Programacion/CCS/tivac_EK-TM4C123GXL_core/Debug\libtivac_EK-TM4C123GXL_core.a(WInterrupts.o)
 .bss.cbFuncsL  0x200002cc       0x20 C:/Users/Andres/Documents/GitHub/Shank2.0/Programacion/CCS/tivac_EK-TM4C123GXL_core/Debug\libtivac_EK-TM4C123GXL_core.a(WInterrupts.o)
 .bss.cbFuncsM  0x200002ec       0x20 C:/Users/Andres/Documents/GitHub/Shank2.0/Programacion/CCS/tivac_EK-TM4C123GXL_core/Debug\libtivac_EK-TM4C123GXL_core.a(WInterrupts.o)
 .bss.cbFuncsN  0x2000030c       0x20 C:/Users/Andres/Documents/GitHub/Shank2.0/Programacion/CCS/tivac_EK-TM4C123GXL_core/Debug\libtivac_EK-TM4C123GXL_core.a(WInterrupts.o)
 .bss.cbFuncsP  0x2000032c       0x20 C:/Users/Andres/Documents/GitHub/Shank2.0/Programacion/CCS/tivac_EK-TM4C123GXL_core/Debug\libtivac_EK-TM4C123GXL_core.a(WInterrupts.o)
 .bss.cbFuncsQ  0x2000034c       0x20 C:/Users/Andres/Documents/GitHub/Shank2.0/Programacion/CCS/tivac_EK-TM4C123GXL_core/Debug\libtivac_EK-TM4C123GXL_core.a(WInterrupts.o)
 .bss.SysTickCbFuncs
                0x2000036c       0x20 C:/Users/Andres/Documents/GitHub/Shank2.0/Programacion/CCS/tivac_EK-TM4C123GXL_core/Debug\libtivac_EK-TM4C123GXL_core.a(wiring.o)
 .bss.milliseconds
                0x2000038c        0x4 C:/Users/Andres/Documents/GitHub/Shank2.0/Programacion/CCS/tivac_EK-TM4C123GXL_core/Debug\libtivac_EK-TM4C123GXL_core.a(wiring.o)
 .bss.Serial    0x20000390       0x38 C:/Users/Andres/Documents/GitHub/Shank2.0/Programacion/CCS/tivac_EK-TM4C123GXL_core/Debug\libtivac_EK-TM4C123GXL_core.a(HardwareSerial.o)
                0x20000390                Serial
 .bss.Serial1   0x200003c8       0x38 C:/Users/Andres/Documents/GitHub/Shank2.0/Programacion/CCS/tivac_EK-TM4C123GXL_core/Debug\libtivac_EK-TM4C123GXL_core.a(HardwareSerial.o)
                0x200003c8                Serial1
 .bss.Serial2   0x20000400       0x38 C:/Users/Andres/Documents/GitHub/Shank2.0/Programacion/CCS/tivac_EK-TM4C123GXL_core/Debug\libtivac_EK-TM4C123GXL_core.a(HardwareSerial.o)
                0x20000400                Serial2
 .bss.Serial3   0x20000438       0x38 C:/Users/Andres/Documents/GitHub/Shank2.0/Programacion/CCS/tivac_EK-TM4C123GXL_core/Debug\libtivac_EK-TM4C123GXL_core.a(HardwareSerial.o)
                0x20000438                Serial3
 .bss.Serial4   0x20000470       0x38 C:/Users/Andres/Documents/GitHub/Shank2.0/Programacion/CCS/tivac_EK-TM4C123GXL_core/Debug\libtivac_EK-TM4C123GXL_core.a(HardwareSerial.o)
                0x20000470                Serial4
 .bss.Serial5   0x200004a8       0x38 C:/Users/Andres/Documents/GitHub/Shank2.0/Programacion/CCS/tivac_EK-TM4C123GXL_core/Debug\libtivac_EK-TM4C123GXL_core.a(HardwareSerial.o)
                0x200004a8                Serial5
 .bss.Serial6   0x200004e0       0x38 C:/Users/Andres/Documents/GitHub/Shank2.0/Programacion/CCS/tivac_EK-TM4C123GXL_core/Debug\libtivac_EK-TM4C123GXL_core.a(HardwareSerial.o)
                0x200004e0                Serial6
 .bss.Serial7   0x20000518       0x38 C:/Users/Andres/Documents/GitHub/Shank2.0/Programacion/CCS/tivac_EK-TM4C123GXL_core/Debug\libtivac_EK-TM4C123GXL_core.a(HardwareSerial.o)
                0x20000518                Serial7
 .bss.__malloc_free_list
                0x20000550        0x4 c:/users/andres/appdata/local/energia15/packages/energia/tools/arm-none-eabi-gcc/6.3.1-20170620/bin/../lib/gcc/arm-none-eabi/6.3.1/../../../../arm-none-eabi/lib/thumb/v7e-m/fpv4-sp/hard\libc_nano.a(lib_a-nano-mallocr.o)
                0x20000550                __malloc_free_list
 .bss.__malloc_sbrk_start
                0x20000554        0x4 c:/users/andres/appdata/local/energia15/packages/energia/tools/arm-none-eabi-gcc/6.3.1-20170620/bin/../lib/gcc/arm-none-eabi/6.3.1/../../../../arm-none-eabi/lib/thumb/v7e-m/fpv4-sp/hard\libc_nano.a(lib_a-nano-mallocr.o)
                0x20000554                __malloc_sbrk_start
 *(COMMON)
 COMMON         0x20000558        0x4 c:/users/andres/appdata/local/energia15/packages/energia/tools/arm-none-eabi-gcc/6.3.1-20170620/bin/../lib/gcc/arm-none-eabi/6.3.1/../../../../arm-none-eabi/lib/thumb/v7e-m/fpv4-sp/hard\libc_nano.a(lib_a-reent.o)
                0x20000558                errno
                0x2000055c                . = ALIGN (0x4)
                0x2000055c                _ebss = .
                0x20000560                . = ALIGN (0x8)
 *fill*         0x2000055c        0x4 
                [!provide]                PROVIDE (__exidx_start, .)

.ARM.exidx
 *(.ARM.exidx* .gnu.linkonce.armexidx.*)
                [!provide]                PROVIDE (__exidx_end, .)
                0x20000560                . = ALIGN (0x4)
                0x20000560                _end = .
                0x20000560                PROVIDE (end, _end)
                0x20008000                PROVIDE (_estack, (ORIGIN (ram) + LENGTH (ram)))
LOAD C:/Users/Andres/Documents/GitHub/Shank2.0/Programacion/CCS/tivac_EK-TM4C123GXL_l3g-arduino-master/Debug\libtivac_EK-TM4C123GXL_l3g-arduino-master.a
LOAD C:/Users/Andres/Documents/GitHub/Shank2.0/Programacion/CCS/tivac_EK-TM4C123GXL_Wire/Debug\libtivac_EK-TM4C123GXL_Wire.a
LOAD C:/Users/Andres/Documents/GitHub/Shank2.0/Programacion/CCS/tivac_EK-TM4C123GXL_core/Debug\libtivac_EK-TM4C123GXL_core.a
LOAD C:/Users/Andres/AppData/Local/Energia15/packages/energia/hardware/tivac/1.0.3/system/driverlib\libdriverlib.a
LOAD c:/users/andres/appdata/local/energia15/packages/energia/tools/arm-none-eabi-gcc/6.3.1-20170620/bin/../lib/gcc/arm-none-eabi/6.3.1/../../../../arm-none-eabi/lib/thumb/v7e-m/fpv4-sp/hard\libm.a
LOAD c:/users/andres/appdata/local/energia15/packages/energia/tools/arm-none-eabi-gcc/6.3.1-20170620/bin/../lib/gcc/arm-none-eabi/6.3.1/../../../../arm-none-eabi/lib/thumb/v7e-m/fpv4-sp/hard\libc_nano.a
LOAD c:/users/andres/appdata/local/energia15/packages/energia/tools/arm-none-eabi-gcc/6.3.1-20170620/bin/../lib/gcc/arm-none-eabi/6.3.1/thumb/v7e-m/fpv4-sp/hard\libgcc.a
END GROUP
OUTPUT(shank.out elf32-littlearm)

.debug_info     0x00000000    0x1449f
 .debug_info    0x00000000     0x1dd1 ./shank.o
 .debug_info    0x00001dd1     0x1bc8 C:/Users/Andres/Documents/GitHub/Shank2.0/Programacion/CCS/tivac_EK-TM4C123GXL_l3g-arduino-master/Debug\libtivac_EK-TM4C123GXL_l3g-arduino-master.a(L3G.o)
 .debug_info    0x00003999     0x3c47 C:/Users/Andres/Documents/GitHub/Shank2.0/Programacion/CCS/tivac_EK-TM4C123GXL_Wire/Debug\libtivac_EK-TM4C123GXL_Wire.a(Wire.o)
 .debug_info    0x000075e0     0x1276 C:/Users/Andres/Documents/GitHub/Shank2.0/Programacion/CCS/tivac_EK-TM4C123GXL_core/Debug\libtivac_EK-TM4C123GXL_core.a(startup_gcc.o)
 .debug_info    0x00008856      0xfa9 C:/Users/Andres/Documents/GitHub/Shank2.0/Programacion/CCS/tivac_EK-TM4C123GXL_core/Debug\libtivac_EK-TM4C123GXL_core.a(WInterrupts.o)
 .debug_info    0x000097ff      0xe8b C:/Users/Andres/Documents/GitHub/Shank2.0/Programacion/CCS/tivac_EK-TM4C123GXL_core/Debug\libtivac_EK-TM4C123GXL_core.a(wiring.o)
 .debug_info    0x0000a68a      0xfa9 C:/Users/Andres/Documents/GitHub/Shank2.0/Programacion/CCS/tivac_EK-TM4C123GXL_core/Debug\libtivac_EK-TM4C123GXL_core.a(wiring_analog.o)
 .debug_info    0x0000b633      0xe06 C:/Users/Andres/Documents/GitHub/Shank2.0/Programacion/CCS/tivac_EK-TM4C123GXL_core/Debug\libtivac_EK-TM4C123GXL_core.a(wiring_digital.o)
 .debug_info    0x0000c439     0x354a C:/Users/Andres/Documents/GitHub/Shank2.0/Programacion/CCS/tivac_EK-TM4C123GXL_core/Debug\libtivac_EK-TM4C123GXL_core.a(HardwareSerial.o)
 .debug_info    0x0000f983     0x13a5 C:/Users/Andres/Documents/GitHub/Shank2.0/Programacion/CCS/tivac_EK-TM4C123GXL_core/Debug\libtivac_EK-TM4C123GXL_core.a(main.o)
 .debug_info    0x00010d28     0x3777 C:/Users/Andres/Documents/GitHub/Shank2.0/Programacion/CCS/tivac_EK-TM4C123GXL_core/Debug\libtivac_EK-TM4C123GXL_core.a(Print.o)

.debug_abbrev   0x00000000     0x31bc
 .debug_abbrev  0x00000000      0x5bf ./shank.o
 .debug_abbrev  0x000005bf      0x558 C:/Users/Andres/Documents/GitHub/Shank2.0/Programacion/CCS/tivac_EK-TM4C123GXL_l3g-arduino-master/Debug\libtivac_EK-TM4C123GXL_l3g-arduino-master.a(L3G.o)
 .debug_abbrev  0x00000b17      0x7df C:/Users/Andres/Documents/GitHub/Shank2.0/Programacion/CCS/tivac_EK-TM4C123GXL_Wire/Debug\libtivac_EK-TM4C123GXL_Wire.a(Wire.o)
 .debug_abbrev  0x000012f6      0x300 C:/Users/Andres/Documents/GitHub/Shank2.0/Programacion/CCS/tivac_EK-TM4C123GXL_core/Debug\libtivac_EK-TM4C123GXL_core.a(startup_gcc.o)
 .debug_abbrev  0x000015f6      0x2a2 C:/Users/Andres/Documents/GitHub/Shank2.0/Programacion/CCS/tivac_EK-TM4C123GXL_core/Debug\libtivac_EK-TM4C123GXL_core.a(WInterrupts.o)
 .debug_abbrev  0x00001898      0x2e6 C:/Users/Andres/Documents/GitHub/Shank2.0/Programacion/CCS/tivac_EK-TM4C123GXL_core/Debug\libtivac_EK-TM4C123GXL_core.a(wiring.o)
 .debug_abbrev  0x00001b7e      0x333 C:/Users/Andres/Documents/GitHub/Shank2.0/Programacion/CCS/tivac_EK-TM4C123GXL_core/Debug\libtivac_EK-TM4C123GXL_core.a(wiring_analog.o)
 .debug_abbrev  0x00001eb1      0x27a C:/Users/Andres/Documents/GitHub/Shank2.0/Programacion/CCS/tivac_EK-TM4C123GXL_core/Debug\libtivac_EK-TM4C123GXL_core.a(wiring_digital.o)
 .debug_abbrev  0x0000212b      0x711 C:/Users/Andres/Documents/GitHub/Shank2.0/Programacion/CCS/tivac_EK-TM4C123GXL_core/Debug\libtivac_EK-TM4C123GXL_core.a(HardwareSerial.o)
 .debug_abbrev  0x0000283c      0x32b C:/Users/Andres/Documents/GitHub/Shank2.0/Programacion/CCS/tivac_EK-TM4C123GXL_core/Debug\libtivac_EK-TM4C123GXL_core.a(main.o)
 .debug_abbrev  0x00002b67      0x655 C:/Users/Andres/Documents/GitHub/Shank2.0/Programacion/CCS/tivac_EK-TM4C123GXL_core/Debug\libtivac_EK-TM4C123GXL_core.a(Print.o)

.debug_loc      0x00000000     0x2716
 .debug_loc     0x00000000      0x295 ./shank.o
 .debug_loc     0x00000295      0x2d8 C:/Users/Andres/Documents/GitHub/Shank2.0/Programacion/CCS/tivac_EK-TM4C123GXL_l3g-arduino-master/Debug\libtivac_EK-TM4C123GXL_l3g-arduino-master.a(L3G.o)
 .debug_loc     0x0000056d      0x685 C:/Users/Andres/Documents/GitHub/Shank2.0/Programacion/CCS/tivac_EK-TM4C123GXL_Wire/Debug\libtivac_EK-TM4C123GXL_Wire.a(Wire.o)
 .debug_loc     0x00000bf2      0x135 C:/Users/Andres/Documents/GitHub/Shank2.0/Programacion/CCS/tivac_EK-TM4C123GXL_core/Debug\libtivac_EK-TM4C123GXL_core.a(startup_gcc.o)
 .debug_loc     0x00000d27      0x228 C:/Users/Andres/Documents/GitHub/Shank2.0/Programacion/CCS/tivac_EK-TM4C123GXL_core/Debug\libtivac_EK-TM4C123GXL_core.a(WInterrupts.o)
 .debug_loc     0x00000f4f       0xcc C:/Users/Andres/Documents/GitHub/Shank2.0/Programacion/CCS/tivac_EK-TM4C123GXL_core/Debug\libtivac_EK-TM4C123GXL_core.a(wiring.o)
 .debug_loc     0x0000101b      0x381 C:/Users/Andres/Documents/GitHub/Shank2.0/Programacion/CCS/tivac_EK-TM4C123GXL_core/Debug\libtivac_EK-TM4C123GXL_core.a(wiring_analog.o)
 .debug_loc     0x0000139c      0x379 C:/Users/Andres/Documents/GitHub/Shank2.0/Programacion/CCS/tivac_EK-TM4C123GXL_core/Debug\libtivac_EK-TM4C123GXL_core.a(wiring_digital.o)
 .debug_loc     0x00001715      0x329 C:/Users/Andres/Documents/GitHub/Shank2.0/Programacion/CCS/tivac_EK-TM4C123GXL_core/Debug\libtivac_EK-TM4C123GXL_core.a(HardwareSerial.o)
 .debug_loc     0x00001a3e      0xcd8 C:/Users/Andres/Documents/GitHub/Shank2.0/Programacion/CCS/tivac_EK-TM4C123GXL_core/Debug\libtivac_EK-TM4C123GXL_core.a(Print.o)

.debug_aranges  0x00000000      0x658
 .debug_aranges
                0x00000000       0x90 ./shank.o
 .debug_aranges
                0x00000090       0x70 C:/Users/Andres/Documents/GitHub/Shank2.0/Programacion/CCS/tivac_EK-TM4C123GXL_l3g-arduino-master/Debug\libtivac_EK-TM4C123GXL_l3g-arduino-master.a(L3G.o)
 .debug_aranges
                0x00000100      0x108 C:/Users/Andres/Documents/GitHub/Shank2.0/Programacion/CCS/tivac_EK-TM4C123GXL_Wire/Debug\libtivac_EK-TM4C123GXL_Wire.a(Wire.o)
 .debug_aranges
                0x00000208       0x90 C:/Users/Andres/Documents/GitHub/Shank2.0/Programacion/CCS/tivac_EK-TM4C123GXL_core/Debug\libtivac_EK-TM4C123GXL_core.a(startup_gcc.o)
 .debug_aranges
                0x00000298       0xa8 C:/Users/Andres/Documents/GitHub/Shank2.0/Programacion/CCS/tivac_EK-TM4C123GXL_core/Debug\libtivac_EK-TM4C123GXL_core.a(WInterrupts.o)
 .debug_aranges
                0x00000340       0x70 C:/Users/Andres/Documents/GitHub/Shank2.0/Programacion/CCS/tivac_EK-TM4C123GXL_core/Debug\libtivac_EK-TM4C123GXL_core.a(wiring.o)
 .debug_aranges
                0x000003b0       0x58 C:/Users/Andres/Documents/GitHub/Shank2.0/Programacion/CCS/tivac_EK-TM4C123GXL_core/Debug\libtivac_EK-TM4C123GXL_core.a(wiring_analog.o)
 .debug_aranges
                0x00000408       0x30 C:/Users/Andres/Documents/GitHub/Shank2.0/Programacion/CCS/tivac_EK-TM4C123GXL_core/Debug\libtivac_EK-TM4C123GXL_core.a(wiring_digital.o)
 .debug_aranges
                0x00000438       0xf8 C:/Users/Andres/Documents/GitHub/Shank2.0/Programacion/CCS/tivac_EK-TM4C123GXL_core/Debug\libtivac_EK-TM4C123GXL_core.a(HardwareSerial.o)
 .debug_aranges
                0x00000530       0x28 C:/Users/Andres/Documents/GitHub/Shank2.0/Programacion/CCS/tivac_EK-TM4C123GXL_core/Debug\libtivac_EK-TM4C123GXL_core.a(main.o)
 .debug_aranges
                0x00000558      0x100 C:/Users/Andres/Documents/GitHub/Shank2.0/Programacion/CCS/tivac_EK-TM4C123GXL_core/Debug\libtivac_EK-TM4C123GXL_core.a(Print.o)

.debug_ranges   0x00000000      0x848
 .debug_ranges  0x00000000       0xe8 ./shank.o
 .debug_ranges  0x000000e8       0x78 C:/Users/Andres/Documents/GitHub/Shank2.0/Programacion/CCS/tivac_EK-TM4C123GXL_l3g-arduino-master/Debug\libtivac_EK-TM4C123GXL_l3g-arduino-master.a(L3G.o)
 .debug_ranges  0x00000160      0x1a8 C:/Users/Andres/Documents/GitHub/Shank2.0/Programacion/CCS/tivac_EK-TM4C123GXL_Wire/Debug\libtivac_EK-TM4C123GXL_Wire.a(Wire.o)
 .debug_ranges  0x00000308       0x80 C:/Users/Andres/Documents/GitHub/Shank2.0/Programacion/CCS/tivac_EK-TM4C123GXL_core/Debug\libtivac_EK-TM4C123GXL_core.a(startup_gcc.o)
 .debug_ranges  0x00000388       0x98 C:/Users/Andres/Documents/GitHub/Shank2.0/Programacion/CCS/tivac_EK-TM4C123GXL_core/Debug\libtivac_EK-TM4C123GXL_core.a(WInterrupts.o)
 .debug_ranges  0x00000420       0x90 C:/Users/Andres/Documents/GitHub/Shank2.0/Programacion/CCS/tivac_EK-TM4C123GXL_core/Debug\libtivac_EK-TM4C123GXL_core.a(wiring.o)
 .debug_ranges  0x000004b0       0x78 C:/Users/Andres/Documents/GitHub/Shank2.0/Programacion/CCS/tivac_EK-TM4C123GXL_core/Debug\libtivac_EK-TM4C123GXL_core.a(wiring_analog.o)
 .debug_ranges  0x00000528       0x20 C:/Users/Andres/Documents/GitHub/Shank2.0/Programacion/CCS/tivac_EK-TM4C123GXL_core/Debug\libtivac_EK-TM4C123GXL_core.a(wiring_digital.o)
 .debug_ranges  0x00000548      0x148 C:/Users/Andres/Documents/GitHub/Shank2.0/Programacion/CCS/tivac_EK-TM4C123GXL_core/Debug\libtivac_EK-TM4C123GXL_core.a(HardwareSerial.o)
 .debug_ranges  0x00000690       0x18 C:/Users/Andres/Documents/GitHub/Shank2.0/Programacion/CCS/tivac_EK-TM4C123GXL_core/Debug\libtivac_EK-TM4C123GXL_core.a(main.o)
 .debug_ranges  0x000006a8      0x1a0 C:/Users/Andres/Documents/GitHub/Shank2.0/Programacion/CCS/tivac_EK-TM4C123GXL_core/Debug\libtivac_EK-TM4C123GXL_core.a(Print.o)

.debug_line     0x00000000     0x4482
 .debug_line    0x00000000      0x7ba ./shank.o
 .debug_line    0x000007ba      0x72f C:/Users/Andres/Documents/GitHub/Shank2.0/Programacion/CCS/tivac_EK-TM4C123GXL_l3g-arduino-master/Debug\libtivac_EK-TM4C123GXL_l3g-arduino-master.a(L3G.o)
 .debug_line    0x00000ee9      0x92f C:/Users/Andres/Documents/GitHub/Shank2.0/Programacion/CCS/tivac_EK-TM4C123GXL_Wire/Debug\libtivac_EK-TM4C123GXL_Wire.a(Wire.o)
 .debug_line    0x00001818      0x4b2 C:/Users/Andres/Documents/GitHub/Shank2.0/Programacion/CCS/tivac_EK-TM4C123GXL_core/Debug\libtivac_EK-TM4C123GXL_core.a(startup_gcc.o)
 .debug_line    0x00001cca      0x51f C:/Users/Andres/Documents/GitHub/Shank2.0/Programacion/CCS/tivac_EK-TM4C123GXL_core/Debug\libtivac_EK-TM4C123GXL_core.a(WInterrupts.o)
 .debug_line    0x000021e9      0x4c3 C:/Users/Andres/Documents/GitHub/Shank2.0/Programacion/CCS/tivac_EK-TM4C123GXL_core/Debug\libtivac_EK-TM4C123GXL_core.a(wiring.o)
 .debug_line    0x000026ac      0x456 C:/Users/Andres/Documents/GitHub/Shank2.0/Programacion/CCS/tivac_EK-TM4C123GXL_core/Debug\libtivac_EK-TM4C123GXL_core.a(wiring_analog.o)
 .debug_line    0x00002b02      0x3b8 C:/Users/Andres/Documents/GitHub/Shank2.0/Programacion/CCS/tivac_EK-TM4C123GXL_core/Debug\libtivac_EK-TM4C123GXL_core.a(wiring_digital.o)
 .debug_line    0x00002eba      0x854 C:/Users/Andres/Documents/GitHub/Shank2.0/Programacion/CCS/tivac_EK-TM4C123GXL_core/Debug\libtivac_EK-TM4C123GXL_core.a(HardwareSerial.o)
 .debug_line    0x0000370e      0x558 C:/Users/Andres/Documents/GitHub/Shank2.0/Programacion/CCS/tivac_EK-TM4C123GXL_core/Debug\libtivac_EK-TM4C123GXL_core.a(main.o)
 .debug_line    0x00003c66      0x81c C:/Users/Andres/Documents/GitHub/Shank2.0/Programacion/CCS/tivac_EK-TM4C123GXL_core/Debug\libtivac_EK-TM4C123GXL_core.a(Print.o)

.debug_str      0x00000000     0x3c88
 .debug_str     0x00000000     0x106f ./shank.o
                               0x11a2 (size before relaxing)
 .debug_str     0x0000106f      0x14b C:/Users/Andres/Documents/GitHub/Shank2.0/Programacion/CCS/tivac_EK-TM4C123GXL_l3g-arduino-master/Debug\libtivac_EK-TM4C123GXL_l3g-arduino-master.a(L3G.o)
                                0xf75 (size before relaxing)
 .debug_str     0x000011ba     0x1736 C:/Users/Andres/Documents/GitHub/Shank2.0/Programacion/CCS/tivac_EK-TM4C123GXL_Wire/Debug\libtivac_EK-TM4C123GXL_Wire.a(Wire.o)
                               0x225f (size before relaxing)
 .debug_str     0x000028f0      0x4a6 C:/Users/Andres/Documents/GitHub/Shank2.0/Programacion/CCS/tivac_EK-TM4C123GXL_core/Debug\libtivac_EK-TM4C123GXL_core.a(startup_gcc.o)
                                0xba0 (size before relaxing)
 .debug_str     0x00002d96      0x23d C:/Users/Andres/Documents/GitHub/Shank2.0/Programacion/CCS/tivac_EK-TM4C123GXL_core/Debug\libtivac_EK-TM4C123GXL_core.a(WInterrupts.o)
                                0xa6a (size before relaxing)
 .debug_str     0x00002fd3      0x14c C:/Users/Andres/Documents/GitHub/Shank2.0/Programacion/CCS/tivac_EK-TM4C123GXL_core/Debug\libtivac_EK-TM4C123GXL_core.a(wiring.o)
                                0x92d (size before relaxing)
 .debug_str     0x0000311f      0x151 C:/Users/Andres/Documents/GitHub/Shank2.0/Programacion/CCS/tivac_EK-TM4C123GXL_core/Debug\libtivac_EK-TM4C123GXL_core.a(wiring_analog.o)
                                0x94c (size before relaxing)
 .debug_str     0x00003270       0x8c C:/Users/Andres/Documents/GitHub/Shank2.0/Programacion/CCS/tivac_EK-TM4C123GXL_core/Debug\libtivac_EK-TM4C123GXL_core.a(wiring_digital.o)
                                0x87f (size before relaxing)
 .debug_str     0x000032fc      0x500 C:/Users/Andres/Documents/GitHub/Shank2.0/Programacion/CCS/tivac_EK-TM4C123GXL_core/Debug\libtivac_EK-TM4C123GXL_core.a(HardwareSerial.o)
                               0x2064 (size before relaxing)
 .debug_str     0x000037fc       0x6e C:/Users/Andres/Documents/GitHub/Shank2.0/Programacion/CCS/tivac_EK-TM4C123GXL_core/Debug\libtivac_EK-TM4C123GXL_core.a(main.o)
                                0xac5 (size before relaxing)
 .debug_str     0x0000386a      0x41e C:/Users/Andres/Documents/GitHub/Shank2.0/Programacion/CCS/tivac_EK-TM4C123GXL_core/Debug\libtivac_EK-TM4C123GXL_core.a(Print.o)
                               0x1a6b (size before relaxing)

.comment        0x00000000       0xef
 .comment       0x00000000       0x7f ./shank.o
                                 0x80 (size before relaxing)
 .comment       0x0000007f       0x80 C:/Users/Andres/Documents/GitHub/Shank2.0/Programacion/CCS/tivac_EK-TM4C123GXL_l3g-arduino-master/Debug\libtivac_EK-TM4C123GXL_l3g-arduino-master.a(L3G.o)
 .comment       0x0000007f       0x80 C:/Users/Andres/Documents/GitHub/Shank2.0/Programacion/CCS/tivac_EK-TM4C123GXL_Wire/Debug\libtivac_EK-TM4C123GXL_Wire.a(Wire.o)
 .comment       0x0000007f       0x80 C:/Users/Andres/Documents/GitHub/Shank2.0/Programacion/CCS/tivac_EK-TM4C123GXL_core/Debug\libtivac_EK-TM4C123GXL_core.a(startup_gcc.o)
 .comment       0x0000007f       0x80 C:/Users/Andres/Documents/GitHub/Shank2.0/Programacion/CCS/tivac_EK-TM4C123GXL_core/Debug\libtivac_EK-TM4C123GXL_core.a(WInterrupts.o)
 .comment       0x0000007f       0x80 C:/Users/Andres/Documents/GitHub/Shank2.0/Programacion/CCS/tivac_EK-TM4C123GXL_core/Debug\libtivac_EK-TM4C123GXL_core.a(wiring.o)
 .comment       0x0000007f       0x80 C:/Users/Andres/Documents/GitHub/Shank2.0/Programacion/CCS/tivac_EK-TM4C123GXL_core/Debug\libtivac_EK-TM4C123GXL_core.a(wiring_analog.o)
 .comment       0x0000007f       0x80 C:/Users/Andres/Documents/GitHub/Shank2.0/Programacion/CCS/tivac_EK-TM4C123GXL_core/Debug\libtivac_EK-TM4C123GXL_core.a(wiring_digital.o)
 .comment       0x0000007f       0x80 C:/Users/Andres/Documents/GitHub/Shank2.0/Programacion/CCS/tivac_EK-TM4C123GXL_core/Debug\libtivac_EK-TM4C123GXL_core.a(HardwareSerial.o)
 .comment       0x0000007f       0x80 C:/Users/Andres/Documents/GitHub/Shank2.0/Programacion/CCS/tivac_EK-TM4C123GXL_core/Debug\libtivac_EK-TM4C123GXL_core.a(main.o)
 .comment       0x0000007f       0x80 C:/Users/Andres/Documents/GitHub/Shank2.0/Programacion/CCS/tivac_EK-TM4C123GXL_core/Debug\libtivac_EK-TM4C123GXL_core.a(Print.o)
 .comment       0x0000007f       0x70 C:/Users/Andres/AppData/Local/Energia15/packages/energia/hardware/tivac/1.0.3/system/driverlib\libdriverlib.a(eeprom.o)
                                 0x71 (size before relaxing)
 .comment       0x000000ef       0x71 C:/Users/Andres/AppData/Local/Energia15/packages/energia/hardware/tivac/1.0.3/system/driverlib\libdriverlib.a(gpio.o)
 .comment       0x000000ef       0x71 C:/Users/Andres/AppData/Local/Energia15/packages/energia/hardware/tivac/1.0.3/system/driverlib\libdriverlib.a(i2c.o)
 .comment       0x000000ef       0x71 C:/Users/Andres/AppData/Local/Energia15/packages/energia/hardware/tivac/1.0.3/system/driverlib\libdriverlib.a(pwm.o)
 .comment       0x000000ef       0x71 C:/Users/Andres/AppData/Local/Energia15/packages/energia/hardware/tivac/1.0.3/system/driverlib\libdriverlib.a(sysctl.o)

.ARM.attributes
                0x00000000       0x37
 .ARM.attributes
                0x00000000       0x39 ./shank.o
 .ARM.attributes
                0x00000039       0x39 C:/Users/Andres/Documents/GitHub/Shank2.0/Programacion/CCS/tivac_EK-TM4C123GXL_l3g-arduino-master/Debug\libtivac_EK-TM4C123GXL_l3g-arduino-master.a(L3G.o)
 .ARM.attributes
                0x00000072       0x39 C:/Users/Andres/Documents/GitHub/Shank2.0/Programacion/CCS/tivac_EK-TM4C123GXL_Wire/Debug\libtivac_EK-TM4C123GXL_Wire.a(Wire.o)
 .ARM.attributes
                0x000000ab       0x39 C:/Users/Andres/Documents/GitHub/Shank2.0/Programacion/CCS/tivac_EK-TM4C123GXL_core/Debug\libtivac_EK-TM4C123GXL_core.a(startup_gcc.o)
 .ARM.attributes
                0x000000e4       0x39 C:/Users/Andres/Documents/GitHub/Shank2.0/Programacion/CCS/tivac_EK-TM4C123GXL_core/Debug\libtivac_EK-TM4C123GXL_core.a(WInterrupts.o)
 .ARM.attributes
                0x0000011d       0x39 C:/Users/Andres/Documents/GitHub/Shank2.0/Programacion/CCS/tivac_EK-TM4C123GXL_core/Debug\libtivac_EK-TM4C123GXL_core.a(wiring.o)
 .ARM.attributes
                0x00000156       0x39 C:/Users/Andres/Documents/GitHub/Shank2.0/Programacion/CCS/tivac_EK-TM4C123GXL_core/Debug\libtivac_EK-TM4C123GXL_core.a(wiring_analog.o)
 .ARM.attributes
                0x0000018f       0x39 C:/Users/Andres/Documents/GitHub/Shank2.0/Programacion/CCS/tivac_EK-TM4C123GXL_core/Debug\libtivac_EK-TM4C123GXL_core.a(wiring_digital.o)
 .ARM.attributes
                0x000001c8       0x39 C:/Users/Andres/Documents/GitHub/Shank2.0/Programacion/CCS/tivac_EK-TM4C123GXL_core/Debug\libtivac_EK-TM4C123GXL_core.a(HardwareSerial.o)
 .ARM.attributes
                0x00000201       0x39 C:/Users/Andres/Documents/GitHub/Shank2.0/Programacion/CCS/tivac_EK-TM4C123GXL_core/Debug\libtivac_EK-TM4C123GXL_core.a(main.o)
 .ARM.attributes
                0x0000023a       0x39 C:/Users/Andres/Documents/GitHub/Shank2.0/Programacion/CCS/tivac_EK-TM4C123GXL_core/Debug\libtivac_EK-TM4C123GXL_core.a(Print.o)
 .ARM.attributes
                0x00000273       0x3b C:/Users/Andres/AppData/Local/Energia15/packages/energia/hardware/tivac/1.0.3/system/driverlib\libdriverlib.a(eeprom.o)
 .ARM.attributes
                0x000002ae       0x3b C:/Users/Andres/AppData/Local/Energia15/packages/energia/hardware/tivac/1.0.3/system/driverlib\libdriverlib.a(gpio.o)
 .ARM.attributes
                0x000002e9       0x3b C:/Users/Andres/AppData/Local/Energia15/packages/energia/hardware/tivac/1.0.3/system/driverlib\libdriverlib.a(i2c.o)
 .ARM.attributes
                0x00000324       0x3b C:/Users/Andres/AppData/Local/Energia15/packages/energia/hardware/tivac/1.0.3/system/driverlib\libdriverlib.a(pwm.o)
 .ARM.attributes
                0x0000035f       0x3b C:/Users/Andres/AppData/Local/Energia15/packages/energia/hardware/tivac/1.0.3/system/driverlib\libdriverlib.a(sysctl.o)
 .ARM.attributes
                0x0000039a       0x34 c:/users/andres/appdata/local/energia15/packages/energia/tools/arm-none-eabi-gcc/6.3.1-20170620/bin/../lib/gcc/arm-none-eabi/6.3.1/../../../../arm-none-eabi/lib/thumb/v7e-m/fpv4-sp/hard\libc_nano.a(lib_a-impure.o)
 .ARM.attributes
                0x000003ce       0x34 c:/users/andres/appdata/local/energia15/packages/energia/tools/arm-none-eabi-gcc/6.3.1-20170620/bin/../lib/gcc/arm-none-eabi/6.3.1/../../../../arm-none-eabi/lib/thumb/v7e-m/fpv4-sp/hard\libc_nano.a(lib_a-malloc.o)
 .ARM.attributes
                0x00000402       0x34 c:/users/andres/appdata/local/energia15/packages/energia/tools/arm-none-eabi-gcc/6.3.1-20170620/bin/../lib/gcc/arm-none-eabi/6.3.1/../../../../arm-none-eabi/lib/thumb/v7e-m/fpv4-sp/hard\libc_nano.a(lib_a-nano-freer.o)
 .ARM.attributes
                0x00000436       0x34 c:/users/andres/appdata/local/energia15/packages/energia/tools/arm-none-eabi-gcc/6.3.1-20170620/bin/../lib/gcc/arm-none-eabi/6.3.1/../../../../arm-none-eabi/lib/thumb/v7e-m/fpv4-sp/hard\libc_nano.a(lib_a-nano-mallocr.o)
 .ARM.attributes
                0x0000046a       0x34 c:/users/andres/appdata/local/energia15/packages/energia/tools/arm-none-eabi-gcc/6.3.1-20170620/bin/../lib/gcc/arm-none-eabi/6.3.1/../../../../arm-none-eabi/lib/thumb/v7e-m/fpv4-sp/hard\libc_nano.a(lib_a-sbrkr.o)
 .ARM.attributes
                0x0000049e       0x34 c:/users/andres/appdata/local/energia15/packages/energia/tools/arm-none-eabi-gcc/6.3.1-20170620/bin/../lib/gcc/arm-none-eabi/6.3.1/../../../../arm-none-eabi/lib/thumb/v7e-m/fpv4-sp/hard\libc_nano.a(lib_a-mlock.o)
 .ARM.attributes
                0x000004d2       0x34 c:/users/andres/appdata/local/energia15/packages/energia/tools/arm-none-eabi-gcc/6.3.1-20170620/bin/../lib/gcc/arm-none-eabi/6.3.1/../../../../arm-none-eabi/lib/thumb/v7e-m/fpv4-sp/hard\libc_nano.a(lib_a-reent.o)
 .ARM.attributes
                0x00000506       0x22 c:/users/andres/appdata/local/energia15/packages/energia/tools/arm-none-eabi-gcc/6.3.1-20170620/bin/../lib/gcc/arm-none-eabi/6.3.1/thumb/v7e-m/fpv4-sp/hard\libgcc.a(_arm_addsubdf3.o)
 .ARM.attributes
                0x00000528       0x22 c:/users/andres/appdata/local/energia15/packages/energia/tools/arm-none-eabi-gcc/6.3.1-20170620/bin/../lib/gcc/arm-none-eabi/6.3.1/thumb/v7e-m/fpv4-sp/hard\libgcc.a(_arm_muldivdf3.o)
 .ARM.attributes
                0x0000054a       0x22 c:/users/andres/appdata/local/energia15/packages/energia/tools/arm-none-eabi-gcc/6.3.1-20170620/bin/../lib/gcc/arm-none-eabi/6.3.1/thumb/v7e-m/fpv4-sp/hard\libgcc.a(_arm_cmpdf2.o)
 .ARM.attributes
                0x0000056c       0x22 c:/users/andres/appdata/local/energia15/packages/energia/tools/arm-none-eabi-gcc/6.3.1-20170620/bin/../lib/gcc/arm-none-eabi/6.3.1/thumb/v7e-m/fpv4-sp/hard\libgcc.a(_arm_fixdfsi.o)

.debug_frame    0x00000000     0x1550
 .debug_frame   0x00000000      0x1f0 ./shank.o
 .debug_frame   0x000001f0      0x128 C:/Users/Andres/Documents/GitHub/Shank2.0/Programacion/CCS/tivac_EK-TM4C123GXL_l3g-arduino-master/Debug\libtivac_EK-TM4C123GXL_l3g-arduino-master.a(L3G.o)
 .debug_frame   0x00000318      0x300 C:/Users/Andres/Documents/GitHub/Shank2.0/Programacion/CCS/tivac_EK-TM4C123GXL_Wire/Debug\libtivac_EK-TM4C123GXL_Wire.a(Wire.o)
 .debug_frame   0x00000618      0x1b0 C:/Users/Andres/Documents/GitHub/Shank2.0/Programacion/CCS/tivac_EK-TM4C123GXL_core/Debug\libtivac_EK-TM4C123GXL_core.a(startup_gcc.o)
 .debug_frame   0x000007c8      0x164 C:/Users/Andres/Documents/GitHub/Shank2.0/Programacion/CCS/tivac_EK-TM4C123GXL_core/Debug\libtivac_EK-TM4C123GXL_core.a(WInterrupts.o)
 .debug_frame   0x0000092c      0x13c C:/Users/Andres/Documents/GitHub/Shank2.0/Programacion/CCS/tivac_EK-TM4C123GXL_core/Debug\libtivac_EK-TM4C123GXL_core.a(wiring.o)
 .debug_frame   0x00000a68       0xe4 C:/Users/Andres/Documents/GitHub/Shank2.0/Programacion/CCS/tivac_EK-TM4C123GXL_core/Debug\libtivac_EK-TM4C123GXL_core.a(wiring_analog.o)
 .debug_frame   0x00000b4c       0x74 C:/Users/Andres/Documents/GitHub/Shank2.0/Programacion/CCS/tivac_EK-TM4C123GXL_core/Debug\libtivac_EK-TM4C123GXL_core.a(wiring_digital.o)
 .debug_frame   0x00000bc0      0x308 C:/Users/Andres/Documents/GitHub/Shank2.0/Programacion/CCS/tivac_EK-TM4C123GXL_core/Debug\libtivac_EK-TM4C123GXL_core.a(HardwareSerial.o)
 .debug_frame   0x00000ec8       0x48 C:/Users/Andres/Documents/GitHub/Shank2.0/Programacion/CCS/tivac_EK-TM4C123GXL_core/Debug\libtivac_EK-TM4C123GXL_core.a(main.o)
 .debug_frame   0x00000f10      0x310 C:/Users/Andres/Documents/GitHub/Shank2.0/Programacion/CCS/tivac_EK-TM4C123GXL_core/Debug\libtivac_EK-TM4C123GXL_core.a(Print.o)
 .debug_frame   0x00001220       0x30 c:/users/andres/appdata/local/energia15/packages/energia/tools/arm-none-eabi-gcc/6.3.1-20170620/bin/../lib/gcc/arm-none-eabi/6.3.1/../../../../arm-none-eabi/lib/thumb/v7e-m/fpv4-sp/hard\libc_nano.a(lib_a-malloc.o)
 .debug_frame   0x00001250       0x38 c:/users/andres/appdata/local/energia15/packages/energia/tools/arm-none-eabi-gcc/6.3.1-20170620/bin/../lib/gcc/arm-none-eabi/6.3.1/../../../../arm-none-eabi/lib/thumb/v7e-m/fpv4-sp/hard\libc_nano.a(lib_a-nano-freer.o)
 .debug_frame   0x00001288       0x2c c:/users/andres/appdata/local/energia15/packages/energia/tools/arm-none-eabi-gcc/6.3.1-20170620/bin/../lib/gcc/arm-none-eabi/6.3.1/../../../../arm-none-eabi/lib/thumb/v7e-m/fpv4-sp/hard\libc_nano.a(lib_a-nano-mallocr.o)
 .debug_frame   0x000012b4       0x2c c:/users/andres/appdata/local/energia15/packages/energia/tools/arm-none-eabi-gcc/6.3.1-20170620/bin/../lib/gcc/arm-none-eabi/6.3.1/../../../../arm-none-eabi/lib/thumb/v7e-m/fpv4-sp/hard\libc_nano.a(lib_a-sbrkr.o)
 .debug_frame   0x000012e0       0x30 c:/users/andres/appdata/local/energia15/packages/energia/tools/arm-none-eabi-gcc/6.3.1-20170620/bin/../lib/gcc/arm-none-eabi/6.3.1/../../../../arm-none-eabi/lib/thumb/v7e-m/fpv4-sp/hard\libc_nano.a(lib_a-mlock.o)
 .debug_frame   0x00001310       0x5c c:/users/andres/appdata/local/energia15/packages/energia/tools/arm-none-eabi-gcc/6.3.1-20170620/bin/../lib/gcc/arm-none-eabi/6.3.1/../../../../arm-none-eabi/lib/thumb/v7e-m/fpv4-sp/hard\libc_nano.a(lib_a-reent.o)
 .debug_frame   0x0000136c       0xac c:/users/andres/appdata/local/energia15/packages/energia/tools/arm-none-eabi-gcc/6.3.1-20170620/bin/../lib/gcc/arm-none-eabi/6.3.1/thumb/v7e-m/fpv4-sp/hard\libgcc.a(_arm_addsubdf3.o)
 .debug_frame   0x00001418       0x50 c:/users/andres/appdata/local/energia15/packages/energia/tools/arm-none-eabi-gcc/6.3.1-20170620/bin/../lib/gcc/arm-none-eabi/6.3.1/thumb/v7e-m/fpv4-sp/hard\libgcc.a(_arm_muldivdf3.o)
 .debug_frame   0x00001468       0xc4 c:/users/andres/appdata/local/energia15/packages/energia/tools/arm-none-eabi-gcc/6.3.1-20170620/bin/../lib/gcc/arm-none-eabi/6.3.1/thumb/v7e-m/fpv4-sp/hard\libgcc.a(_arm_cmpdf2.o)
 .debug_frame   0x0000152c       0x24 c:/users/andres/appdata/local/energia15/packages/energia/tools/arm-none-eabi-gcc/6.3.1-20170620/bin/../lib/gcc/arm-none-eabi/6.3.1/thumb/v7e-m/fpv4-sp/hard\libgcc.a(_arm_fixdfsi.o)
