Archive member included to satisfy reference by file (symbol)

C:/Users/Andres/Documents/GitHub/Shank2.0/Programacion/CCS/tivac_EK-TM4C123GXL_L3G/Debug\libtivac_EK-TM4C123GXL_L3G.a(L3G.o)
                              ./gyro.o (L3G::enableDefault())
C:/Users/Andres/Documents/GitHub/Shank2.0/Programacion/CCS/tivac_EK-TM4C123GXL_Wire/Debug\libtivac_EK-TM4C123GXL_Wire.a(Wire.o)
                              C:/Users/Andres/Documents/GitHub/Shank2.0/Programacion/CCS/tivac_EK-TM4C123GXL_L3G/Debug\libtivac_EK-TM4C123GXL_L3G.a(L3G.o) (TwoWire::available())
C:/Users/Andres/Documents/GitHub/Shank2.0/Programacion/CCS/tivac_EK-TM4C123GXL_core/Debug\libtivac_EK-TM4C123GXL_core.a(startup_gcc.o)
                              (ResetISR)
C:/Users/Andres/Documents/GitHub/Shank2.0/Programacion/CCS/tivac_EK-TM4C123GXL_core/Debug\libtivac_EK-TM4C123GXL_core.a(WInterrupts.o)
                              C:/Users/Andres/Documents/GitHub/Shank2.0/Programacion/CCS/tivac_EK-TM4C123GXL_core/Debug\libtivac_EK-TM4C123GXL_core.a(startup_gcc.o) (GPIOAIntHandler)
C:/Users/Andres/Documents/GitHub/Shank2.0/Programacion/CCS/tivac_EK-TM4C123GXL_core/Debug\libtivac_EK-TM4C123GXL_core.a(wiring.o)
                              ./gyro.o (millis)
C:/Users/Andres/Documents/GitHub/Shank2.0/Programacion/CCS/tivac_EK-TM4C123GXL_core/Debug\libtivac_EK-TM4C123GXL_core.a(wiring_digital.o)
                              ./gyro.o (pinMode)
C:/Users/Andres/Documents/GitHub/Shank2.0/Programacion/CCS/tivac_EK-TM4C123GXL_core/Debug\libtivac_EK-TM4C123GXL_core.a(HardwareSerial.o)
                              ./gyro.o (HardwareSerial::write(unsigned char))
C:/Users/Andres/Documents/GitHub/Shank2.0/Programacion/CCS/tivac_EK-TM4C123GXL_core/Debug\libtivac_EK-TM4C123GXL_core.a(main.o)
                              C:/Users/Andres/Documents/GitHub/Shank2.0/Programacion/CCS/tivac_EK-TM4C123GXL_core/Debug\libtivac_EK-TM4C123GXL_core.a(startup_gcc.o) (_init)
C:/Users/Andres/Documents/GitHub/Shank2.0/Programacion/CCS/tivac_EK-TM4C123GXL_core/Debug\libtivac_EK-TM4C123GXL_core.a(Print.o)
                              C:/Users/Andres/Documents/GitHub/Shank2.0/Programacion/CCS/tivac_EK-TM4C123GXL_core/Debug\libtivac_EK-TM4C123GXL_core.a(HardwareSerial.o) (Print::write(unsigned char const*, unsigned int))
C:/Users/Andres/Documents/GitHub/Shank2.0/Programacion/CCS/tivac_EK-TM4C123GXL_core/Debug\libtivac_EK-TM4C123GXL_core.a(new.o)
                              C:/Users/Andres/Documents/GitHub/Shank2.0/Programacion/CCS/tivac_EK-TM4C123GXL_core/Debug\libtivac_EK-TM4C123GXL_core.a(Print.o) (__cxa_pure_virtual)
C:/Users/Andres/AppData/Local/Energia15/packages/energia/hardware/tivac/1.0.3/system/driverlib\libdriverlib.a(eeprom.o)
                              C:/Users/Andres/Documents/GitHub/Shank2.0/Programacion/CCS/tivac_EK-TM4C123GXL_core/Debug\libtivac_EK-TM4C123GXL_core.a(main.o) (EEPROMMassErase)
C:/Users/Andres/AppData/Local/Energia15/packages/energia/hardware/tivac/1.0.3/system/driverlib\libdriverlib.a(gpio.o)
                              C:/Users/Andres/Documents/GitHub/Shank2.0/Programacion/CCS/tivac_EK-TM4C123GXL_core/Debug\libtivac_EK-TM4C123GXL_core.a(wiring_digital.o) (GPIOPadConfigSet)
C:/Users/Andres/AppData/Local/Energia15/packages/energia/hardware/tivac/1.0.3/system/driverlib\libdriverlib.a(i2c.o)
                              C:/Users/Andres/Documents/GitHub/Shank2.0/Programacion/CCS/tivac_EK-TM4C123GXL_Wire/Debug\libtivac_EK-TM4C123GXL_Wire.a(Wire.o) (I2CSlaveEnable)
C:/Users/Andres/AppData/Local/Energia15/packages/energia/hardware/tivac/1.0.3/system/driverlib\libdriverlib.a(interrupt.o)
                              C:/Users/Andres/AppData/Local/Energia15/packages/energia/hardware/tivac/1.0.3/system/driverlib\libdriverlib.a(gpio.o) (IntRegister)
C:/Users/Andres/AppData/Local/Energia15/packages/energia/hardware/tivac/1.0.3/system/driverlib\libdriverlib.a(sysctl.o)
                              C:/Users/Andres/AppData/Local/Energia15/packages/energia/hardware/tivac/1.0.3/system/driverlib\libdriverlib.a(eeprom.o) (SysCtlPeripheralReset)
C:/Users/Andres/AppData/Local/Energia15/packages/energia/hardware/tivac/1.0.3/system/driverlib\libdriverlib.a(cpu.o)
                              C:/Users/Andres/AppData/Local/Energia15/packages/energia/hardware/tivac/1.0.3/system/driverlib\libdriverlib.a(interrupt.o) (CPUcpsid)
c:/users/andres/appdata/local/energia15/packages/energia/tools/arm-none-eabi-gcc/6.3.1-20170620/bin/../lib/gcc/arm-none-eabi/6.3.1/../../../../arm-none-eabi/lib/thumb/v7e-m/fpv4-sp/hard\libm.a(lib_a-wf_sqrt.o)
                              C:/Users/Andres/Documents/GitHub/Shank2.0/Programacion/CCS/tivac_EK-TM4C123GXL_L3G/Debug\libtivac_EK-TM4C123GXL_L3G.a(L3G.o) (sqrtf)
c:/users/andres/appdata/local/energia15/packages/energia/tools/arm-none-eabi-gcc/6.3.1-20170620/bin/../lib/gcc/arm-none-eabi/6.3.1/../../../../arm-none-eabi/lib/thumb/v7e-m/fpv4-sp/hard\libm.a(lib_a-ef_sqrt.o)
[...]
Memory Configuration

Name             Origin             Length             Attributes
flash            0x00000000         0x00040000         xr
ram              0x20000000         0x00008000         xrw
*default*        0x00000000         0xffffffff

Linker script and memory map

LOAD ./gyro.o
START GROUP

.text           0x00000000     0x2828
                0x00000000                . = ALIGN (0x4)
                0x00000000                _text = .
 *(.isr_vector)
 .isr_vector    0x00000000      0x26c C:/Users/Andres/Documents/GitHub/Shank2.0/Programacion/CCS/tivac_EK-TM4C123GXL_core/Debug\libtivac_EK-TM4C123GXL_core.a(startup_gcc.o)
                0x00000000                g_pfnVectors
 *(.text .text* .gnu.linkonce.t.*)
 .text.setup    0x0000026c       0x48 ./gyro.o
                0x0000026c                setup
 .text._Z11send_serialm
                0x000002b4       0x34 ./gyro.o
                0x000002b4                send_serial(unsigned long)
 .text._Z8leergirov
                0x000002e8      0x11c ./gyro.o
                0x000002e8                leergiro()
 .text.loop     0x00000404       0x1c ./gyro.o
                0x00000404                loop
 .text._ZN3L3G4readEv
                0x00000420       0xa4 C:/Users/Andres/Documents/GitHub/Shank2.0/Programacion/CCS/tivac_EK-TM4C123GXL_L3G/Debug\libtivac_EK-TM4C123GXL_L3G.a(L3G.o)
                0x00000420                L3G::read()
 .text._ZN5Print17availableForWriteEv
                0x000004c4        0x4 C:/Users/Andres/Documents/GitHub/Shank2.0/Programacion/CCS/tivac_EK-TM4C123GXL_Wire/Debug\libtivac_EK-TM4C123GXL_Wire.a(Wire.o)
                0x000004c4                Print::availableForWrite()
 .text._ZN7TwoWire5writeEPKhj
                0x000004c8       0x20 C:/Users/Andres/Documents/GitHub/Shank2.0/Programacion/CCS/tivac_EK-TM4C123GXL_Wire/Debug\libtivac_EK-TM4C123GXL_Wire.a(Wire.o)
                0x000004c8                TwoWire::write(unsigned char const*, unsigned int)
 .text._ZN7TwoWire9availableEv
                0x000004e8       0x20 C:/Users/Andres/Documents/GitHub/Shank2.0/Programacion/CCS/tivac_EK-TM4C123GXL_Wire/Debug\libtivac_EK-TM4C123GXL_Wire.a(Wire.o)
                0x000004e8                TwoWire::available()
 .text._ZN7TwoWire4readEv
                0x00000508       0x3c C:/Users/Andres/Documents/GitHub/Shank2.0/Programacion/CCS/tivac_EK-TM4C123GXL_Wire/Debug\libtivac_EK-TM4C123GXL_Wire.a(Wire.o)
                0x00000508                TwoWire::read()
 .text._ZN7TwoWire4peekEv
                0x00000544       0x24 C:/Users/Andres/Documents/GitHub/Shank2.0/Programacion/CCS/tivac_EK-TM4C123GXL_Wire/Debug\libtivac_EK-TM4C123GXL_Wire.a(Wire.o)
                0x00000544                TwoWire::peek()
 .text._ZN7TwoWire5flushEv
                0x00000568       0x1c C:/Users/Andres/Documents/GitHub/Shank2.0/Programacion/CCS/tivac_EK-TM4C123GXL_Wire/Debug\libtivac_EK-TM4C123GXL_Wire.a(Wire.o)
                0x00000568                TwoWire::flush()
 .text._ZN7TwoWire5writeEh
                0x00000584       0x80 C:/Users/Andres/Documents/GitHub/Shank2.0/Programacion/CCS/tivac_EK-TM4C123GXL_Wire/Debug\libtivac_EK-TM4C123GXL_Wire.a(Wire.o)
                0x00000584                TwoWire::write(unsigned char)
 .text._Z8getErrorh
                0x00000604       0x18 C:/Users/Andres/Documents/GitHub/Shank2.0/Programacion/CCS/tivac_EK-TM4C123GXL_Wire/Debug\libtivac_EK-TM4C123GXL_Wire.a(Wire.o)
                0x00000604                getError(unsigned char)
 .text._ZN7TwoWire9getRxDataEm
                0x0000061c       0xb4 C:/Users/Andres/Documents/GitHub/Shank2.0/Programacion/CCS/tivac_EK-TM4C123GXL_Wire/Debug\libtivac_EK-TM4C123GXL_Wire.a(Wire.o)
                0x0000061c                TwoWire::getRxData(unsigned long)
 .text._ZN7TwoWire10sendTxDataEmh
                0x000006d0       0x7c C:/Users/Andres/Documents/GitHub/Shank2.0/Programacion/CCS/tivac_EK-TM4C123GXL_Wire/Debug\libtivac_EK-TM4C123GXL_Wire.a(Wire.o)
                0x000006d0                TwoWire::sendTxData(unsigned long, unsigned char)
 .text._ZN7TwoWire9forceStopEv
                0x0000074c       0xe4 C:/Users/Andres/Documents/GitHub/Shank2.0/Programacion/CCS/tivac_EK-TM4C123GXL_Wire/Debug\libtivac_EK-TM4C123GXL_Wire.a(Wire.o)
                0x0000074c                TwoWire::forceStop()
 .text._ZN7TwoWire5beginEv
                0x00000830      0x1ac C:/Users/Andres/Documents/GitHub/Shank2.0/Programacion/CCS/tivac_EK-TM4C123GXL_Wire/Debug\libtivac_EK-TM4C123GXL_Wire.a(Wire.o)
                0x00000830                TwoWire::begin()
 .text._ZN7TwoWire5beginEh
                0x000009dc       0xfc C:/Users/Andres/Documents/GitHub/Shank2.0/Programacion/CCS/tivac_EK-TM4C123GXL_Wire/Debug\libtivac_EK-TM4C123GXL_Wire.a(Wire.o)
                0x000009dc                TwoWire::begin(unsigned char)
 .text._ZN7TwoWire11requestFromEhhh
                0x00000ad8       0xe0 C:/Users/Andres/Documents/GitHub/Shank2.0/Programacion/CCS/tivac_EK-TM4C123GXL_Wire/Debug\libtivac_EK-TM4C123GXL_Wire.a(Wire.o)
                0x00000ad8                TwoWire::requestFrom(unsigned char, unsigned char, unsigned char)
 .text._ZN7TwoWire11requestFromEhh
                0x00000bb8        0x6 C:/Users/Andres/Documents/GitHub/Shank2.0/Programacion/CCS/tivac_EK-TM4C123GXL_Wire/Debug\libtivac_EK-TM4C123GXL_Wire.a(Wire.o)
                0x00000bb8                TwoWire::requestFrom(unsigned char, unsigned char)
 *fill*         0x00000bbe        0x2 
 .text._ZN7TwoWire17beginTransmissionEh
                0x00000bc0       0x14 C:/Users/Andres/Documents/GitHub/Shank2.0/Programacion/CCS/tivac_EK-TM4C123GXL_Wire/Debug\libtivac_EK-TM4C123GXL_Wire.a(Wire.o)
                0x00000bc0                TwoWire::beginTransmission(unsigned char)
 .text._ZN7TwoWire15endTransmissionEh
                0x00000bd4      0x130 C:/Users/Andres/Documents/GitHub/Shank2.0/Programacion/CCS/tivac_EK-TM4C123GXL_Wire/Debug\libtivac_EK-TM4C123GXL_Wire.a(Wire.o)
                0x00000bd4                TwoWire::endTransmission(unsigned char)
 .text._ZN7TwoWire15endTransmissionEv
                0x00000d04        0x6 C:/Users/Andres/Documents/GitHub/Shank2.0/Programacion/CCS/tivac_EK-TM4C123GXL_Wire/Debug\libtivac_EK-TM4C123GXL_Wire.a(Wire.o)
                0x00000d04                TwoWire::endTransmission()
 *fill*         0x00000d0a        0x2 
 .text._ZN7TwoWire13I2CIntHandlerEv
                0x00000d0c      0x158 C:/Users/Andres/Documents/GitHub/Shank2.0/Programacion/CCS/tivac_EK-TM4C123GXL_Wire/Debug\libtivac_EK-TM4C123GXL_Wire.a(Wire.o)
                0x00000d0c                TwoWire::I2CIntHandler()
 .text.I2CIntHandler
                0x00000e64        0xc C:/Users/Andres/Documents/GitHub/Shank2.0/Programacion/CCS/tivac_EK-TM4C123GXL_Wire/Debug\libtivac_EK-TM4C123GXL_Wire.a(Wire.o)
                0x00000e64                I2CIntHandler
 .text._ZN7TwoWire9setModuleEm
                0x00000e70       0x1c C:/Users/Andres/Documents/GitHub/Shank2.0/Programacion/CCS/tivac_EK-TM4C123GXL_Wire/Debug\libtivac_EK-TM4C123GXL_Wire.a(Wire.o)
                0x00000e70                TwoWire::setModule(unsigned long)
 .text.startup._GLOBAL__sub_I__ZN7TwoWire8rxBufferE
                0x00000e8c       0x1c C:/Users/Andres/Documents/GitHub/Shank2.0/Programacion/CCS/tivac_EK-TM4C123GXL_Wire/Debug\libtivac_EK-TM4C123GXL_Wire.a(Wire.o)
 .text.NmiSR    0x00000ea8        0x2 C:/Users/Andres/Documents/GitHub/Shank2.0/Programacion/CCS/tivac_EK-TM4C123GXL_core/Debug\libtivac_EK-TM4C123GXL_core.a(startup_gcc.o)
 .text.FaultISR
                0x00000eaa        0x2 C:/Users/Andres/Documents/GitHub/Shank2.0/Programacion/CCS/tivac_EK-TM4C123GXL_core/Debug\libtivac_EK-TM4C123GXL_core.a(startup_gcc.o)
 .text.IntDefaultHandler
                0x00000eac        0x2 C:/Users/Andres/Documents/GitHub/Shank2.0/Programacion/CCS/tivac_EK-TM4C123GXL_core/Debug\libtivac_EK-TM4C123GXL_core.a(startup_gcc.o)
 *fill*         0x00000eae        0x2 
 .text.ResetISR
                0x00000eb0       0x98 C:/Users/Andres/Documents/GitHub/Shank2.0/Programacion/CCS/tivac_EK-TM4C123GXL_core/Debug\libtivac_EK-TM4C123GXL_core.a(startup_gcc.o)
                0x00000eb0                ResetISR
 .text.ToneIntHandler
                0x00000f48        0x2 C:/Users/Andres/Documents/GitHub/Shank2.0/Programacion/CCS/tivac_EK-TM4C123GXL_core/Debug\libtivac_EK-TM4C123GXL_core.a(startup_gcc.o)
                0x00000f48                ToneIntHandler
 *fill*         0x00000f4a        0x2 
 .text._sbrk    0x00000f4c       0x28 C:/Users/Andres/Documents/GitHub/Shank2.0/Programacion/CCS/tivac_EK-TM4C123GXL_core/Debug\libtivac_EK-TM4C123GXL_core.a(startup_gcc.o)
                0x00000f4c                _sbrk
 .text.GPIOXIntHandler
                0x00000f74       0x30 C:/Users/Andres/Documents/GitHub/Shank2.0/Programacion/CCS/tivac_EK-TM4C123GXL_core/Debug\libtivac_EK-TM4C123GXL_core.a(WInterrupts.o)
                0x00000f74                GPIOXIntHandler
 .text.GPIOAIntHandler
                0x00000fa4       0x10 C:/Users/Andres/Documents/GitHub/Shank2.0/Programacion/CCS/tivac_EK-TM4C123GXL_core/Debug\libtivac_EK-TM4C123GXL_core.a(WInterrupts.o)
                0x00000fa4                GPIOAIntHandler
 .text.GPIOBIntHandler
                0x00000fb4       0x10 C:/Users/Andres/Documents/GitHub/Shank2.0/Programacion/CCS/tivac_EK-TM4C123GXL_core/Debug\libtivac_EK-TM4C123GXL_core.a(WInterrupts.o)
                0x00000fb4                GPIOBIntHandler
 .text.GPIOCIntHandler
                0x00000fc4       0x10 C:/Users/Andres/Documents/GitHub/Shank2.0/Programacion/CCS/tivac_EK-TM4C123GXL_core/Debug\libtivac_EK-TM4C123GXL_core.a(WInterrupts.o)
                0x00000fc4                GPIOCIntHandler
 .text.GPIODIntHandler
                0x00000fd4       0x10 C:/Users/Andres/Documents/GitHub/Shank2.0/Programacion/CCS/tivac_EK-TM4C123GXL_core/Debug\libtivac_EK-TM4C123GXL_core.a(WInterrupts.o)
                0x00000fd4                GPIODIntHandler
 .text.GPIOEIntHandler
                0x00000fe4       0x10 C:/Users/Andres/Documents/GitHub/Shank2.0/Programacion/CCS/tivac_EK-TM4C123GXL_core/Debug\libtivac_EK-TM4C123GXL_core.a(WInterrupts.o)
                0x00000fe4                GPIOEIntHandler
 .text.GPIOFIntHandler
                0x00000ff4       0x10 C:/Users/Andres/Documents/GitHub/Shank2.0/Programacion/CCS/tivac_EK-TM4C123GXL_core/Debug\libtivac_EK-TM4C123GXL_core.a(WInterrupts.o)
                0x00000ff4                GPIOFIntHandler
 .text.GPIOGIntHandler
                0x00001004       0x10 C:/Users/Andres/Documents/GitHub/Shank2.0/Programacion/CCS/tivac_EK-TM4C123GXL_core/Debug\libtivac_EK-TM4C123GXL_core.a(WInterrupts.o)
                0x00001004                GPIOGIntHandler
 .text.GPIOHIntHandler
                0x00001014       0x10 C:/Users/Andres/Documents/GitHub/Shank2.0/Programacion/CCS/tivac_EK-TM4C123GXL_core/Debug\libtivac_EK-TM4C123GXL_core.a(WInterrupts.o)
                0x00001014                GPIOHIntHandler
 .text.GPIOJIntHandler
                0x00001024       0x10 C:/Users/Andres/Documents/GitHub/Shank2.0/Programacion/CCS/tivac_EK-TM4C123GXL_core/Debug\libtivac_EK-TM4C123GXL_core.a(WInterrupts.o)
                0x00001024                GPIOJIntHandler
 .text.GPIOKIntHandler
                0x00001034       0x10 C:/Users/Andres/Documents/GitHub/Shank2.0/Programacion/CCS/tivac_EK-TM4C123GXL_core/Debug\libtivac_EK-TM4C123GXL_core.a(WInterrupts.o)
                0x00001034                GPIOKIntHandler
 .text.GPIOLIntHandler
                0x00001044       0x10 C:/Users/Andres/Documents/GitHub/Shank2.0/Programacion/CCS/tivac_EK-TM4C123GXL_core/Debug\libtivac_EK-TM4C123GXL_core.a(WInterrupts.o)
                0x00001044                GPIOLIntHandler
 .text.GPIOMIntHandler
                0x00001054       0x10 C:/Users/Andres/Documents/GitHub/Shank2.0/Programacion/CCS/tivac_EK-TM4C123GXL_core/Debug\libtivac_EK-TM4C123GXL_core.a(WInterrupts.o)
                0x00001054                GPIOMIntHandler
 .text.GPIONIntHandler
                0x00001064       0x10 C:/Users/Andres/Documents/GitHub/Shank2.0/Programacion/CCS/tivac_EK-TM4C123GXL_core/Debug\libtivac_EK-TM4C123GXL_core.a(WInterrupts.o)
                0x00001064                GPIONIntHandler
 .text.GPIOPIntHandler
                0x00001074       0x10 C:/Users/Andres/Documents/GitHub/Shank2.0/Programacion/CCS/tivac_EK-TM4C123GXL_core/Debug\libtivac_EK-TM4C123GXL_core.a(WInterrupts.o)
                0x00001074                GPIOPIntHandler
 .text.GPIOQIntHandler
                0x00001084       0x10 C:/Users/Andres/Documents/GitHub/Shank2.0/Programacion/CCS/tivac_EK-TM4C123GXL_core/Debug\libtivac_EK-TM4C123GXL_core.a(WInterrupts.o)
                0x00001084                GPIOQIntHandler
 .text.timerInit
                0x00001094       0x58 C:/Users/Andres/Documents/GitHub/Shank2.0/Programacion/CCS/tivac_EK-TM4C123GXL_core/Debug\libtivac_EK-TM4C123GXL_core.a(wiring.o)
                0x00001094                timerInit
 .text.millis   0x000010ec        0xc C:/Users/Andres/Documents/GitHub/Shank2.0/Programacion/CCS/tivac_EK-TM4C123GXL_core/Debug\libtivac_EK-TM4C123GXL_core.a(wiring.o)
                0x000010ec                millis
 .text.delay    0x000010f8       0x18 C:/Users/Andres/Documents/GitHub/Shank2.0/Programacion/CCS/tivac_EK-TM4C123GXL_core/Debug\libtivac_EK-TM4C123GXL_core.a(wiring.o)
                0x000010f8                delay
 .text.delayMicroseconds
                0x00001110       0x50 C:/Users/Andres/Documents/GitHub/Shank2.0/Programacion/CCS/tivac_EK-TM4C123GXL_core/Debug\libtivac_EK-TM4C123GXL_core.a(wiring.o)
                0x00001110                delayMicroseconds
 .text.SysTickIntHandler
                0x00001160       0x28 C:/Users/Andres/Documents/GitHub/Shank2.0/Programacion/CCS/tivac_EK-TM4C123GXL_core/Debug\libtivac_EK-TM4C123GXL_core.a(wiring.o)
                0x00001160                SysTickIntHandler
 .text.pinMode  0x00001188       0xa8 C:/Users/Andres/Documents/GitHub/Shank2.0/Programacion/CCS/tivac_EK-TM4C123GXL_core/Debug\libtivac_EK-TM4C123GXL_core.a(wiring_digital.o)
                0x00001188                pinMode
 .text.digitalWrite
                0x00001230       0x3c C:/Users/Andres/Documents/GitHub/Shank2.0/Programacion/CCS/tivac_EK-TM4C123GXL_core/Debug\libtivac_EK-TM4C123GXL_core.a(wiring_digital.o)
                0x00001230                digitalWrite
 .text._ZN14HardwareSerial9availableEv
                0x0000126c       0x12 C:/Users/Andres/Documents/GitHub/Shank2.0/Programacion/CCS/tivac_EK-TM4C123GXL_core/Debug\libtivac_EK-TM4C123GXL_core.a(HardwareSerial.o)
                0x0000126c                HardwareSerial::available()
 .text._ZN14HardwareSerial4peekEv
                0x0000127e       0x12 C:/Users/Andres/Documents/GitHub/Shank2.0/Programacion/CCS/tivac_EK-TM4C123GXL_core/Debug\libtivac_EK-TM4C123GXL_core.a(HardwareSerial.o)
                0x0000127e                HardwareSerial::peek()
 .text._ZN14HardwareSerial4readEv
                0x00001290       0x26 C:/Users/Andres/Documents/GitHub/Shank2.0/Programacion/CCS/tivac_EK-TM4C123GXL_core/Debug\libtivac_EK-TM4C123GXL_core.a(HardwareSerial.o)
                0x00001290                HardwareSerial::read()
 *fill*         0x000012b6        0x2 
 .text._ZN14HardwareSerial5flushEv
                0x000012b8       0x2c C:/Users/Andres/Documents/GitHub/Shank2.0/Programacion/CCS/tivac_EK-TM4C123GXL_core/Debug\libtivac_EK-TM4C123GXL_core.a(HardwareSerial.o)
                0x000012b8                HardwareSerial::flush()
 .text._ZN14HardwareSerialC2Ev
                0x000012e4       0x30 C:/Users/Andres/Documents/GitHub/Shank2.0/Programacion/CCS/tivac_EK-TM4C123GXL_core/Debug\libtivac_EK-TM4C123GXL_core.a(HardwareSerial.o)
                0x000012e4                HardwareSerial::HardwareSerial()
                0x000012e4                HardwareSerial::HardwareSerial()
 .text._ZN14HardwareSerialC2Em
                0x00001314       0x30 C:/Users/Andres/Documents/GitHub/Shank2.0/Programacion/CCS/tivac_EK-TM4C123GXL_core/Debug\libtivac_EK-TM4C123GXL_core.a(HardwareSerial.o)
                0x00001314                HardwareSerial::HardwareSerial(unsigned long)
                0x00001314                HardwareSerial::HardwareSerial(unsigned long)
 .text._ZN14HardwareSerial8flushAllEv
                0x00001344       0x34 C:/Users/Andres/Documents/GitHub/Shank2.0/Programacion/CCS/tivac_EK-TM4C123GXL_core/Debug\libtivac_EK-TM4C123GXL_core.a(HardwareSerial.o)
                0x00001344                HardwareSerial::flushAll()
 .text._ZN14HardwareSerial13primeTransmitEm
                0x00001378       0x80 C:/Users/Andres/Documents/GitHub/Shank2.0/Programacion/CCS/tivac_EK-TM4C123GXL_core/Debug\libtivac_EK-TM4C123GXL_core.a(HardwareSerial.o)
                0x00001378                HardwareSerial::primeTransmit(unsigned long)
 .text._ZN14HardwareSerial5writeEh
                0x000013f8       0x5c C:/Users/Andres/Documents/GitHub/Shank2.0/Programacion/CCS/tivac_EK-TM4C123GXL_core/Debug\libtivac_EK-TM4C123GXL_core.a(HardwareSerial.o)
                0x000013f8                HardwareSerial::write(unsigned char)
 .text._ZN14HardwareSerial5beginEm
                0x00001454      0x110 C:/Users/Andres/Documents/GitHub/Shank2.0/Programacion/CCS/tivac_EK-TM4C123GXL_core/Debug\libtivac_EK-TM4C123GXL_core.a(HardwareSerial.o)
                0x00001454                HardwareSerial::begin(unsigned long)
 .text._ZN14HardwareSerial14UARTIntHandlerEv
                0x00001564       0xcc C:/Users/Andres/Documents/GitHub/Shank2.0/Programacion/CCS/tivac_EK-TM4C123GXL_core/Debug\libtivac_EK-TM4C123GXL_core.a(HardwareSerial.o)
                0x00001564                HardwareSerial::UARTIntHandler()
 .text.UARTIntHandler
                0x00001630        0xc C:/Users/Andres/Documents/GitHub/Shank2.0/Programacion/CCS/tivac_EK-TM4C123GXL_core/Debug\libtivac_EK-TM4C123GXL_core.a(HardwareSerial.o)
                0x00001630                UARTIntHandler
 .text.UARTIntHandler1
                0x0000163c        0xc C:/Users/Andres/Documents/GitHub/Shank2.0/Programacion/CCS/tivac_EK-TM4C123GXL_core/Debug\libtivac_EK-TM4C123GXL_core.a(HardwareSerial.o)
                0x0000163c                UARTIntHandler1
 .text.UARTIntHandler2
                0x00001648        0xc C:/Users/Andres/Documents/GitHub/Shank2.0/Programacion/CCS/tivac_EK-TM4C123GXL_core/Debug\libtivac_EK-TM4C123GXL_core.a(HardwareSerial.o)
                0x00001648                UARTIntHandler2
 .text.UARTIntHandler3
                0x00001654        0xc C:/Users/Andres/Documents/GitHub/Shank2.0/Programacion/CCS/tivac_EK-TM4C123GXL_core/Debug\libtivac_EK-TM4C123GXL_core.a(HardwareSerial.o)
                0x00001654                UARTIntHandler3
 .text.UARTIntHandler4
                0x00001660        0xc C:/Users/Andres/Documents/GitHub/Shank2.0/Programacion/CCS/tivac_EK-TM4C123GXL_core/Debug\libtivac_EK-TM4C123GXL_core.a(HardwareSerial.o)
                0x00001660                UARTIntHandler4
 .text.UARTIntHandler5
                0x0000166c        0xc C:/Users/Andres/Documents/GitHub/Shank2.0/Programacion/CCS/tivac_EK-TM4C123GXL_core/Debug\libtivac_EK-TM4C123GXL_core.a(HardwareSerial.o)
                0x0000166c                UARTIntHandler5
 .text.UARTIntHandler6
                0x00001678        0xc C:/Users/Andres/Documents/GitHub/Shank2.0/Programacion/CCS/tivac_EK-TM4C123GXL_core/Debug\libtivac_EK-TM4C123GXL_core.a(HardwareSerial.o)
                0x00001678                UARTIntHandler6
 .text.UARTIntHandler7
                0x00001684        0xc C:/Users/Andres/Documents/GitHub/Shank2.0/Programacion/CCS/tivac_EK-TM4C123GXL_core/Debug\libtivac_EK-TM4C123GXL_core.a(HardwareSerial.o)
                0x00001684                UARTIntHandler7
 .text._Z11serialEventv
                0x00001690        0x2 C:/Users/Andres/Documents/GitHub/Shank2.0/Programacion/CCS/tivac_EK-TM4C123GXL_core/Debug\libtivac_EK-TM4C123GXL_core.a(HardwareSerial.o)
                0x00001690                serialEvent()
 .text._Z12serialEvent1v
                0x00001692        0x2 C:/Users/Andres/Documents/GitHub/Shank2.0/Programacion/CCS/tivac_EK-TM4C123GXL_core/Debug\libtivac_EK-TM4C123GXL_core.a(HardwareSerial.o)
                0x00001692                serialEvent1()
 .text._Z12serialEvent2v
                0x00001694        0x2 C:/Users/Andres/Documents/GitHub/Shank2.0/Programacion/CCS/tivac_EK-TM4C123GXL_core/Debug\libtivac_EK-TM4C123GXL_core.a(HardwareSerial.o)
                0x00001694                serialEvent2()
 .text._Z12serialEvent3v
                0x00001696        0x2 C:/Users/Andres/Documents/GitHub/Shank2.0/Programacion/CCS/tivac_EK-TM4C123GXL_core/Debug\libtivac_EK-TM4C123GXL_core.a(HardwareSerial.o)
                0x00001696                serialEvent3()
 .text._Z12serialEvent4v
                0x00001698        0x2 C:/Users/Andres/Documents/GitHub/Shank2.0/Programacion/CCS/tivac_EK-TM4C123GXL_core/Debug\libtivac_EK-TM4C123GXL_core.a(HardwareSerial.o)
                0x00001698                serialEvent4()
 .text._Z12serialEvent5v
                0x0000169a        0x2 C:/Users/Andres/Documents/GitHub/Shank2.0/Programacion/CCS/tivac_EK-TM4C123GXL_core/Debug\libtivac_EK-TM4C123GXL_core.a(HardwareSerial.o)
                0x0000169a                serialEvent5()
 .text._Z12serialEvent6v
                0x0000169c        0x2 C:/Users/Andres/Documents/GitHub/Shank2.0/Programacion/CCS/tivac_EK-TM4C123GXL_core/Debug\libtivac_EK-TM4C123GXL_core.a(HardwareSerial.o)
                0x0000169c                serialEvent6()
 .text._Z12serialEvent7v
                0x0000169e        0x2 C:/Users/Andres/Documents/GitHub/Shank2.0/Programacion/CCS/tivac_EK-TM4C123GXL_core/Debug\libtivac_EK-TM4C123GXL_core.a(HardwareSerial.o)
                0x0000169e                serialEvent7()
 .text._Z14serialEventRunv
                0x000016a0       0x84 C:/Users/Andres/Documents/GitHub/Shank2.0/Programacion/CCS/tivac_EK-TM4C123GXL_core/Debug\libtivac_EK-TM4C123GXL_core.a(HardwareSerial.o)
                0x000016a0                serialEventRun()
 .text.startup._GLOBAL__sub_I__ZN14HardwareSerialC2Ev
                0x00001724       0x64 C:/Users/Andres/Documents/GitHub/Shank2.0/Programacion/CCS/tivac_EK-TM4C123GXL_core/Debug\libtivac_EK-TM4C123GXL_core.a(HardwareSerial.o)
 .text._init    0x00001788      0x140 C:/Users/Andres/Documents/GitHub/Shank2.0/Programacion/CCS/tivac_EK-TM4C123GXL_core/Debug\libtivac_EK-TM4C123GXL_core.a(main.o)
                0x00001788                _init
 .text.startup.main
                0x000018c8       0x1c C:/Users/Andres/Documents/GitHub/Shank2.0/Programacion/CCS/tivac_EK-TM4C123GXL_core/Debug\libtivac_EK-TM4C123GXL_core.a(main.o)
                0x000018c8                main
 .text._ZN5Print5writeEPKhj
                0x000018e4       0x2c C:/Users/Andres/Documents/GitHub/Shank2.0/Programacion/CCS/tivac_EK-TM4C123GXL_core/Debug\libtivac_EK-TM4C123GXL_core.a(Print.o)
                0x000018e4                Print::write(unsigned char const*, unsigned int)
 .text._EEPROMWaitForDone
                0x00001910       0x10 C:/Users/Andres/AppData/Local/Energia15/packages/energia/hardware/tivac/1.0.3/system/driverlib\libdriverlib.a(eeprom.o)
 .text._EEPROMSectorMaskClear
                0x00001920       0x34 C:/Users/Andres/AppData/Local/Energia15/packages/energia/hardware/tivac/1.0.3/system/driverlib\libdriverlib.a(eeprom.o)
 .text.EEPROMMassErase
                0x00001954       0x58 C:/Users/Andres/AppData/Local/Energia15/packages/energia/hardware/tivac/1.0.3/system/driverlib\libdriverlib.a(eeprom.o)
                0x00001954                EEPROMMassErase
 .text.GPIOPadConfigSet
                0x000019ac      0x130 C:/Users/Andres/AppData/Local/Energia15/packages/energia/hardware/tivac/1.0.3/system/driverlib\libdriverlib.a(gpio.o)
                0x000019ac                GPIOPadConfigSet
 .text.GPIOIntStatus
                0x00001adc        0xe C:/Users/Andres/AppData/Local/Energia15/packages/energia/hardware/tivac/1.0.3/system/driverlib\libdriverlib.a(gpio.o)
                0x00001adc                GPIOIntStatus
 .text.GPIOIntClear
                0x00001aea        0x6 C:/Users/Andres/AppData/Local/Energia15/packages/energia/hardware/tivac/1.0.3/system/driverlib\libdriverlib.a(gpio.o)
                0x00001aea                GPIOIntClear
 .text.I2CSlaveEnable
                0x00001af0       0x10 C:/Users/Andres/AppData/Local/Energia15/packages/energia/hardware/tivac/1.0.3/system/driverlib\libdriverlib.a(i2c.o)
                0x00001af0                I2CSlaveEnable
 .text.I2CSlaveInit
                0x00001b00       0x10 C:/Users/Andres/AppData/Local/Energia15/packages/energia/hardware/tivac/1.0.3/system/driverlib\libdriverlib.a(i2c.o)
                0x00001b00                I2CSlaveInit
 .text.I2CSlaveIntEnableEx
                0x00001b10        0xc C:/Users/Andres/AppData/Local/Energia15/packages/energia/hardware/tivac/1.0.3/system/driverlib\libdriverlib.a(i2c.o)
                0x00001b10                I2CSlaveIntEnableEx
 .text.I2CSlaveStatus
                0x00001b1c        0x6 C:/Users/Andres/AppData/Local/Energia15/packages/energia/hardware/tivac/1.0.3/system/driverlib\libdriverlib.a(i2c.o)
                0x00001b1c                I2CSlaveStatus
 .text.I2CSlaveDataPut
                0x00001b22        0x6 C:/Users/Andres/AppData/Local/Energia15/packages/energia/hardware/tivac/1.0.3/system/driverlib\libdriverlib.a(i2c.o)
                0x00001b22                I2CSlaveDataPut
 .text.I2CSlaveDataGet
                0x00001b28        0x6 C:/Users/Andres/AppData/Local/Energia15/packages/energia/hardware/tivac/1.0.3/system/driverlib\libdriverlib.a(i2c.o)
                0x00001b28                I2CSlaveDataGet
 .text.SysCtlPeripheralReset
                0x00001b2e       0x3a C:/Users/Andres/AppData/Local/Energia15/packages/energia/hardware/tivac/1.0.3/system/driverlib\libdriverlib.a(sysctl.o)
                0x00001b2e                SysCtlPeripheralReset
 .text.SysCtlLDODeepSleepSet
                0x00001b68        0xc C:/Users/Andres/AppData/Local/Energia15/packages/energia/hardware/tivac/1.0.3/system/driverlib\libdriverlib.a(sysctl.o)
                0x00001b68                SysCtlLDODeepSleepSet
 .text.SysCtlDeepSleepPowerSet
                0x00001b74        0xc C:/Users/Andres/AppData/Local/Energia15/packages/energia/hardware/tivac/1.0.3/system/driverlib\libdriverlib.a(sysctl.o)
                0x00001b74                SysCtlDeepSleepPowerSet
 .text.SysCtlDelay
                0x00001b80        0x8 C:/Users/Andres/AppData/Local/Energia15/packages/energia/hardware/tivac/1.0.3/system/driverlib\libdriverlib.a(sysctl.o)
                0x00001b80                SysCtlDelay
 .text.malloc   0x00001b88       0x10 c:/users/andres/appdata/local/energia15/packages/energia/tools/arm-none-eabi-gcc/6.3.1-20170620/bin/../lib/gcc/arm-none-eabi/6.3.1/../../../../arm-none-eabi/lib/thumb/v7e-m/fpv4-sp/hard\libc_nano.a(lib_a-malloc.o)
                0x00001b88                malloc
 .text.free     0x00001b98       0x10 c:/users/andres/appdata/local/energia15/packages/energia/tools/arm-none-eabi-gcc/6.3.1-20170620/bin/../lib/gcc/arm-none-eabi/6.3.1/../../../../arm-none-eabi/lib/thumb/v7e-m/fpv4-sp/hard\libc_nano.a(lib_a-malloc.o)
                0x00001b98                free
 .text._free_r  0x00001ba8       0x9c c:/users/andres/appdata/local/energia15/packages/energia/tools/arm-none-eabi-gcc/6.3.1-20170620/bin/../lib/gcc/arm-none-eabi/6.3.1/../../../../arm-none-eabi/lib/thumb/v7e-m/fpv4-sp/hard\libc_nano.a(lib_a-nano-freer.o)
                0x00001ba8                _free_r
 .text._malloc_r
                0x00001c44       0xbc c:/users/andres/appdata/local/energia15/packages/energia/tools/arm-none-eabi-gcc/6.3.1-20170620/bin/../lib/gcc/arm-none-eabi/6.3.1/../../../../arm-none-eabi/lib/thumb/v7e-m/fpv4-sp/hard\libc_nano.a(lib_a-nano-mallocr.o)
                0x00001c44                _malloc_r
 .text._sbrk_r  0x00001d00       0x20 c:/users/andres/appdata/local/energia15/packages/energia/tools/arm-none-eabi-gcc/6.3.1-20170620/bin/../lib/gcc/arm-none-eabi/6.3.1/../../../../arm-none-eabi/lib/thumb/v7e-m/fpv4-sp/hard\libc_nano.a(lib_a-sbrkr.o)
                0x00001d00                _sbrk_r
 .text.__malloc_lock
                0x00001d20        0x2 c:/users/andres/appdata/local/energia15/packages/energia/tools/arm-none-eabi-gcc/6.3.1-20170620/bin/../lib/gcc/arm-none-eabi/6.3.1/../../../../arm-none-eabi/lib/thumb/v7e-m/fpv4-sp/hard\libc_nano.a(lib_a-mlock.o)
                0x00001d20                __malloc_lock
 .text.__malloc_unlock
                0x00001d22        0x2 c:/users/andres/appdata/local/energia15/packages/energia/tools/arm-none-eabi-gcc/6.3.1-20170620/bin/../lib/gcc/arm-none-eabi/6.3.1/../../../../arm-none-eabi/lib/thumb/v7e-m/fpv4-sp/hard\libc_nano.a(lib_a-mlock.o)
                0x00001d22                __malloc_unlock
 .text          0x00001d24      0x370 c:/users/andres/appdata/local/energia15/packages/energia/tools/arm-none-eabi-gcc/6.3.1-20170620/bin/../lib/gcc/arm-none-eabi/6.3.1/thumb/v7e-m/fpv4-sp/hard\libgcc.a(_arm_addsubdf3.o)
                0x00001d24                __aeabi_drsub
                0x00001d2c                __aeabi_dsub
                0x00001d2c                __subdf3
                0x00001d30                __aeabi_dadd
                0x00001d30                __adddf3
                0x00001fa8                __floatunsidf
                0x00001fa8                __aeabi_ui2d
                0x00001fc8                __floatsidf
                0x00001fc8                __aeabi_i2d
                0x00001fec                __aeabi_f2d
                0x00001fec                __extendsfdf2
                0x00002028                __floatundidf
                0x00002028                __aeabi_ul2d
                0x00002038                __floatdidf
                0x00002038                __aeabi_l2d
 .text          0x00002094      0x424 c:/users/andres/appdata/local/energia15/packages/energia/tools/arm-none-eabi-gcc/6.3.1-20170620/bin/../lib/gcc/arm-none-eabi/6.3.1/thumb/v7e-m/fpv4-sp/hard\libgcc.a(_arm_muldivdf3.o)
                0x00002094                __aeabi_dmul
                0x00002094                __muldf3
                0x000022e8                __divdf3
                0x000022e8                __aeabi_ddiv
 .text          0x000024b8      0x110 c:/users/andres/appdata/local/energia15/packages/energia/tools/arm-none-eabi-gcc/6.3.1-20170620/bin/../lib/gcc/arm-none-eabi/6.3.1/thumb/v7e-m/fpv4-sp/hard\libgcc.a(_arm_cmpdf2.o)
                0x000024b8                __gtdf2
                0x000024b8                __gedf2
                0x000024c0                __ltdf2
                0x000024c0                __ledf2
                0x000024c8                __nedf2
                0x000024c8                __eqdf2
                0x000024c8                __cmpdf2
                0x00002544                __aeabi_cdrcmple
                0x00002554                __aeabi_cdcmpeq
                0x00002554                __aeabi_cdcmple
                0x00002564                __aeabi_dcmpeq
                0x00002578                __aeabi_dcmplt
                0x0000258c                __aeabi_dcmple
                0x000025a0                __aeabi_dcmpge
                0x000025b4                __aeabi_dcmpgt
 .text          0x000025c8       0x40 c:/users/andres/appdata/local/energia15/packages/energia/tools/arm-none-eabi-gcc/6.3.1-20170620/bin/../lib/gcc/arm-none-eabi/6.3.1/thumb/v7e-m/fpv4-sp/hard\libgcc.a(_arm_fixunsdfsi.o)
                0x000025c8                __aeabi_d2uiz
                0x000025c8                __fixunsdfsi
 *(.glue_7t)
 .glue_7t       0x00002608        0x0 linker stubs
 *(.glue_7)
 .glue_7        0x00002608        0x0 linker stubs
 *(.rodata .rodata* .gnu.linkonce.r.*)
 .rodata._ZL10g_uli2cInt
                0x00002608       0x10 C:/Users/Andres/Documents/GitHub/Shank2.0/Programacion/CCS/tivac_EK-TM4C123GXL_Wire/Debug\libtivac_EK-TM4C123GXL_Wire.a(Wire.o)
 .rodata._ZL11g_uli2cBase
                0x00002618       0x10 C:/Users/Andres/Documents/GitHub/Shank2.0/Programacion/CCS/tivac_EK-TM4C123GXL_Wire/Debug\libtivac_EK-TM4C123GXL_Wire.a(Wire.o)
 .rodata._ZL13g_uli2cConfig
                0x00002628       0x20 C:/Users/Andres/Documents/GitHub/Shank2.0/Programacion/CCS/tivac_EK-TM4C123GXL_Wire/Debug\libtivac_EK-TM4C123GXL_Wire.a(Wire.o)
 .rodata._ZL13g_uli2cPeriph
                0x00002648       0x10 C:/Users/Andres/Documents/GitHub/Shank2.0/Programacion/CCS/tivac_EK-TM4C123GXL_Wire/Debug\libtivac_EK-TM4C123GXL_Wire.a(Wire.o)
 .rodata._ZL14g_uli2cSCLPins
                0x00002658       0x10 C:/Users/Andres/Documents/GitHub/Shank2.0/Programacion/CCS/tivac_EK-TM4C123GXL_Wire/Debug\libtivac_EK-TM4C123GXL_Wire.a(Wire.o)
 .rodata._ZL14g_uli2cSDAPins
                0x00002668       0x10 C:/Users/Andres/Documents/GitHub/Shank2.0/Programacion/CCS/tivac_EK-TM4C123GXL_Wire/Debug\libtivac_EK-TM4C123GXL_Wire.a(Wire.o)
 .rodata._ZL16g_uli2cSlaveBase
                0x00002678       0x10 C:/Users/Andres/Documents/GitHub/Shank2.0/Programacion/CCS/tivac_EK-TM4C123GXL_Wire/Debug\libtivac_EK-TM4C123GXL_Wire.a(Wire.o)
 .rodata._ZTV7TwoWire
                0x00002688       0x24 C:/Users/Andres/Documents/GitHub/Shank2.0/Programacion/CCS/tivac_EK-TM4C123GXL_Wire/Debug\libtivac_EK-TM4C123GXL_Wire.a(Wire.o)
                0x00002688                vtable for TwoWire
 .rodata.digital_pin_to_bit_mask
                0x000026ac       0x29 C:/Users/Andres/Documents/GitHub/Shank2.0/Programacion/CCS/tivac_EK-TM4C123GXL_core/Debug\libtivac_EK-TM4C123GXL_core.a(wiring_digital.o)
                0x000026ac                digital_pin_to_bit_mask
 .rodata.digital_pin_to_port
                0x000026d5       0x29 C:/Users/Andres/Documents/GitHub/Shank2.0/Programacion/CCS/tivac_EK-TM4C123GXL_core/Debug\libtivac_EK-TM4C123GXL_core.a(wiring_digital.o)
                0x000026d5                digital_pin_to_port
 *fill*         0x000026fe        0x2 
 .rodata.port_to_base
                0x00002700       0x1c C:/Users/Andres/Documents/GitHub/Shank2.0/Programacion/CCS/tivac_EK-TM4C123GXL_core/Debug\libtivac_EK-TM4C123GXL_core.a(wiring_digital.o)
                0x00002700                port_to_base
 .rodata._ZL11g_ulUARTInt
                0x0000271c       0x20 C:/Users/Andres/Documents/GitHub/Shank2.0/Programacion/CCS/tivac_EK-TM4C123GXL_core/Debug\libtivac_EK-TM4C123GXL_core.a(HardwareSerial.o)
 .rodata._ZL12g_ulUARTBase
                0x0000273c       0x20 C:/Users/Andres/Documents/GitHub/Shank2.0/Programacion/CCS/tivac_EK-TM4C123GXL_core/Debug\libtivac_EK-TM4C123GXL_core.a(HardwareSerial.o)
 .rodata._ZL12g_ulUARTPins
                0x0000275c       0x20 C:/Users/Andres/Documents/GitHub/Shank2.0/Programacion/CCS/tivac_EK-TM4C123GXL_core/Debug\libtivac_EK-TM4C123GXL_core.a(HardwareSerial.o)
 .rodata._ZL12g_ulUARTPort
                0x0000277c       0x20 C:/Users/Andres/Documents/GitHub/Shank2.0/Programacion/CCS/tivac_EK-TM4C123GXL_core/Debug\libtivac_EK-TM4C123GXL_core.a(HardwareSerial.o)
 .rodata._ZL14g_ulUARTConfig
                0x0000279c       0x40 C:/Users/Andres/Documents/GitHub/Shank2.0/Programacion/CCS/tivac_EK-TM4C123GXL_core/Debug\libtivac_EK-TM4C123GXL_core.a(HardwareSerial.o)
 .rodata._ZL14g_ulUARTPeriph
                0x000027dc       0x20 C:/Users/Andres/Documents/GitHub/Shank2.0/Programacion/CCS/tivac_EK-TM4C123GXL_core/Debug\libtivac_EK-TM4C123GXL_core.a(HardwareSerial.o)
 .rodata._ZTV14HardwareSerial
                0x000027fc       0x24 C:/Users/Andres/Documents/GitHub/Shank2.0/Programacion/CCS/tivac_EK-TM4C123GXL_core/Debug\libtivac_EK-TM4C123GXL_core.a(HardwareSerial.o)
                0x000027fc                vtable for HardwareSerial
 *(.ARM.extab* .gnu.linkonce.armextab.*)
                0x00002820                . = ALIGN (0x4)
 *(.init)
                0x00002820                . = ALIGN (0x4)
                0x00002820                __preinit_array_start = .
 *(SORT(.preinit_array*))
 *(.preinit_array)
                0x00002820                __preinit_array_end = .
                0x00002820                . = ALIGN (0x4)
                0x00002820                __init_array_start = .
 *(SORT(.init_array.*))
 *(.init_array)
 .init_array    0x00002820        0x4 C:/Users/Andres/Documents/GitHub/Shank2.0/Programacion/CCS/tivac_EK-TM4C123GXL_Wire/Debug\libtivac_EK-TM4C123GXL_Wire.a(Wire.o)
 .init_array    0x00002824        0x4 C:/Users/Andres/Documents/GitHub/Shank2.0/Programacion/CCS/tivac_EK-TM4C123GXL_core/Debug\libtivac_EK-TM4C123GXL_core.a(HardwareSerial.o)
                0x00002828                __init_array_end = .
                0x00002828                . = ALIGN (0x4)
 *(.fini)
                0x00002828                . = ALIGN (0x4)
                0x00002828                __fini_array_start = .
 *(.fini_array)
 *(SORT(.fini_array.*))
                0x00002828                __fini_array_end = .
                0x00002828                . = ALIGN (0x4)
                0x00002828                _etext = .

.vfp11_veneer   0x00002828        0x0
 .vfp11_veneer  0x00002828        0x0 linker stubs

.v4_bx          0x00002828        0x0
 .v4_bx         0x00002828        0x0 linker stubs

.iplt           0x00002828        0x0
 .iplt          0x00002828        0x0 ./gyro.o

.rel.dyn        0x00002828        0x0
 .rel.iplt      0x00002828        0x0 ./gyro.o

.data           0x20000000       0x70 load address 0x00002828
                0x20000000                . = ALIGN (0x4)
                0x20000000                _data = .
 *(vtable)
 *(.data .data* .gnu.linkonce.d.*)
 .data.LED1     0x20000000        0x4 ./gyro.o
                0x20000000                LED1
 .data.sampleTime
                0x20000004        0x4 ./gyro.o
                0x20000004                sampleTime
 .data._ZN7TwoWire9i2cModuleE
                0x20000008        0x1 C:/Users/Andres/Documents/GitHub/Shank2.0/Programacion/CCS/tivac_EK-TM4C123GXL_Wire/Debug\libtivac_EK-TM4C123GXL_Wire.a(Wire.o)
                0x20000008                TwoWire::i2cModule
 *fill*         0x20000009        0x3 
 .data._impure_ptr
                0x2000000c        0x4 c:/users/andres/appdata/local/energia15/packages/energia/tools/arm-none-eabi-gcc/6.3.1-20170620/bin/../lib/gcc/arm-none-eabi/6.3.1/../../../../arm-none-eabi/lib/thumb/v7e-m/fpv4-sp/hard\libc_nano.a(lib_a-impure.o)
                0x2000000c                _impure_ptr
 .data.impure_data
                0x20000010       0x60 c:/users/andres/appdata/local/energia15/packages/energia/tools/arm-none-eabi-gcc/6.3.1-20170620/bin/../lib/gcc/arm-none-eabi/6.3.1/../../../../arm-none-eabi/lib/thumb/v7e-m/fpv4-sp/hard\libc_nano.a(lib_a-impure.o)
                0x20000070                _edata = .

.igot.plt       0x20000070        0x0 load address 0x00002898
 .igot.plt      0x20000070        0x0 ./gyro.o

.bss            0x20000070      0x4b0 load address 0x00002898
                0x20000070                . = ALIGN (0x4)
                0x20000070                _bss = .
 *(.bss .bss*)
 .bss.angle     0x20000070        0x8 ./gyro.o
                0x20000070                angle
 .bss.buffer    0x20000078        0x5 ./gyro.o
                0x20000078                buffer
 *fill*         0x2000007d        0x3 
 .bss.dc_offset
                0x20000080        0x4 ./gyro.o
                0x20000080                dc_offset
 .bss.gyro      0x20000084       0x10 ./gyro.o
                0x20000084                gyro
 *fill*         0x20000094        0x4 
 .bss.noise     0x20000098        0x8 ./gyro.o
                0x20000098                noise
 .bss.rate      0x200000a0        0x4 ./gyro.o
                0x200000a0                rate
 .bss.time      0x200000a4        0x4 ./gyro.o
                0x200000a4                time
 .bss.Wire      0x200000a8       0x10 C:/Users/Andres/Documents/GitHub/Shank2.0/Programacion/CCS/tivac_EK-TM4C123GXL_Wire/Debug\libtivac_EK-TM4C123GXL_Wire.a(Wire.o)
                0x200000a8                Wire
 .bss._ZN7TwoWire11rxReadIndexE
                0x200000b8        0x1 C:/Users/Andres/Documents/GitHub/Shank2.0/Programacion/CCS/tivac_EK-TM4C123GXL_Wire/Debug\libtivac_EK-TM4C123GXL_Wire.a(Wire.o)
                0x200000b8                TwoWire::rxReadIndex
 .bss._ZN7TwoWire11txReadIndexE
                0x200000b9        0x1 C:/Users/Andres/Documents/GitHub/Shank2.0/Programacion/CCS/tivac_EK-TM4C123GXL_Wire/Debug\libtivac_EK-TM4C123GXL_Wire.a(Wire.o)
                0x200000b9                TwoWire::txReadIndex
 .bss._ZN7TwoWire12currentStateE
                0x200000ba        0x1 C:/Users/Andres/Documents/GitHub/Shank2.0/Programacion/CCS/tivac_EK-TM4C123GXL_Wire/Debug\libtivac_EK-TM4C123GXL_Wire.a(Wire.o)
                0x200000ba                TwoWire::currentState
 .bss._ZN7TwoWire12rxWriteIndexE
                0x200000bb        0x1 C:/Users/Andres/Documents/GitHub/Shank2.0/Programacion/CCS/tivac_EK-TM4C123GXL_Wire/Debug\libtivac_EK-TM4C123GXL_Wire.a(Wire.o)
                0x200000bb                TwoWire::rxWriteIndex
 .bss._ZN7TwoWire12slaveAddressE
                0x200000bc        0x1 C:/Users/Andres/Documents/GitHub/Shank2.0/Programacion/CCS/tivac_EK-TM4C123GXL_Wire/Debug\libtivac_EK-TM4C123GXL_Wire.a(Wire.o)
                0x200000bc                TwoWire::slaveAddress
 .bss._ZN7TwoWire12transmittingE
                0x200000bd        0x1 C:/Users/Andres/Documents/GitHub/Shank2.0/Programacion/CCS/tivac_EK-TM4C123GXL_Wire/Debug\libtivac_EK-TM4C123GXL_Wire.a(Wire.o)
                0x200000bd                TwoWire::transmitting
 .bss._ZN7TwoWire12txWriteIndexE
                0x200000be        0x1 C:/Users/Andres/Documents/GitHub/Shank2.0/Programacion/CCS/tivac_EK-TM4C123GXL_Wire/Debug\libtivac_EK-TM4C123GXL_Wire.a(Wire.o)
                0x200000be                TwoWire::txWriteIndex
 *fill*         0x200000bf        0x1 
 .bss._ZN7TwoWire14user_onReceiveE
                0x200000c0        0x4 C:/Users/Andres/Documents/GitHub/Shank2.0/Programacion/CCS/tivac_EK-TM4C123GXL_Wire/Debug\libtivac_EK-TM4C123GXL_Wire.a(Wire.o)
                0x200000c0                TwoWire::user_onReceive
 .bss._ZN7TwoWire14user_onRequestE
                0x200000c4        0x4 C:/Users/Andres/Documents/GitHub/Shank2.0/Programacion/CCS/tivac_EK-TM4C123GXL_Wire/Debug\libtivac_EK-TM4C123GXL_Wire.a(Wire.o)
                0x200000c4                TwoWire::user_onRequest
 .bss._ZN7TwoWire8rxBufferE
                0x200000c8       0x40 C:/Users/Andres/Documents/GitHub/Shank2.0/Programacion/CCS/tivac_EK-TM4C123GXL_Wire/Debug\libtivac_EK-TM4C123GXL_Wire.a(Wire.o)
                0x200000c8                TwoWire::rxBuffer
 .bss._ZN7TwoWire8txBufferE
                0x20000108       0x40 C:/Users/Andres/Documents/GitHub/Shank2.0/Programacion/CCS/tivac_EK-TM4C123GXL_Wire/Debug\libtivac_EK-TM4C123GXL_Wire.a(Wire.o)
                0x20000108                TwoWire::txBuffer
 .bss._ZN7TwoWire9txAddressE
                0x20000148        0x1 C:/Users/Andres/Documents/GitHub/Shank2.0/Programacion/CCS/tivac_EK-TM4C123GXL_Wire/Debug\libtivac_EK-TM4C123GXL_Wire.a(Wire.o)
                0x20000148                TwoWire::txAddress
 *fill*         0x20000149        0x3 
 .bss.heap_end.7693
                0x2000014c        0x4 C:/Users/Andres/Documents/GitHub/Shank2.0/Programacion/CCS/tivac_EK-TM4C123GXL_core/Debug\libtivac_EK-TM4C123GXL_core.a(startup_gcc.o)
 .bss.cbFuncsA  0x20000150       0x20 C:/Users/Andres/Documents/GitHub/Shank2.0/Programacion/CCS/tivac_EK-TM4C123GXL_core/Debug\libtivac_EK-TM4C123GXL_core.a(WInterrupts.o)
 .bss.cbFuncsB  0x20000170       0x20 C:/Users/Andres/Documents/GitHub/Shank2.0/Programacion/CCS/tivac_EK-TM4C123GXL_core/Debug\libtivac_EK-TM4C123GXL_core.a(WInterrupts.o)
 .bss.cbFuncsC  0x20000190       0x20 C:/Users/Andres/Documents/GitHub/Shank2.0/Programacion/CCS/tivac_EK-TM4C123GXL_core/Debug\libtivac_EK-TM4C123GXL_core.a(WInterrupts.o)
 .bss.cbFuncsD  0x200001b0       0x20 C:/Users/Andres/Documents/GitHub/Shank2.0/Programacion/CCS/tivac_EK-TM4C123GXL_core/Debug\libtivac_EK-TM4C123GXL_core.a(WInterrupts.o)
 .bss.cbFuncsE  0x200001d0       0x20 C:/Users/Andres/Documents/GitHub/Shank2.0/Programacion/CCS/tivac_EK-TM4C123GXL_core/Debug\libtivac_EK-TM4C123GXL_core.a(WInterrupts.o)
 .bss.cbFuncsF  0x200001f0       0x20 C:/Users/Andres/Documents/GitHub/Shank2.0/Programacion/CCS/tivac_EK-TM4C123GXL_core/Debug\libtivac_EK-TM4C123GXL_core.a(WInterrupts.o)
 .bss.cbFuncsG  0x20000210       0x20 C:/Users/Andres/Documents/GitHub/Shank2.0/Programacion/CCS/tivac_EK-TM4C123GXL_core/Debug\libtivac_EK-TM4C123GXL_core.a(WInterrupts.o)
 .bss.cbFuncsH  0x20000230       0x20 C:/Users/Andres/Documents/GitHub/Shank2.0/Programacion/CCS/tivac_EK-TM4C123GXL_core/Debug\libtivac_EK-TM4C123GXL_core.a(WInterrupts.o)
 .bss.cbFuncsJ  0x20000250       0x20 C:/Users/Andres/Documents/GitHub/Shank2.0/Programacion/CCS/tivac_EK-TM4C123GXL_core/Debug\libtivac_EK-TM4C123GXL_core.a(WInterrupts.o)
 .bss.cbFuncsK  0x20000270       0x20 C:/Users/Andres/Documents/GitHub/Shank2.0/Programacion/CCS/tivac_EK-TM4C123GXL_core/Debug\libtivac_EK-TM4C123GXL_core.a(WInterrupts.o)
 .bss.cbFuncsL  0x20000290       0x20 C:/Users/Andres/Documents/GitHub/Shank2.0/Programacion/CCS/tivac_EK-TM4C123GXL_core/Debug\libtivac_EK-TM4C123GXL_core.a(WInterrupts.o)
 .bss.cbFuncsM  0x200002b0       0x20 C:/Users/Andres/Documents/GitHub/Shank2.0/Programacion/CCS/tivac_EK-TM4C123GXL_core/Debug\libtivac_EK-TM4C123GXL_core.a(WInterrupts.o)
 .bss.cbFuncsN  0x200002d0       0x20 C:/Users/Andres/Documents/GitHub/Shank2.0/Programacion/CCS/tivac_EK-TM4C123GXL_core/Debug\libtivac_EK-TM4C123GXL_core.a(WInterrupts.o)
 .bss.cbFuncsP  0x200002f0       0x20 C:/Users/Andres/Documents/GitHub/Shank2.0/Programacion/CCS/tivac_EK-TM4C123GXL_core/Debug\libtivac_EK-TM4C123GXL_core.a(WInterrupts.o)
 .bss.cbFuncsQ  0x20000310       0x20 C:/Users/Andres/Documents/GitHub/Shank2.0/Programacion/CCS/tivac_EK-TM4C123GXL_core/Debug\libtivac_EK-TM4C123GXL_core.a(WInterrupts.o)
 .bss.SysTickCbFuncs
                0x20000330       0x20 C:/Users/Andres/Documents/GitHub/Shank2.0/Programacion/CCS/tivac_EK-TM4C123GXL_core/Debug\libtivac_EK-TM4C123GXL_core.a(wiring.o)
 .bss.milliseconds
                0x20000350        0x4 C:/Users/Andres/Documents/GitHub/Shank2.0/Programacion/CCS/tivac_EK-TM4C123GXL_core/Debug\libtivac_EK-TM4C123GXL_core.a(wiring.o)
 .bss.Serial    0x20000354       0x38 C:/Users/Andres/Documents/GitHub/Shank2.0/Programacion/CCS/tivac_EK-TM4C123GXL_core/Debug\libtivac_EK-TM4C123GXL_core.a(HardwareSerial.o)
                0x20000354                Serial
 .bss.Serial1   0x2000038c       0x38 C:/Users/Andres/Documents/GitHub/Shank2.0/Programacion/CCS/tivac_EK-TM4C123GXL_core/Debug\libtivac_EK-TM4C123GXL_core.a(HardwareSerial.o)
                0x2000038c                Serial1
 .bss.Serial2   0x200003c4       0x38 C:/Users/Andres/Documents/GitHub/Shank2.0/Programacion/CCS/tivac_EK-TM4C123GXL_core/Debug\libtivac_EK-TM4C123GXL_core.a(HardwareSerial.o)
                0x200003c4                Serial2
 .bss.Serial3   0x200003fc       0x38 C:/Users/Andres/Documents/GitHub/Shank2.0/Programacion/CCS/tivac_EK-TM4C123GXL_core/Debug\libtivac_EK-TM4C123GXL_core.a(HardwareSerial.o)
                0x200003fc                Serial3
 .bss.Serial4   0x20000434       0x38 C:/Users/Andres/Documents/GitHub/Shank2.0/Programacion/CCS/tivac_EK-TM4C123GXL_core/Debug\libtivac_EK-TM4C123GXL_core.a(HardwareSerial.o)
                0x20000434                Serial4
 .bss.Serial5   0x2000046c       0x38 C:/Users/Andres/Documents/GitHub/Shank2.0/Programacion/CCS/tivac_EK-TM4C123GXL_core/Debug\libtivac_EK-TM4C123GXL_core.a(HardwareSerial.o)
                0x2000046c                Serial5
 .bss.Serial6   0x200004a4       0x38 C:/Users/Andres/Documents/GitHub/Shank2.0/Programacion/CCS/tivac_EK-TM4C123GXL_core/Debug\libtivac_EK-TM4C123GXL_core.a(HardwareSerial.o)
                0x200004a4                Serial6
 .bss.Serial7   0x200004dc       0x38 C:/Users/Andres/Documents/GitHub/Shank2.0/Programacion/CCS/tivac_EK-TM4C123GXL_core/Debug\libtivac_EK-TM4C123GXL_core.a(HardwareSerial.o)
                0x200004dc                Serial7
 .bss.__malloc_free_list
                0x20000514        0x4 c:/users/andres/appdata/local/energia15/packages/energia/tools/arm-none-eabi-gcc/6.3.1-20170620/bin/../lib/gcc/arm-none-eabi/6.3.1/../../../../arm-none-eabi/lib/thumb/v7e-m/fpv4-sp/hard\libc_nano.a(lib_a-nano-mallocr.o)
                0x20000514                __malloc_free_list
 .bss.__malloc_sbrk_start
                0x20000518        0x4 c:/users/andres/appdata/local/energia15/packages/energia/tools/arm-none-eabi-gcc/6.3.1-20170620/bin/../lib/gcc/arm-none-eabi/6.3.1/../../../../arm-none-eabi/lib/thumb/v7e-m/fpv4-sp/hard\libc_nano.a(lib_a-nano-mallocr.o)
                0x20000518                __malloc_sbrk_start
 *(COMMON)
 COMMON         0x2000051c        0x4 c:/users/andres/appdata/local/energia15/packages/energia/tools/arm-none-eabi-gcc/6.3.1-20170620/bin/../lib/gcc/arm-none-eabi/6.3.1/../../../../arm-none-eabi/lib/thumb/v7e-m/fpv4-sp/hard\libc_nano.a(lib_a-reent.o)
                0x2000051c                errno
                0x20000520                . = ALIGN (0x4)
                0x20000520                _ebss = .
                0x20000520                . = ALIGN (0x8)
                [!provide]                PROVIDE (__exidx_start, .)

.ARM.exidx
 *(.ARM.exidx* .gnu.linkonce.armexidx.*)
                [!provide]                PROVIDE (__exidx_end, .)
                0x20000520                . = ALIGN (0x4)
                0x20000520                _end = .
                0x20000520                PROVIDE (end, _end)
                0x20008000                PROVIDE (_estack, (ORIGIN (ram) + LENGTH (ram)))
LOAD C:/Users/Andres/Documents/GitHub/Shank2.0/Programacion/CCS/tivac_EK-TM4C123GXL_L3G/Debug\libtivac_EK-TM4C123GXL_L3G.a
LOAD C:/Users/Andres/Documents/GitHub/Shank2.0/Programacion/CCS/tivac_EK-TM4C123GXL_Wire/Debug\libtivac_EK-TM4C123GXL_Wire.a
LOAD C:/Users/Andres/Documents/GitHub/Shank2.0/Programacion/CCS/tivac_EK-TM4C123GXL_core/Debug\libtivac_EK-TM4C123GXL_core.a
LOAD C:/Users/Andres/AppData/Local/Energia15/packages/energia/hardware/tivac/1.0.3/system/driverlib\libdriverlib.a
LOAD c:/users/andres/appdata/local/energia15/packages/energia/tools/arm-none-eabi-gcc/6.3.1-20170620/bin/../lib/gcc/arm-none-eabi/6.3.1/../../../../arm-none-eabi/lib/thumb/v7e-m/fpv4-sp/hard\libm.a
LOAD c:/users/andres/appdata/local/energia15/packages/energia/tools/arm-none-eabi-gcc/6.3.1-20170620/bin/../lib/gcc/arm-none-eabi/6.3.1/../../../../arm-none-eabi/lib/thumb/v7e-m/fpv4-sp/hard\libc_nano.a
LOAD c:/users/andres/appdata/local/energia15/packages/energia/tools/arm-none-eabi-gcc/6.3.1-20170620/bin/../lib/gcc/arm-none-eabi/6.3.1/thumb/v7e-m/fpv4-sp/hard\libgcc.a
END GROUP
OUTPUT(gyro.out elf32-littlearm)

.debug_info     0x00000000    0x12b14
 .debug_info    0x00000000     0x1711 ./gyro.o
 .debug_info    0x00001711     0x18a6 C:/Users/Andres/Documents/GitHub/Shank2.0/Programacion/CCS/tivac_EK-TM4C123GXL_L3G/Debug\libtivac_EK-TM4C123GXL_L3G.a(L3G.o)
 .debug_info    0x00002fb7     0x3c47 C:/Users/Andres/Documents/GitHub/Shank2.0/Programacion/CCS/tivac_EK-TM4C123GXL_Wire/Debug\libtivac_EK-TM4C123GXL_Wire.a(Wire.o)
 .debug_info    0x00006bfe     0x1276 C:/Users/Andres/Documents/GitHub/Shank2.0/Programacion/CCS/tivac_EK-TM4C123GXL_core/Debug\libtivac_EK-TM4C123GXL_core.a(startup_gcc.o)
 .debug_info    0x00007e74      0xfa9 C:/Users/Andres/Documents/GitHub/Shank2.0/Programacion/CCS/tivac_EK-TM4C123GXL_core/Debug\libtivac_EK-TM4C123GXL_core.a(WInterrupts.o)
 .debug_info    0x00008e1d      0xe8b C:/Users/Andres/Documents/GitHub/Shank2.0/Programacion/CCS/tivac_EK-TM4C123GXL_core/Debug\libtivac_EK-TM4C123GXL_core.a(wiring.o)
 .debug_info    0x00009ca8      0xe06 C:/Users/Andres/Documents/GitHub/Shank2.0/Programacion/CCS/tivac_EK-TM4C123GXL_core/Debug\libtivac_EK-TM4C123GXL_core.a(wiring_digital.o)
 .debug_info    0x0000aaae     0x354a C:/Users/Andres/Documents/GitHub/Shank2.0/Programacion/CCS/tivac_EK-TM4C123GXL_core/Debug\libtivac_EK-TM4C123GXL_core.a(HardwareSerial.o)
 .debug_info    0x0000dff8     0x13a5 C:/Users/Andres/Documents/GitHub/Shank2.0/Programacion/CCS/tivac_EK-TM4C123GXL_core/Debug\libtivac_EK-TM4C123GXL_core.a(main.o)
 .debug_info    0x0000f39d     0x3777 C:/Users/Andres/Documents/GitHub/Shank2.0/Programacion/CCS/tivac_EK-TM4C123GXL_core/Debug\libtivac_EK-TM4C123GXL_core.a(Print.o)

.debug_abbrev   0x00000000     0x2cbc
 .debug_abbrev  0x00000000      0x44a ./gyro.o
 .debug_abbrev  0x0000044a      0x500 C:/Users/Andres/Documents/GitHub/Shank2.0/Programacion/CCS/tivac_EK-TM4C123GXL_L3G/Debug\libtivac_EK-TM4C123GXL_L3G.a(L3G.o)
 .debug_abbrev  0x0000094a      0x7df C:/Users/Andres/Documents/GitHub/Shank2.0/Programacion/CCS/tivac_EK-TM4C123GXL_Wire/Debug\libtivac_EK-TM4C123GXL_Wire.a(Wire.o)
 .debug_abbrev  0x00001129      0x300 C:/Users/Andres/Documents/GitHub/Shank2.0/Programacion/CCS/tivac_EK-TM4C123GXL_core/Debug\libtivac_EK-TM4C123GXL_core.a(startup_gcc.o)
 .debug_abbrev  0x00001429      0x2a2 C:/Users/Andres/Documents/GitHub/Shank2.0/Programacion/CCS/tivac_EK-TM4C123GXL_core/Debug\libtivac_EK-TM4C123GXL_core.a(WInterrupts.o)
 .debug_abbrev  0x000016cb      0x2e6 C:/Users/Andres/Documents/GitHub/Shank2.0/Programacion/CCS/tivac_EK-TM4C123GXL_core/Debug\libtivac_EK-TM4C123GXL_core.a(wiring.o)
 .debug_abbrev  0x000019b1      0x27a C:/Users/Andres/Documents/GitHub/Shank2.0/Programacion/CCS/tivac_EK-TM4C123GXL_core/Debug\libtivac_EK-TM4C123GXL_core.a(wiring_digital.o)
 .debug_abbrev  0x00001c2b      0x711 C:/Users/Andres/Documents/GitHub/Shank2.0/Programacion/CCS/tivac_EK-TM4C123GXL_core/Debug\libtivac_EK-TM4C123GXL_core.a(HardwareSerial.o)
 .debug_abbrev  0x0000233c      0x32b C:/Users/Andres/Documents/GitHub/Shank2.0/Programacion/CCS/tivac_EK-TM4C123GXL_core/Debug\libtivac_EK-TM4C123GXL_core.a(main.o)
 .debug_abbrev  0x00002667      0x655 C:/Users/Andres/Documents/GitHub/Shank2.0/Programacion/CCS/tivac_EK-TM4C123GXL_core/Debug\libtivac_EK-TM4C123GXL_core.a(Print.o)

.debug_loc      0x00000000     0x208e
 .debug_loc     0x00000000       0x57 ./gyro.o
 .debug_loc     0x00000057      0x20f C:/Users/Andres/Documents/GitHub/Shank2.0/Programacion/CCS/tivac_EK-TM4C123GXL_L3G/Debug\libtivac_EK-TM4C123GXL_L3G.a(L3G.o)
 .debug_loc     0x00000266      0x685 C:/Users/Andres/Documents/GitHub/Shank2.0/Programacion/CCS/tivac_EK-TM4C123GXL_Wire/Debug\libtivac_EK-TM4C123GXL_Wire.a(Wire.o)
 .debug_loc     0x000008eb      0x135 C:/Users/Andres/Documents/GitHub/Shank2.0/Programacion/CCS/tivac_EK-TM4C123GXL_core/Debug\libtivac_EK-TM4C123GXL_core.a(startup_gcc.o)
 .debug_loc     0x00000a20      0x228 C:/Users/Andres/Documents/GitHub/Shank2.0/Programacion/CCS/tivac_EK-TM4C123GXL_core/Debug\libtivac_EK-TM4C123GXL_core.a(WInterrupts.o)
 .debug_loc     0x00000c48       0xcc C:/Users/Andres/Documents/GitHub/Shank2.0/Programacion/CCS/tivac_EK-TM4C123GXL_core/Debug\libtivac_EK-TM4C123GXL_core.a(wiring.o)
 .debug_loc     0x00000d14      0x379 C:/Users/Andres/Documents/GitHub/Shank2.0/Programacion/CCS/tivac_EK-TM4C123GXL_core/Debug\libtivac_EK-TM4C123GXL_core.a(wiring_digital.o)
 .debug_loc     0x0000108d      0x329 C:/Users/Andres/Documents/GitHub/Shank2.0/Programacion/CCS/tivac_EK-TM4C123GXL_core/Debug\libtivac_EK-TM4C123GXL_core.a(HardwareSerial.o)
 .debug_loc     0x000013b6      0xcd8 C:/Users/Andres/Documents/GitHub/Shank2.0/Programacion/CCS/tivac_EK-TM4C123GXL_core/Debug\libtivac_EK-TM4C123GXL_core.a(Print.o)

.debug_aranges  0x00000000      0x5a0
 .debug_aranges
                0x00000000       0x40 ./gyro.o
 .debug_aranges
                0x00000040       0x60 C:/Users/Andres/Documents/GitHub/Shank2.0/Programacion/CCS/tivac_EK-TM4C123GXL_L3G/Debug\libtivac_EK-TM4C123GXL_L3G.a(L3G.o)
 .debug_aranges
                0x000000a0      0x108 C:/Users/Andres/Documents/GitHub/Shank2.0/Programacion/CCS/tivac_EK-TM4C123GXL_Wire/Debug\libtivac_EK-TM4C123GXL_Wire.a(Wire.o)
 .debug_aranges
                0x000001a8       0x90 C:/Users/Andres/Documents/GitHub/Shank2.0/Programacion/CCS/tivac_EK-TM4C123GXL_core/Debug\libtivac_EK-TM4C123GXL_core.a(startup_gcc.o)
 .debug_aranges
                0x00000238       0xa8 C:/Users/Andres/Documents/GitHub/Shank2.0/Programacion/CCS/tivac_EK-TM4C123GXL_core/Debug\libtivac_EK-TM4C123GXL_core.a(WInterrupts.o)
 .debug_aranges
                0x000002e0       0x70 C:/Users/Andres/Documents/GitHub/Shank2.0/Programacion/CCS/tivac_EK-TM4C123GXL_core/Debug\libtivac_EK-TM4C123GXL_core.a(wiring.o)
 .debug_aranges
                0x00000350       0x30 C:/Users/Andres/Documents/GitHub/Shank2.0/Programacion/CCS/tivac_EK-TM4C123GXL_core/Debug\libtivac_EK-TM4C123GXL_core.a(wiring_digital.o)
 .debug_aranges
                0x00000380       0xf8 C:/Users/Andres/Documents/GitHub/Shank2.0/Programacion/CCS/tivac_EK-TM4C123GXL_core/Debug\libtivac_EK-TM4C123GXL_core.a(HardwareSerial.o)
 .debug_aranges
                0x00000478       0x28 C:/Users/Andres/Documents/GitHub/Shank2.0/Programacion/CCS/tivac_EK-TM4C123GXL_core/Debug\libtivac_EK-TM4C123GXL_core.a(main.o)
 .debug_aranges
                0x000004a0      0x100 C:/Users/Andres/Documents/GitHub/Shank2.0/Programacion/CCS/tivac_EK-TM4C123GXL_core/Debug\libtivac_EK-TM4C123GXL_core.a(Print.o)

.debug_ranges   0x00000000      0x728
 .debug_ranges  0x00000000       0x68 ./gyro.o
 .debug_ranges  0x00000068       0x50 C:/Users/Andres/Documents/GitHub/Shank2.0/Programacion/CCS/tivac_EK-TM4C123GXL_L3G/Debug\libtivac_EK-TM4C123GXL_L3G.a(L3G.o)
 .debug_ranges  0x000000b8      0x1a8 C:/Users/Andres/Documents/GitHub/Shank2.0/Programacion/CCS/tivac_EK-TM4C123GXL_Wire/Debug\libtivac_EK-TM4C123GXL_Wire.a(Wire.o)
 .debug_ranges  0x00000260       0x80 C:/Users/Andres/Documents/GitHub/Shank2.0/Programacion/CCS/tivac_EK-TM4C123GXL_core/Debug\libtivac_EK-TM4C123GXL_core.a(startup_gcc.o)
 .debug_ranges  0x000002e0       0x98 C:/Users/Andres/Documents/GitHub/Shank2.0/Programacion/CCS/tivac_EK-TM4C123GXL_core/Debug\libtivac_EK-TM4C123GXL_core.a(WInterrupts.o)
 .debug_ranges  0x00000378       0x90 C:/Users/Andres/Documents/GitHub/Shank2.0/Programacion/CCS/tivac_EK-TM4C123GXL_core/Debug\libtivac_EK-TM4C123GXL_core.a(wiring.o)
 .debug_ranges  0x00000408       0x20 C:/Users/Andres/Documents/GitHub/Shank2.0/Programacion/CCS/tivac_EK-TM4C123GXL_core/Debug\libtivac_EK-TM4C123GXL_core.a(wiring_digital.o)
 .debug_ranges  0x00000428      0x148 C:/Users/Andres/Documents/GitHub/Shank2.0/Programacion/CCS/tivac_EK-TM4C123GXL_core/Debug\libtivac_EK-TM4C123GXL_core.a(HardwareSerial.o)
 .debug_ranges  0x00000570       0x18 C:/Users/Andres/Documents/GitHub/Shank2.0/Programacion/CCS/tivac_EK-TM4C123GXL_core/Debug\libtivac_EK-TM4C123GXL_core.a(main.o)
 .debug_ranges  0x00000588      0x1a0 C:/Users/Andres/Documents/GitHub/Shank2.0/Programacion/CCS/tivac_EK-TM4C123GXL_core/Debug\libtivac_EK-TM4C123GXL_core.a(Print.o)

.debug_line     0x00000000     0x3e7a
 .debug_line    0x00000000      0x68d ./gyro.o
 .debug_line    0x0000068d      0x6aa C:/Users/Andres/Documents/GitHub/Shank2.0/Programacion/CCS/tivac_EK-TM4C123GXL_L3G/Debug\libtivac_EK-TM4C123GXL_L3G.a(L3G.o)
 .debug_line    0x00000d37      0x92f C:/Users/Andres/Documents/GitHub/Shank2.0/Programacion/CCS/tivac_EK-TM4C123GXL_Wire/Debug\libtivac_EK-TM4C123GXL_Wire.a(Wire.o)
 .debug_line    0x00001666      0x4b2 C:/Users/Andres/Documents/GitHub/Shank2.0/Programacion/CCS/tivac_EK-TM4C123GXL_core/Debug\libtivac_EK-TM4C123GXL_core.a(startup_gcc.o)
 .debug_line    0x00001b18      0x51f C:/Users/Andres/Documents/GitHub/Shank2.0/Programacion/CCS/tivac_EK-TM4C123GXL_core/Debug\libtivac_EK-TM4C123GXL_core.a(WInterrupts.o)
 .debug_line    0x00002037      0x4c3 C:/Users/Andres/Documents/GitHub/Shank2.0/Programacion/CCS/tivac_EK-TM4C123GXL_core/Debug\libtivac_EK-TM4C123GXL_core.a(wiring.o)
 .debug_line    0x000024fa      0x3b8 C:/Users/Andres/Documents/GitHub/Shank2.0/Programacion/CCS/tivac_EK-TM4C123GXL_core/Debug\libtivac_EK-TM4C123GXL_core.a(wiring_digital.o)
 .debug_line    0x000028b2      0x854 C:/Users/Andres/Documents/GitHub/Shank2.0/Programacion/CCS/tivac_EK-TM4C123GXL_core/Debug\libtivac_EK-TM4C123GXL_core.a(HardwareSerial.o)
 .debug_line    0x00003106      0x558 C:/Users/Andres/Documents/GitHub/Shank2.0/Programacion/CCS/tivac_EK-TM4C123GXL_core/Debug\libtivac_EK-TM4C123GXL_core.a(main.o)
 .debug_line    0x0000365e      0x81c C:/Users/Andres/Documents/GitHub/Shank2.0/Programacion/CCS/tivac_EK-TM4C123GXL_core/Debug\libtivac_EK-TM4C123GXL_core.a(Print.o)

.debug_str      0x00000000     0x360f
 .debug_str     0x00000000      0xb5b ./gyro.o
                                0xc7b (size before relaxing)
 .debug_str     0x00000b5b       0xc4 C:/Users/Andres/Documents/GitHub/Shank2.0/Programacion/CCS/tivac_EK-TM4C123GXL_L3G/Debug\libtivac_EK-TM4C123GXL_L3G.a(L3G.o)
                                0xc55 (size before relaxing)
 .debug_str     0x00000c1f     0x1799 C:/Users/Andres/Documents/GitHub/Shank2.0/Programacion/CCS/tivac_EK-TM4C123GXL_Wire/Debug\libtivac_EK-TM4C123GXL_Wire.a(Wire.o)
                               0x225f (size before relaxing)
 .debug_str     0x000023b8      0x4a6 C:/Users/Andres/Documents/GitHub/Shank2.0/Programacion/CCS/tivac_EK-TM4C123GXL_core/Debug\libtivac_EK-TM4C123GXL_core.a(startup_gcc.o)
                                0xba0 (size before relaxing)
 .debug_str     0x0000285e      0x23d C:/Users/Andres/Documents/GitHub/Shank2.0/Programacion/CCS/tivac_EK-TM4C123GXL_core/Debug\libtivac_EK-TM4C123GXL_core.a(WInterrupts.o)
                                0xa6a (size before relaxing)
 .debug_str     0x00002a9b      0x152 C:/Users/Andres/Documents/GitHub/Shank2.0/Programacion/CCS/tivac_EK-TM4C123GXL_core/Debug\libtivac_EK-TM4C123GXL_core.a(wiring.o)
                                0x92d (size before relaxing)
 .debug_str     0x00002bed       0x96 C:/Users/Andres/Documents/GitHub/Shank2.0/Programacion/CCS/tivac_EK-TM4C123GXL_core/Debug\libtivac_EK-TM4C123GXL_core.a(wiring_digital.o)
                                0x87f (size before relaxing)
 .debug_str     0x00002c83      0x500 C:/Users/Andres/Documents/GitHub/Shank2.0/Programacion/CCS/tivac_EK-TM4C123GXL_core/Debug\libtivac_EK-TM4C123GXL_core.a(HardwareSerial.o)
                               0x2064 (size before relaxing)
 .debug_str     0x00003183       0x6e C:/Users/Andres/Documents/GitHub/Shank2.0/Programacion/CCS/tivac_EK-TM4C123GXL_core/Debug\libtivac_EK-TM4C123GXL_core.a(main.o)
                                0xac5 (size before relaxing)
 .debug_str     0x000031f1      0x41e C:/Users/Andres/Documents/GitHub/Shank2.0/Programacion/CCS/tivac_EK-TM4C123GXL_core/Debug\libtivac_EK-TM4C123GXL_core.a(Print.o)
                               0x1a6b (size before relaxing)

.comment        0x00000000       0xef
 .comment       0x00000000       0x7f ./gyro.o
                                 0x80 (size before relaxing)
 .comment       0x0000007f       0x80 C:/Users/Andres/Documents/GitHub/Shank2.0/Programacion/CCS/tivac_EK-TM4C123GXL_L3G/Debug\libtivac_EK-TM4C123GXL_L3G.a(L3G.o)
 .comment       0x0000007f       0x80 C:/Users/Andres/Documents/GitHub/Shank2.0/Programacion/CCS/tivac_EK-TM4C123GXL_Wire/Debug\libtivac_EK-TM4C123GXL_Wire.a(Wire.o)
 .comment       0x0000007f       0x80 C:/Users/Andres/Documents/GitHub/Shank2.0/Programacion/CCS/tivac_EK-TM4C123GXL_core/Debug\libtivac_EK-TM4C123GXL_core.a(startup_gcc.o)
 .comment       0x0000007f       0x80 C:/Users/Andres/Documents/GitHub/Shank2.0/Programacion/CCS/tivac_EK-TM4C123GXL_core/Debug\libtivac_EK-TM4C123GXL_core.a(WInterrupts.o)
 .comment       0x0000007f       0x80 C:/Users/Andres/Documents/GitHub/Shank2.0/Programacion/CCS/tivac_EK-TM4C123GXL_core/Debug\libtivac_EK-TM4C123GXL_core.a(wiring.o)
 .comment       0x0000007f       0x80 C:/Users/Andres/Documents/GitHub/Shank2.0/Programacion/CCS/tivac_EK-TM4C123GXL_core/Debug\libtivac_EK-TM4C123GXL_core.a(wiring_digital.o)
 .comment       0x0000007f       0x80 C:/Users/Andres/Documents/GitHub/Shank2.0/Programacion/CCS/tivac_EK-TM4C123GXL_core/Debug\libtivac_EK-TM4C123GXL_core.a(HardwareSerial.o)
 .comment       0x0000007f       0x80 C:/Users/Andres/Documents/GitHub/Shank2.0/Programacion/CCS/tivac_EK-TM4C123GXL_core/Debug\libtivac_EK-TM4C123GXL_core.a(main.o)
 .comment       0x0000007f       0x80 C:/Users/Andres/Documents/GitHub/Shank2.0/Programacion/CCS/tivac_EK-TM4C123GXL_core/Debug\libtivac_EK-TM4C123GXL_core.a(Print.o)
 .comment       0x0000007f       0x70 C:/Users/Andres/AppData/Local/Energia15/packages/energia/hardware/tivac/1.0.3/system/driverlib\libdriverlib.a(eeprom.o)
                                 0x71 (size before relaxing)
 .comment       0x000000ef       0x71 C:/Users/Andres/AppData/Local/Energia15/packages/energia/hardware/tivac/1.0.3/system/driverlib\libdriverlib.a(gpio.o)
 .comment       0x000000ef       0x71 C:/Users/Andres/AppData/Local/Energia15/packages/energia/hardware/tivac/1.0.3/system/driverlib\libdriverlib.a(i2c.o)
 .comment       0x000000ef       0x71 C:/Users/Andres/AppData/Local/Energia15/packages/energia/hardware/tivac/1.0.3/system/driverlib\libdriverlib.a(sysctl.o)

.ARM.attributes
                0x00000000       0x37
 .ARM.attributes
                0x00000000       0x39 ./gyro.o
 .ARM.attributes
                0x00000039       0x39 C:/Users/Andres/Documents/GitHub/Shank2.0/Programacion/CCS/tivac_EK-TM4C123GXL_L3G/Debug\libtivac_EK-TM4C123GXL_L3G.a(L3G.o)
 .ARM.attributes
                0x00000072       0x39 C:/Users/Andres/Documents/GitHub/Shank2.0/Programacion/CCS/tivac_EK-TM4C123GXL_Wire/Debug\libtivac_EK-TM4C123GXL_Wire.a(Wire.o)
 .ARM.attributes
                0x000000ab       0x39 C:/Users/Andres/Documents/GitHub/Shank2.0/Programacion/CCS/tivac_EK-TM4C123GXL_core/Debug\libtivac_EK-TM4C123GXL_core.a(startup_gcc.o)
 .ARM.attributes
                0x000000e4       0x39 C:/Users/Andres/Documents/GitHub/Shank2.0/Programacion/CCS/tivac_EK-TM4C123GXL_core/Debug\libtivac_EK-TM4C123GXL_core.a(WInterrupts.o)
 .ARM.attributes
                0x0000011d       0x39 C:/Users/Andres/Documents/GitHub/Shank2.0/Programacion/CCS/tivac_EK-TM4C123GXL_core/Debug\libtivac_EK-TM4C123GXL_core.a(wiring.o)
 .ARM.attributes
                0x00000156       0x39 C:/Users/Andres/Documents/GitHub/Shank2.0/Programacion/CCS/tivac_EK-TM4C123GXL_core/Debug\libtivac_EK-TM4C123GXL_core.a(wiring_digital.o)
 .ARM.attributes
                0x0000018f       0x39 C:/Users/Andres/Documents/GitHub/Shank2.0/Programacion/CCS/tivac_EK-TM4C123GXL_core/Debug\libtivac_EK-TM4C123GXL_core.a(HardwareSerial.o)
 .ARM.attributes
                0x000001c8       0x39 C:/Users/Andres/Documents/GitHub/Shank2.0/Programacion/CCS/tivac_EK-TM4C123GXL_core/Debug\libtivac_EK-TM4C123GXL_core.a(main.o)
 .ARM.attributes
                0x00000201       0x39 C:/Users/Andres/Documents/GitHub/Shank2.0/Programacion/CCS/tivac_EK-TM4C123GXL_core/Debug\libtivac_EK-TM4C123GXL_core.a(Print.o)
 .ARM.attributes
                0x0000023a       0x3b C:/Users/Andres/AppData/Local/Energia15/packages/energia/hardware/tivac/1.0.3/system/driverlib\libdriverlib.a(eeprom.o)
 .ARM.attributes
                0x00000275       0x3b C:/Users/Andres/AppData/Local/Energia15/packages/energia/hardware/tivac/1.0.3/system/driverlib\libdriverlib.a(gpio.o)
 .ARM.attributes
                0x000002b0       0x3b C:/Users/Andres/AppData/Local/Energia15/packages/energia/hardware/tivac/1.0.3/system/driverlib\libdriverlib.a(i2c.o)
 .ARM.attributes
                0x000002eb       0x3b C:/Users/Andres/AppData/Local/Energia15/packages/energia/hardware/tivac/1.0.3/system/driverlib\libdriverlib.a(sysctl.o)
 .ARM.attributes
                0x00000326       0x34 c:/users/andres/appdata/local/energia15/packages/energia/tools/arm-none-eabi-gcc/6.3.1-20170620/bin/../lib/gcc/arm-none-eabi/6.3.1/../../../../arm-none-eabi/lib/thumb/v7e-m/fpv4-sp/hard\libc_nano.a(lib_a-impure.o)
 .ARM.attributes
                0x0000035a       0x34 c:/users/andres/appdata/local/energia15/packages/energia/tools/arm-none-eabi-gcc/6.3.1-20170620/bin/../lib/gcc/arm-none-eabi/6.3.1/../../../../arm-none-eabi/lib/thumb/v7e-m/fpv4-sp/hard\libc_nano.a(lib_a-malloc.o)
 .ARM.attributes
                0x0000038e       0x34 c:/users/andres/appdata/local/energia15/packages/energia/tools/arm-none-eabi-gcc/6.3.1-20170620/bin/../lib/gcc/arm-none-eabi/6.3.1/../../../../arm-none-eabi/lib/thumb/v7e-m/fpv4-sp/hard\libc_nano.a(lib_a-nano-freer.o)
 .ARM.attributes
                0x000003c2       0x34 c:/users/andres/appdata/local/energia15/packages/energia/tools/arm-none-eabi-gcc/6.3.1-20170620/bin/../lib/gcc/arm-none-eabi/6.3.1/../../../../arm-none-eabi/lib/thumb/v7e-m/fpv4-sp/hard\libc_nano.a(lib_a-nano-mallocr.o)
 .ARM.attributes
                0x000003f6       0x34 c:/users/andres/appdata/local/energia15/packages/energia/tools/arm-none-eabi-gcc/6.3.1-20170620/bin/../lib/gcc/arm-none-eabi/6.3.1/../../../../arm-none-eabi/lib/thumb/v7e-m/fpv4-sp/hard\libc_nano.a(lib_a-sbrkr.o)
 .ARM.attributes
                0x0000042a       0x34 c:/users/andres/appdata/local/energia15/packages/energia/tools/arm-none-eabi-gcc/6.3.1-20170620/bin/../lib/gcc/arm-none-eabi/6.3.1/../../../../arm-none-eabi/lib/thumb/v7e-m/fpv4-sp/hard\libc_nano.a(lib_a-mlock.o)
 .ARM.attributes
                0x0000045e       0x34 c:/users/andres/appdata/local/energia15/packages/energia/tools/arm-none-eabi-gcc/6.3.1-20170620/bin/../lib/gcc/arm-none-eabi/6.3.1/../../../../arm-none-eabi/lib/thumb/v7e-m/fpv4-sp/hard\libc_nano.a(lib_a-reent.o)
 .ARM.attributes
                0x00000492       0x22 c:/users/andres/appdata/local/energia15/packages/energia/tools/arm-none-eabi-gcc/6.3.1-20170620/bin/../lib/gcc/arm-none-eabi/6.3.1/thumb/v7e-m/fpv4-sp/hard\libgcc.a(_arm_addsubdf3.o)
 .ARM.attributes
                0x000004b4       0x22 c:/users/andres/appdata/local/energia15/packages/energia/tools/arm-none-eabi-gcc/6.3.1-20170620/bin/../lib/gcc/arm-none-eabi/6.3.1/thumb/v7e-m/fpv4-sp/hard\libgcc.a(_arm_muldivdf3.o)
 .ARM.attributes
                0x000004d6       0x22 c:/users/andres/appdata/local/energia15/packages/energia/tools/arm-none-eabi-gcc/6.3.1-20170620/bin/../lib/gcc/arm-none-eabi/6.3.1/thumb/v7e-m/fpv4-sp/hard\libgcc.a(_arm_cmpdf2.o)
 .ARM.attributes
                0x000004f8       0x22 c:/users/andres/appdata/local/energia15/packages/energia/tools/arm-none-eabi-gcc/6.3.1-20170620/bin/../lib/gcc/arm-none-eabi/6.3.1/thumb/v7e-m/fpv4-sp/hard\libgcc.a(_arm_fixunsdfsi.o)

.debug_frame    0x00000000     0x1304
 .debug_frame   0x00000000       0xcc ./gyro.o
 .debug_frame   0x000000cc       0xe4 C:/Users/Andres/Documents/GitHub/Shank2.0/Programacion/CCS/tivac_EK-TM4C123GXL_L3G/Debug\libtivac_EK-TM4C123GXL_L3G.a(L3G.o)
 .debug_frame   0x000001b0      0x300 C:/Users/Andres/Documents/GitHub/Shank2.0/Programacion/CCS/tivac_EK-TM4C123GXL_Wire/Debug\libtivac_EK-TM4C123GXL_Wire.a(Wire.o)
 .debug_frame   0x000004b0      0x1b0 C:/Users/Andres/Documents/GitHub/Shank2.0/Programacion/CCS/tivac_EK-TM4C123GXL_core/Debug\libtivac_EK-TM4C123GXL_core.a(startup_gcc.o)
 .debug_frame   0x00000660      0x164 C:/Users/Andres/Documents/GitHub/Shank2.0/Programacion/CCS/tivac_EK-TM4C123GXL_core/Debug\libtivac_EK-TM4C123GXL_core.a(WInterrupts.o)
 .debug_frame   0x000007c4      0x13c C:/Users/Andres/Documents/GitHub/Shank2.0/Programacion/CCS/tivac_EK-TM4C123GXL_core/Debug\libtivac_EK-TM4C123GXL_core.a(wiring.o)
 .debug_frame   0x00000900       0x74 C:/Users/Andres/Documents/GitHub/Shank2.0/Programacion/CCS/tivac_EK-TM4C123GXL_core/Debug\libtivac_EK-TM4C123GXL_core.a(wiring_digital.o)
 .debug_frame   0x00000974      0x308 C:/Users/Andres/Documents/GitHub/Shank2.0/Programacion/CCS/tivac_EK-TM4C123GXL_core/Debug\libtivac_EK-TM4C123GXL_core.a(HardwareSerial.o)
 .debug_frame   0x00000c7c       0x48 C:/Users/Andres/Documents/GitHub/Shank2.0/Programacion/CCS/tivac_EK-TM4C123GXL_core/Debug\libtivac_EK-TM4C123GXL_core.a(main.o)
 .debug_frame   0x00000cc4      0x310 C:/Users/Andres/Documents/GitHub/Shank2.0/Programacion/CCS/tivac_EK-TM4C123GXL_core/Debug\libtivac_EK-TM4C123GXL_core.a(Print.o)
 .debug_frame   0x00000fd4       0x30 c:/users/andres/appdata/local/energia15/packages/energia/tools/arm-none-eabi-gcc/6.3.1-20170620/bin/../lib/gcc/arm-none-eabi/6.3.1/../../../../arm-none-eabi/lib/thumb/v7e-m/fpv4-sp/hard\libc_nano.a(lib_a-malloc.o)
 .debug_frame   0x00001004       0x38 c:/users/andres/appdata/local/energia15/packages/energia/tools/arm-none-eabi-gcc/6.3.1-20170620/bin/../lib/gcc/arm-none-eabi/6.3.1/../../../../arm-none-eabi/lib/thumb/v7e-m/fpv4-sp/hard\libc_nano.a(lib_a-nano-freer.o)
 .debug_frame   0x0000103c       0x2c c:/users/andres/appdata/local/energia15/packages/energia/tools/arm-none-eabi-gcc/6.3.1-20170620/bin/../lib/gcc/arm-none-eabi/6.3.1/../../../../arm-none-eabi/lib/thumb/v7e-m/fpv4-sp/hard\libc_nano.a(lib_a-nano-mallocr.o)
 .debug_frame   0x00001068       0x2c c:/users/andres/appdata/local/energia15/packages/energia/tools/arm-none-eabi-gcc/6.3.1-20170620/bin/../lib/gcc/arm-none-eabi/6.3.1/../../../../arm-none-eabi/lib/thumb/v7e-m/fpv4-sp/hard\libc_nano.a(lib_a-sbrkr.o)
 .debug_frame   0x00001094       0x30 c:/users/andres/appdata/local/energia15/packages/energia/tools/arm-none-eabi-gcc/6.3.1-20170620/bin/../lib/gcc/arm-none-eabi/6.3.1/../../../../arm-none-eabi/lib/thumb/v7e-m/fpv4-sp/hard\libc_nano.a(lib_a-mlock.o)
 .debug_frame   0x000010c4       0x5c c:/users/andres/appdata/local/energia15/packages/energia/tools/arm-none-eabi-gcc/6.3.1-20170620/bin/../lib/gcc/arm-none-eabi/6.3.1/../../../../arm-none-eabi/lib/thumb/v7e-m/fpv4-sp/hard\libc_nano.a(lib_a-reent.o)
 .debug_frame   0x00001120       0xac c:/users/andres/appdata/local/energia15/packages/energia/tools/arm-none-eabi-gcc/6.3.1-20170620/bin/../lib/gcc/arm-none-eabi/6.3.1/thumb/v7e-m/fpv4-sp/hard\libgcc.a(_arm_addsubdf3.o)
 .debug_frame   0x000011cc       0x50 c:/users/andres/appdata/local/energia15/packages/energia/tools/arm-none-eabi-gcc/6.3.1-20170620/bin/../lib/gcc/arm-none-eabi/6.3.1/thumb/v7e-m/fpv4-sp/hard\libgcc.a(_arm_muldivdf3.o)
 .debug_frame   0x0000121c       0xc4 c:/users/andres/appdata/local/energia15/packages/energia/tools/arm-none-eabi-gcc/6.3.1-20170620/bin/../lib/gcc/arm-none-eabi/6.3.1/thumb/v7e-m/fpv4-sp/hard\libgcc.a(_arm_cmpdf2.o)
 .debug_frame   0x000012e0       0x24 c:/users/andres/appdata/local/energia15/packages/energia/tools/arm-none-eabi-gcc/6.3.1-20170620/bin/../lib/gcc/arm-none-eabi/6.3.1/thumb/v7e-m/fpv4-sp/hard\libgcc.a(_arm_fixunsdfsi.o)
